Archive member included to satisfy reference by file (symbol)

c:/devkitpro/devkitarm/bin/../lib/gcc/arm-none-eabi/6.3.0/thumb\libgcc.a(_divsi3.o)
                              gba_math.o (__aeabi_idiv)
c:/devkitpro/devkitarm/bin/../lib/gcc/arm-none-eabi/6.3.0/thumb\libgcc.a(_dvmd_tls.o)
                              c:/devkitpro/devkitarm/bin/../lib/gcc/arm-none-eabi/6.3.0/thumb\libgcc.a(_divsi3.o) (__aeabi_idiv0)
c:/devkitpro/devkitarm/bin/../lib/gcc/arm-none-eabi/6.3.0/thumb\libgcc.a(_arm_addsubsf3.o)
                              gba_math.o (__aeabi_i2f)
c:/devkitpro/devkitarm/bin/../lib/gcc/arm-none-eabi/6.3.0/thumb\libgcc.a(_arm_muldivsf3.o)
                              gba_math.o (__aeabi_fmul)
c:/devkitpro/devkitarm/bin/../lib/gcc/arm-none-eabi/6.3.0/thumb\libgcc.a(_arm_fixsfsi.o)
                              gba_math.o (__aeabi_f2iz)
c:/devkitpro/devkitarm/bin/../lib/gcc/arm-none-eabi/6.3.0/../../../../arm-none-eabi/lib/thumb\libg.a(lib_a-init.o)
                              c:/devkitpro/devkitarm/bin/../lib/gcc/arm-none-eabi/6.3.0/../../../../arm-none-eabi/lib/thumb/gba_crt0.o (__libc_init_array)
c:/devkitpro/devkitarm/bin/../lib/gcc/arm-none-eabi/6.3.0/../../../../arm-none-eabi/lib/thumb\libg.a(lib_a-memcpy-stub.o)
                              DM_SpriteManager.o (memcpy)
c:/devkitpro/devkitarm/bin/../lib/gcc/arm-none-eabi/6.3.0/../../../../arm-none-eabi/lib/thumb\libg.a(lib_a-memset.o)
                              main.o (memset)
c:/devkitpro/devkitarm/bin/../lib/gcc/arm-none-eabi/6.3.0/../../../../arm-none-eabi/lib/thumb\libsysbase.a(malloc_vars.o)
                              c:/devkitpro/devkitarm/bin/../lib/gcc/arm-none-eabi/6.3.0/../../../../arm-none-eabi/lib/thumb/gba_crt0.o (fake_heap_end)

Discarded input sections

 .text          0x00000000        0x0 c:/devkitpro/devkitarm/bin/../lib/gcc/arm-none-eabi/6.3.0/../../../../arm-none-eabi/lib/thumb/gba_crt0.o
 .data          0x00000000        0x0 c:/devkitpro/devkitarm/bin/../lib/gcc/arm-none-eabi/6.3.0/../../../../arm-none-eabi/lib/thumb/gba_crt0.o
 .bss           0x00000000        0x0 c:/devkitpro/devkitarm/bin/../lib/gcc/arm-none-eabi/6.3.0/../../../../arm-none-eabi/lib/thumb/gba_crt0.o
 .text          0x00000000        0x0 c:/devkitpro/devkitarm/bin/../lib/gcc/arm-none-eabi/6.3.0/thumb/crti.o
 .data          0x00000000        0x0 c:/devkitpro/devkitarm/bin/../lib/gcc/arm-none-eabi/6.3.0/thumb/crti.o
 .bss           0x00000000        0x0 c:/devkitpro/devkitarm/bin/../lib/gcc/arm-none-eabi/6.3.0/thumb/crti.o
 .text          0x00000000        0x0 c:/devkitpro/devkitarm/bin/../lib/gcc/arm-none-eabi/6.3.0/thumb/crtbegin.o
 .data          0x00000000        0x0 c:/devkitpro/devkitarm/bin/../lib/gcc/arm-none-eabi/6.3.0/thumb/crtbegin.o
 .bss           0x00000000        0x0 c:/devkitpro/devkitarm/bin/../lib/gcc/arm-none-eabi/6.3.0/thumb/crtbegin.o
 .data.__dso_handle
                0x00000000        0x4 c:/devkitpro/devkitarm/bin/../lib/gcc/arm-none-eabi/6.3.0/thumb/crtbegin.o
 .text          0x00000000        0x0 DM_AIManager.o
 .data          0x00000000        0x0 DM_AIManager.o
 .bss           0x00000000        0x0 DM_AIManager.o
 .data          0x00000000        0x0 DM_MarioManager.o
 .bss           0x00000000        0x0 DM_MarioManager.o
 .data          0x00000000        0x0 DM_SpriteManager.o
 .bss           0x00000000        0x0 DM_SpriteManager.o
 .data          0x00000000       0x28 DM_TileManager.o
 .bss           0x00000000        0x2 DM_TileManager.o
 .group         0x00000000        0x8 main.o
 .group         0x00000000        0x8 main.o
 .group         0x00000000        0x8 main.o
 .group         0x00000000        0x8 main.o
 .group         0x00000000        0x8 main.o
 .group         0x00000000        0x8 main.o
 .data          0x00000000        0x0 main.o
 .bss           0x00000000        0x0 main.o
 .text          0x00000000        0x0 Mario_Small.o
 .data          0x00000000        0x0 Mario_Small.o
 .bss           0x00000000        0x0 Mario_Small.o
 .text          0x00000000        0x0 Mario_Tall.o
 .data          0x00000000        0x0 Mario_Tall.o
 .bss           0x00000000        0x0 Mario_Tall.o
 .text          0x00000000        0x0 TileLookUp.o
 .data          0x00000000        0x0 TileLookUp.o
 .bss           0x00000000        0x0 TileLookUp.o
 .rodata        0x00000000      0x918 TileLookUp.o
 .bss           0x00000000        0x0 gab_mathUtil.o
 .text          0x00000000      0x222 gba_drawing.o
 .data          0x00000000        0x0 gba_drawing.o
 .bss           0x00000000        0x0 gba_drawing.o
 .bss           0x00000000      0x400 gba_gfx.o
 .rodata        0x00000000        0x4 gba_gfx.o
 .text          0x00000000        0x0 gba_input.o
 .data          0x00000000        0x0 gba_input.o
 .data          0x00000000        0x0 gba_math.o
 .bss           0x00000000        0x0 gba_math.o
 .text          0x00000000        0x0 particles.o
 .data          0x00000000        0x0 particles.o
 .bss           0x00000000        0x0 particles.o
 .rodata        0x00000000      0x220 particles.o
 .text          0x00000000        0x0 rocket4bpp.o
 .data          0x00000000        0x0 rocket4bpp.o
 .bss           0x00000000        0x0 rocket4bpp.o
 .rodata        0x00000000      0x420 rocket4bpp.o
 .text          0x00000000        0x0 sinlut.o
 .data          0x00000000        0x0 sinlut.o
 .bss           0x00000000        0x0 sinlut.o
 .data          0x00000000        0x0 c:/devkitpro/devkitarm/bin/../lib/gcc/arm-none-eabi/6.3.0/thumb\libgcc.a(_divsi3.o)
 .bss           0x00000000        0x0 c:/devkitpro/devkitarm/bin/../lib/gcc/arm-none-eabi/6.3.0/thumb\libgcc.a(_divsi3.o)
 .data          0x00000000        0x0 c:/devkitpro/devkitarm/bin/../lib/gcc/arm-none-eabi/6.3.0/thumb\libgcc.a(_dvmd_tls.o)
 .bss           0x00000000        0x0 c:/devkitpro/devkitarm/bin/../lib/gcc/arm-none-eabi/6.3.0/thumb\libgcc.a(_dvmd_tls.o)
 .data          0x00000000        0x0 c:/devkitpro/devkitarm/bin/../lib/gcc/arm-none-eabi/6.3.0/thumb\libgcc.a(_arm_addsubsf3.o)
 .bss           0x00000000        0x0 c:/devkitpro/devkitarm/bin/../lib/gcc/arm-none-eabi/6.3.0/thumb\libgcc.a(_arm_addsubsf3.o)
 .data          0x00000000        0x0 c:/devkitpro/devkitarm/bin/../lib/gcc/arm-none-eabi/6.3.0/thumb\libgcc.a(_arm_muldivsf3.o)
 .bss           0x00000000        0x0 c:/devkitpro/devkitarm/bin/../lib/gcc/arm-none-eabi/6.3.0/thumb\libgcc.a(_arm_muldivsf3.o)
 .data          0x00000000        0x0 c:/devkitpro/devkitarm/bin/../lib/gcc/arm-none-eabi/6.3.0/thumb\libgcc.a(_arm_fixsfsi.o)
 .bss           0x00000000        0x0 c:/devkitpro/devkitarm/bin/../lib/gcc/arm-none-eabi/6.3.0/thumb\libgcc.a(_arm_fixsfsi.o)
 .text          0x00000000        0x0 c:/devkitpro/devkitarm/bin/../lib/gcc/arm-none-eabi/6.3.0/../../../../arm-none-eabi/lib/thumb\libg.a(lib_a-init.o)
 .data          0x00000000        0x0 c:/devkitpro/devkitarm/bin/../lib/gcc/arm-none-eabi/6.3.0/../../../../arm-none-eabi/lib/thumb\libg.a(lib_a-init.o)
 .bss           0x00000000        0x0 c:/devkitpro/devkitarm/bin/../lib/gcc/arm-none-eabi/6.3.0/../../../../arm-none-eabi/lib/thumb\libg.a(lib_a-init.o)
 .text          0x00000000        0x0 c:/devkitpro/devkitarm/bin/../lib/gcc/arm-none-eabi/6.3.0/../../../../arm-none-eabi/lib/thumb\libg.a(lib_a-memcpy-stub.o)
 .data          0x00000000        0x0 c:/devkitpro/devkitarm/bin/../lib/gcc/arm-none-eabi/6.3.0/../../../../arm-none-eabi/lib/thumb\libg.a(lib_a-memcpy-stub.o)
 .bss           0x00000000        0x0 c:/devkitpro/devkitarm/bin/../lib/gcc/arm-none-eabi/6.3.0/../../../../arm-none-eabi/lib/thumb\libg.a(lib_a-memcpy-stub.o)
 .text          0x00000000        0x0 c:/devkitpro/devkitarm/bin/../lib/gcc/arm-none-eabi/6.3.0/../../../../arm-none-eabi/lib/thumb\libg.a(lib_a-memset.o)
 .data          0x00000000        0x0 c:/devkitpro/devkitarm/bin/../lib/gcc/arm-none-eabi/6.3.0/../../../../arm-none-eabi/lib/thumb\libg.a(lib_a-memset.o)
 .bss           0x00000000        0x0 c:/devkitpro/devkitarm/bin/../lib/gcc/arm-none-eabi/6.3.0/../../../../arm-none-eabi/lib/thumb\libg.a(lib_a-memset.o)
 .text          0x00000000        0x0 c:/devkitpro/devkitarm/bin/../lib/gcc/arm-none-eabi/6.3.0/../../../../arm-none-eabi/lib/thumb\libsysbase.a(malloc_vars.o)
 .data          0x00000000        0x0 c:/devkitpro/devkitarm/bin/../lib/gcc/arm-none-eabi/6.3.0/../../../../arm-none-eabi/lib/thumb\libsysbase.a(malloc_vars.o)
 .bss           0x00000000        0x0 c:/devkitpro/devkitarm/bin/../lib/gcc/arm-none-eabi/6.3.0/../../../../arm-none-eabi/lib/thumb\libsysbase.a(malloc_vars.o)
 .bss.fake_heap_start
                0x00000000        0x4 c:/devkitpro/devkitarm/bin/../lib/gcc/arm-none-eabi/6.3.0/../../../../arm-none-eabi/lib/thumb\libsysbase.a(malloc_vars.o)
 .text          0x00000000        0x0 c:/devkitpro/devkitarm/bin/../lib/gcc/arm-none-eabi/6.3.0/thumb/crtend.o
 .data          0x00000000        0x0 c:/devkitpro/devkitarm/bin/../lib/gcc/arm-none-eabi/6.3.0/thumb/crtend.o
 .bss           0x00000000        0x0 c:/devkitpro/devkitarm/bin/../lib/gcc/arm-none-eabi/6.3.0/thumb/crtend.o
 .text          0x00000000        0x0 c:/devkitpro/devkitarm/bin/../lib/gcc/arm-none-eabi/6.3.0/thumb/crtn.o
 .data          0x00000000        0x0 c:/devkitpro/devkitarm/bin/../lib/gcc/arm-none-eabi/6.3.0/thumb/crtn.o
 .bss           0x00000000        0x0 c:/devkitpro/devkitarm/bin/../lib/gcc/arm-none-eabi/6.3.0/thumb/crtn.o

Memory Configuration

Name             Origin             Length             Attributes
rom              0x08000000         0x02000000
iwram            0x03000000         0x00008000
ewram            0x02000000         0x00040000
*default*        0x00000000         0xffffffff

Linker script and memory map

                0x08000000                __text_start = ORIGIN (rom)
                0x02040000                __eheap_end = (ORIGIN (ewram) + LENGTH (ewram))
                0x03000000                __iwram_start = ORIGIN (iwram)
                0x03008000                __iwram_top = (ORIGIN (iwram) + LENGTH (iwram))
                0x03007fa0                __sp_irq = (__iwram_top - 0x60)
                0x03007f00                __sp_usr = (__sp_irq - 0xa0)
                0x03007ff8                __irq_flags = 0x3007ff8
                0x08000000                . = __text_start

.crt0           0x08000000      0x210
 *(.crt0)
 .crt0          0x08000000      0x210 c:/devkitpro/devkitarm/bin/../lib/gcc/arm-none-eabi/6.3.0/../../../../arm-none-eabi/lib/thumb/gba_crt0.o
                0x08000000                _start
                0x080000c4                __boot_method
                0x080000c5                __slave_number
                0x080000e0                start_vector
                0x08000210                . = ALIGN (0x4)

.init           0x08000210        0xc
 *(SORT(.init))
 .init          0x08000210        0x4 c:/devkitpro/devkitarm/bin/../lib/gcc/arm-none-eabi/6.3.0/thumb/crti.o
                0x08000210                _init
 .init          0x08000214        0x8 c:/devkitpro/devkitarm/bin/../lib/gcc/arm-none-eabi/6.3.0/thumb/crtn.o

.plt            0x0800021c        0x0
 *(.plt)
                0x0800021c                . = ALIGN (0x4)

.text           0x08000220     0x2cf0
 *(EXCLUDE_FILE(*.iwram*) .text)
 .text          0x08000220      0x6dc DM_MarioManager.o
                0x08000220                MarioManager::CreateMario(SpriteManager&)
                0x080002b0                MarioManager::TransformMario(long, SpriteManager&)
                0x080003bc                MarioManager::MoveMario(long, long, SpriteManager&)
                0x08000436                tile_lookup(unsigned long, unsigned long, unsigned long, unsigned long, unsigned short*, unsigned long, unsigned long)
                0x080004a6                MarioManager::UpdateMario(SpriteManager&)
                0x08000820                MarioManager::ShootFireBall(SpriteManager&)
                0x08000836                MarioManager::InitFireBall(SpriteManager&)
 .text          0x080008fc      0x3ec DM_ParticleManager.o
                0x080008fc                ParticleManager::InitArray(SpriteManager&)
                0x080009f8                ParticleManager::DeleteArray(SpriteManager&)
                0x08000a40                ParticleManager::InitParticle(Particle&)
                0x08000a78                ParticleManager::EmitParticle(Particle&)
                0x08000ad6                ParticleManager::UpdateParticle(Particle&)
                0x08000ba8                ParticleManager::UpdateParticleArray(SpriteManager&)
                0x08000c70                ParticleManager::SetEmitterPos(long, long)
 .text          0x08000ce8      0x66c DM_SpriteManager.o
                0x08000ce8                SpriteManager::CreateSprite(unsigned short*, unsigned short*, long, long, long)
                0x08000e22                SpriteManager::DeleteSprite(long)
                0x08000e70                SpriteManager::LoadTiles(unsigned short*, unsigned short*, long, long, long)
                0x08000eb4                SpriteManager::InitialiseArray()
                0x08000f50                SpriteManager::SetHFlip(bool, long)
                0x08000fd0                SpriteManager::SetVFlip(bool, long)
                0x08001050                SpriteManager::SetFrame(long, long)
                0x080010cc                SpriteManager::MoveSprite(short, short, long)
                0x0800117e                SpriteManager::setSpriteAttr0(unsigned short, unsigned char, unsigned char, unsigned char, unsigned char, unsigned char)
                0x08001238                SpriteManager::setSpriteAttr1(unsigned short, unsigned char, unsigned char, unsigned char, unsigned char)
                0x080012e0                SpriteManager::setSpriteAttr2(unsigned long, unsigned long, unsigned long)
                0x0800133e                SpriteManager::UpdateSprites()
 .text          0x08001354      0x3ec DM_TileManager.o
                0x08001354                TileManager::SetupBG(long, long)
                0x08001424                TileManager::SetPos(long, long)
                0x080014c4                TileManager::ScrollBackGround()
                0x08001594                TileManager::AddRow(long, long)
                0x08001698                TileManager::AddCol(long, long)
 .text          0x08001740      0x41c main.o
                0x08001740                setBG_Control_Register(unsigned char, unsigned char, unsigned char, unsigned char, unsigned char, unsigned char, unsigned char)
                0x08001828                main
 .text          0x08001b5c       0xd4 gab_mathUtil.o
                0x08001b5c                sqran
                0x08001b84                qran
                0x08001bb8                qran_range
                0x08001be2                sign
                0x08001c0a                abs
 .text          0x08001c30      0x658 gba_gfx.o
                0x08001c30                vsync
                0x08001c60                page_flip
                0x08001c98                tile_block_address
                0x08001cb8                tileMap_block_address
                0x08001cd8                sprite_tile_block_address
                0x08001d00                setBG_Control_Register
                0x08001dfc                palette__bg_block_address
                0x08001e1c                palette_sp_block_address
                0x08001e40                SetAttrib0
                0x08001f02                SetAttrib1
                0x08001f6a                SetAttrib1AffineIndex
                0x08001fbc                SetAttrib2
                0x08002024                SetObjectPosition
                0x08002094                obj_hide
                0x080020d0                obj_unhide
                0x08002120                oam_init
                0x08002186                oam_copy
                0x080021d8                obj_aff_identity
                0x0800220c                obj_aff_rotscale
 .text          0x08002288      0x180 gba_math.o
                0x08002288                int2fix
                0x080022a0                float2fix
                0x080022c8                fix2uint
                0x080022e0                fix2ufrac
                0x080022fa                fix2int
                0x08002318                fix2float
                0x08002340                fixAdd
                0x0800235c                fixSub
                0x08002378                fixMul
                0x08002396                fixDiv
                0x080023ba                lu_sin
                0x080023e0                lu_cos
 .text          0x08002408      0x150 c:/devkitpro/devkitarm/bin/../lib/gcc/arm-none-eabi/6.3.0/thumb\libgcc.a(_divsi3.o)
                0x08002408                __divsi3
                0x08002408                __aeabi_idiv
                0x08002538                __aeabi_idivmod
 .text          0x08002558        0x4 c:/devkitpro/devkitarm/bin/../lib/gcc/arm-none-eabi/6.3.0/thumb\libgcc.a(_dvmd_tls.o)
                0x08002558                __aeabi_idiv0
                0x08002558                __aeabi_ldiv0
 .text          0x0800255c      0x2ac c:/devkitpro/devkitarm/bin/../lib/gcc/arm-none-eabi/6.3.0/thumb\libgcc.a(_arm_addsubsf3.o)
                0x0800255c                __aeabi_frsub
                0x08002564                __subsf3
                0x08002564                __aeabi_fsub
                0x08002568                __aeabi_fadd
                0x08002568                __addsf3
                0x08002724                __aeabi_ui2f
                0x08002724                __floatunsisf
                0x0800272c                __aeabi_i2f
                0x0800272c                __floatsisf
                0x0800274c                __aeabi_ul2f
                0x0800274c                __floatundisf
                0x0800275c                __aeabi_l2f
                0x0800275c                __floatdisf
 .text          0x08002808      0x2f8 c:/devkitpro/devkitarm/bin/../lib/gcc/arm-none-eabi/6.3.0/thumb\libgcc.a(_arm_muldivsf3.o)
                0x08002808                __mulsf3
                0x08002808                __aeabi_fmul
                0x080029a0                __aeabi_fdiv
                0x080029a0                __divsf3
 .text          0x08002b00       0x5c c:/devkitpro/devkitarm/bin/../lib/gcc/arm-none-eabi/6.3.0/thumb\libgcc.a(_arm_fixsfsi.o)
                0x08002b00                __aeabi_f2iz
                0x08002b00                __fixsfsi
 *(.text .stub .text.* .gnu.linkonce.t.*)
 .text.deregister_tm_clones
                0x08002b5c       0x30 c:/devkitpro/devkitarm/bin/../lib/gcc/arm-none-eabi/6.3.0/thumb/crtbegin.o
 .text.register_tm_clones
                0x08002b8c       0x34 c:/devkitpro/devkitarm/bin/../lib/gcc/arm-none-eabi/6.3.0/thumb/crtbegin.o
 .text.__do_global_dtors_aux
                0x08002bc0       0x30 c:/devkitpro/devkitarm/bin/../lib/gcc/arm-none-eabi/6.3.0/thumb/crtbegin.o
 .text.frame_dummy
                0x08002bf0       0x48 c:/devkitpro/devkitarm/bin/../lib/gcc/arm-none-eabi/6.3.0/thumb/crtbegin.o
 .text.PollKeys
                0x08002c38       0x3c main.o
                0x08002c38                PollKeys
 .text.keyDown  0x08002c74       0x24 main.o
                0x08002c74                keyDown
 .text._ZN13SpriteManagerC2Ev
                0x08002c98       0x26 main.o
                0x08002c98                SpriteManager::SpriteManager()
                0x08002c98                SpriteManager::SpriteManager()
 .text._ZN15ParticleManagerC2Ev
                0x08002cbe       0x1c main.o
                0x08002cbe                ParticleManager::ParticleManager()
                0x08002cbe                ParticleManager::ParticleManager()
 .text._ZN8FireballC2Ev
                0x08002cda       0x1c main.o
                0x08002cda                Fireball::Fireball()
                0x08002cda                Fireball::Fireball()
 .text._ZN12MarioManagerC2Ev
                0x08002cf6       0x60 main.o
                0x08002cf6                MarioManager::MarioManager()
                0x08002cf6                MarioManager::MarioManager()
 *fill*         0x08002d56        0x2 ff
 .text.__libc_init_array
                0x08002d58       0x58 c:/devkitpro/devkitarm/bin/../lib/gcc/arm-none-eabi/6.3.0/../../../../arm-none-eabi/lib/thumb\libg.a(lib_a-init.o)
                0x08002d58                __libc_init_array
 .text.memcpy   0x08002db0       0x88 c:/devkitpro/devkitarm/bin/../lib/gcc/arm-none-eabi/6.3.0/../../../../arm-none-eabi/lib/thumb\libg.a(lib_a-memcpy-stub.o)
                0x08002db0                memcpy
 .text.memset   0x08002e38       0x9c c:/devkitpro/devkitarm/bin/../lib/gcc/arm-none-eabi/6.3.0/../../../../arm-none-eabi/lib/thumb\libg.a(lib_a-memset.o)
                0x08002e38                memset
 *fill*         0x08002ed4        0x4 ff
 .text.memset.__stub
                0x08002ed8       0x34 linker stubs
 *(.text.*personality*)
 *(.gnu.warning)
 *(.glue_7t)
 .glue_7t       0x08002f10        0x0 linker stubs
 *(.glue_7)
 .glue_7        0x08002f10        0x0 linker stubs
 *(.vfp11_veneer)
 .vfp11_veneer  0x08002f10        0x0 linker stubs
                0x08002f10                . = ALIGN (0x4)
                0x08002f10                __text_end = .

.v4_bx          0x08002f10        0x0
 .v4_bx         0x08002f10        0x0 linker stubs

.iplt           0x08002f10        0x0
 .iplt          0x08002f10        0x0 c:/devkitpro/devkitarm/bin/../lib/gcc/arm-none-eabi/6.3.0/../../../../arm-none-eabi/lib/thumb/gba_crt0.o

.fini           0x08002f10        0xc
 *(.fini)
 .fini          0x08002f10        0x4 c:/devkitpro/devkitarm/bin/../lib/gcc/arm-none-eabi/6.3.0/thumb/crti.o
                0x08002f10                _fini
 .fini          0x08002f14        0x8 c:/devkitpro/devkitarm/bin/../lib/gcc/arm-none-eabi/6.3.0/thumb/crtn.o
                0x08002f1c                . = ALIGN (0x4)

.rodata         0x08002f1c    0x1d398
 *(.rodata)
 .rodata        0x08002f1c     0xd400 DM_MarioManager.o
 .rodata        0x0801031c     0xef80 DM_TileManager.o
 .rodata        0x0801f29c      0x40c Mario_Small.o
                0x0801f29c                Mario_SmallTiles
                0x0801f69c                Mario_SmallPal
 .rodata        0x0801f6a8      0x80c Mario_Tall.o
                0x0801f6a8                Mario_TallTiles
                0x0801fea8                Mario_TallPal
 .rodata        0x0801feb4      0x400 sinlut.o
                0x0801feb4                sin_lut
 *all.rodata*(*)
 *(.roda)
 *(.rodata.*)
 *(.gnu.linkonce.r*)
                0x080202b4                . = ALIGN (0x4)

.ARM.extab
 *(.ARM.extab* .gnu.linkonce.armextab.*)
                0x080202b4                __exidx_start = .

.ARM.exidx
 *(.ARM.exidx* .gnu.linkonce.armexidx.*)
                0x080202b4                __exidx_end = .

.ctors          0x080202b4        0x0
 *crtbegin.o(.ctors)
 *(EXCLUDE_FILE(*crtend.o) .ctors)
 *(SORT(.ctors.*))
 *(.ctors)
                0x080202b4                . = ALIGN (0x4)

.dtors          0x080202b4        0x0
 *crtbegin.o(.dtors)
 *(EXCLUDE_FILE(*crtend.o) .dtors)
 *(SORT(.dtors.*))
 *(.dtors)
                0x080202b4                . = ALIGN (0x4)

.eh_frame       0x080202b4        0x4
 *(.eh_frame)
 .eh_frame      0x080202b4        0x0 c:/devkitpro/devkitarm/bin/../lib/gcc/arm-none-eabi/6.3.0/thumb/crtbegin.o
 .eh_frame      0x080202b4        0x4 c:/devkitpro/devkitarm/bin/../lib/gcc/arm-none-eabi/6.3.0/thumb/crtend.o
                0x080202b8                . = ALIGN (0x4)

.rel.dyn        0x080202b8        0x0
 .rel.iplt      0x080202b8        0x0 c:/devkitpro/devkitarm/bin/../lib/gcc/arm-none-eabi/6.3.0/../../../../arm-none-eabi/lib/thumb/gba_crt0.o

.gcc_except_table
                0x080202b8        0x0
 *(.gcc_except_table)
                0x080202b8                . = ALIGN (0x4)
                0x080202b8                __iwram_lma = .

.iwram          0x03000000        0x0 load address 0x080202b8
                0x03000000                __iwram_start__ = ABSOLUTE (.)
 *(.iwram)
 *iwram.*(.text)
                0x03000000                . = ALIGN (0x4)
                0x03000000                __iwram_end__ = ABSOLUTE (.)
                0x080202b8                __data_lma = (__iwram_lma + SIZEOF (.iwram))

.bss            0x03000000       0x28
                0x03000000                __bss_start = ABSOLUTE (.)
                0x03000000                __bss_start__ = ABSOLUTE (.)
 *(.dynbss)
 *(.gnu.linkonce.b*)
 *(.bss*)
 .bss.completed.6497
                0x03000000        0x1 c:/devkitpro/devkitarm/bin/../lib/gcc/arm-none-eabi/6.3.0/thumb/crtbegin.o
 *fill*         0x03000001        0x3 
 .bss.object.6502
                0x03000004       0x18 c:/devkitpro/devkitarm/bin/../lib/gcc/arm-none-eabi/6.3.0/thumb/crtbegin.o
 .bss           0x0300001c        0x4 DM_ParticleManager.o
                0x0300001c                g_pixels2Meter
 .bss           0x03000020        0x4 gba_input.o
                0x03000020                __currKeys
                0x03000022                __prevKeys
 .bss.fake_heap_end
                0x03000024        0x4 c:/devkitpro/devkitarm/bin/../lib/gcc/arm-none-eabi/6.3.0/../../../../arm-none-eabi/lib/thumb\libsysbase.a(malloc_vars.o)
                0x03000024                fake_heap_end
 *(COMMON)
                0x03000028                . = ALIGN (0x4)
                0x03000028                __bss_end__ = ABSOLUTE (.)

.data           0x03000028       0x10 load address 0x080202b8
                0x03000028                __data_start__ = ABSOLUTE (.)
 *(.data)
 .data          0x03000028        0x8 DM_ParticleManager.o
                0x03000028                g_gravity
                0x0300002c                g_frameTime
 .data          0x03000030        0x4 gab_mathUtil.o
                0x03000030                __qran_seed
 .data          0x03000034        0x4 gba_gfx.o
                0x03000034                vid_page
 *(.data.*)
 *(.gnu.linkonce.d*)
                0x03000038                . = ALIGN (0x4)
                0x080202c8                __preinit_lma = (__data_lma + SIZEOF (.data))

.igot.plt       0x03000038        0x0 load address 0x080202c8
 .igot.plt      0x03000038        0x0 c:/devkitpro/devkitarm/bin/../lib/gcc/arm-none-eabi/6.3.0/../../../../arm-none-eabi/lib/thumb/gba_crt0.o

.tm_clone_table
                0x03000038        0x0 load address 0x080202c8
 .tm_clone_table
                0x03000038        0x0 c:/devkitpro/devkitarm/bin/../lib/gcc/arm-none-eabi/6.3.0/thumb/crtbegin.o
 .tm_clone_table
                0x03000038        0x0 c:/devkitpro/devkitarm/bin/../lib/gcc/arm-none-eabi/6.3.0/thumb/crtend.o

.preinit_array  0x03000038        0x0 load address 0x080202c8
                0x03000038                __preinit_array_start = ABSOLUTE (.)
 *(.preinit_array)
                0x03000038                __preinit_array_end = ABSOLUTE (.)
                0x080202c8                __init_lma = (__preinit_lma + SIZEOF (.preinit_array))

.init_array     0x03000038        0x8 load address 0x080202c8
                0x03000038                __init_array_start = ABSOLUTE (.)
 *(SORT(.init_array.*))
 *(.init_array)
 .init_array    0x03000038        0x4 c:/devkitpro/devkitarm/bin/../lib/gcc/arm-none-eabi/6.3.0/thumb/crtbegin.o
 .init_array    0x0300003c        0x4 DM_ParticleManager.o
                0x03000040                __init_array_end = ABSOLUTE (.)
                0x080202d0                __fini_lma = (__init_lma + SIZEOF (.init_array))

.fini_array     0x03000040        0x4 load address 0x080202d0
                0x03000040                __fini_array_start = ABSOLUTE (.)
 *(SORT(.fini_array.*))
 *(.fini_array)
 .fini_array    0x03000040        0x4 c:/devkitpro/devkitarm/bin/../lib/gcc/arm-none-eabi/6.3.0/thumb/crtbegin.o
                0x03000044                __fini_array_end = ABSOLUTE (.)
                0x080202d4                __jcr_lma = (__fini_lma + SIZEOF (.fini_array))

.jcr            0x03000044        0x4 load address 0x080202d4
 *(.jcr)
 .jcr           0x03000044        0x0 c:/devkitpro/devkitarm/bin/../lib/gcc/arm-none-eabi/6.3.0/thumb/crtbegin.o
 .jcr           0x03000044        0x4 c:/devkitpro/devkitarm/bin/../lib/gcc/arm-none-eabi/6.3.0/thumb/crtend.o
                0x03000048                __data_end__ = ABSOLUTE (.)
                0x080202d8                __iwram_overlay_lma = (__jcr_lma + SIZEOF (.jcr))
                0x03000048                __iwram_overlay_start = .

.iwram0         0x03000048        0x0 load address 0x080202d8
 *(.iwram0)
                0x03000048                . = ALIGN (0x4)
                0x080202d8                PROVIDE (__load_start_iwram0, LOADADDR (.iwram0))
                0x080202d8                PROVIDE (__load_stop_iwram0, (LOADADDR (.iwram0) + SIZEOF (.iwram0)))

.iwram1         0x03000048        0x0
 *(.iwram1)
                0x03000048                . = ALIGN (0x4)
                [!provide]                PROVIDE (__load_start_iwram1, LOADADDR (.iwram1))
                [!provide]                PROVIDE (__load_stop_iwram1, (LOADADDR (.iwram1) + SIZEOF (.iwram1)))

.iwram2         0x03000048        0x0
 *(.iwram2)
                0x03000048                . = ALIGN (0x4)
                [!provide]                PROVIDE (__load_start_iwram2, LOADADDR (.iwram2))
                [!provide]                PROVIDE (__load_stop_iwram2, (LOADADDR (.iwram2) + SIZEOF (.iwram2)))

.iwram3         0x03000048        0x0
 *(.iwram3)
                0x03000048                . = ALIGN (0x4)
                [!provide]                PROVIDE (__load_start_iwram3, LOADADDR (.iwram3))
                [!provide]                PROVIDE (__load_stop_iwram3, (LOADADDR (.iwram3) + SIZEOF (.iwram3)))

.iwram4         0x03000048        0x0
 *(.iwram4)
                0x03000048                . = ALIGN (0x4)
                [!provide]                PROVIDE (__load_start_iwram4, LOADADDR (.iwram4))
                [!provide]                PROVIDE (__load_stop_iwram4, (LOADADDR (.iwram4) + SIZEOF (.iwram4)))

.iwram5         0x03000048        0x0
 *(.iwram5)
                0x03000048                . = ALIGN (0x4)
                [!provide]                PROVIDE (__load_start_iwram5, LOADADDR (.iwram5))
                [!provide]                PROVIDE (__load_stop_iwram5, (LOADADDR (.iwram5) + SIZEOF (.iwram5)))

.iwram6         0x03000048        0x0
 *(.iwram6)
                0x03000048                . = ALIGN (0x4)
                [!provide]                PROVIDE (__load_start_iwram6, LOADADDR (.iwram6))
                [!provide]                PROVIDE (__load_stop_iwram6, (LOADADDR (.iwram6) + SIZEOF (.iwram6)))

.iwram7         0x03000048        0x0
 *(.iwram7)
                0x03000048                . = ALIGN (0x4)
                [!provide]                PROVIDE (__load_start_iwram7, LOADADDR (.iwram7))
                [!provide]                PROVIDE (__load_stop_iwram7, (LOADADDR (.iwram7) + SIZEOF (.iwram7)))

.iwram8         0x03000048        0x0
 *(.iwram8)
                0x03000048                . = ALIGN (0x4)
                [!provide]                PROVIDE (__load_start_iwram8, LOADADDR (.iwram8))
                [!provide]                PROVIDE (__load_stop_iwram8, (LOADADDR (.iwram8) + SIZEOF (.iwram8)))

.iwram9         0x03000048        0x0
 *(.iwram9)
                0x03000048                . = ALIGN (0x4)
                [!provide]                PROVIDE (__load_start_iwram9, LOADADDR (.iwram9))
                [!provide]                PROVIDE (__load_stop_iwram9, (LOADADDR (.iwram9) + SIZEOF (.iwram9)))
                0x03000048                __iwram_overlay_end = .
                0x080202d8                __ewram_lma = (__iwram_overlay_lma + (__iwram_overlay_end - __iwram_overlay_start))
                0x03000048                __iheap_start = .
                0x02000000                __ewram_start = ORIGIN (ewram)

.ewram          0x02000000        0x0 load address 0x080202d8
 *(.ewram)
                0x02000000                . = ALIGN (0x4)
                0x02000000                __ewram_end = ABSOLUTE (.)
                0x080202d8                __pad_lma = (__ewram_lma + SIZEOF (.ewram))

.sbss           0x02000000        0x0
                0x02000000                __sbss_start__ = ABSOLUTE (.)
 *(.sbss)
                0x02000000                . = ALIGN (0x4)
                0x02000000                __sbss_end__ = ABSOLUTE (.)
                0x02000000                __end__ = ABSOLUTE (.)
                0x02000000                __eheap_start = ABSOLUTE (.)

.pad            0x02000000        0x8 load address 0x080202d8
                0x02000000        0x4 LONG 0x52416b64
                0x02000004        0x4 LONG 0x4d
                0x02000008                . = ALIGN (0x4)
                0x080202e0                __rom_end__ = (__pad_lma + SIZEOF (.pad))

.stab
 *(.stab)

.stabstr
 *(.stabstr)

.stab.excl
 *(.stab.excl)

.stab.exclstr
 *(.stab.exclstr)

.stab.index
 *(.stab.index)

.stab.indexstr
 *(.stab.indexstr)

.comment        0x00000000       0x22
 *(.comment)
 .comment       0x00000000       0x22 c:/devkitpro/devkitarm/bin/../lib/gcc/arm-none-eabi/6.3.0/thumb/crtbegin.o
                                 0x23 (size before relaxing)
 .comment       0x00000022       0x23 DM_AIManager.o
 .comment       0x00000022       0x23 DM_MarioManager.o
 .comment       0x00000022       0x23 DM_ParticleManager.o
 .comment       0x00000022       0x23 DM_SpriteManager.o
 .comment       0x00000022       0x23 DM_TileManager.o
 .comment       0x00000022       0x23 main.o
 .comment       0x00000022       0x23 Mario_Small.o
 .comment       0x00000022       0x23 Mario_Tall.o
 .comment       0x00000022       0x23 TileLookUp.o
 .comment       0x00000022       0x23 gab_mathUtil.o
 .comment       0x00000022       0x23 gba_drawing.o
 .comment       0x00000022       0x23 gba_gfx.o
 .comment       0x00000022       0x23 gba_input.o
 .comment       0x00000022       0x23 gba_math.o
 .comment       0x00000022       0x23 particles.o
 .comment       0x00000022       0x23 rocket4bpp.o
 .comment       0x00000022       0x23 sinlut.o
 .comment       0x00000022       0x23 c:/devkitpro/devkitarm/bin/../lib/gcc/arm-none-eabi/6.3.0/../../../../arm-none-eabi/lib/thumb\libg.a(lib_a-init.o)
 .comment       0x00000022       0x23 c:/devkitpro/devkitarm/bin/../lib/gcc/arm-none-eabi/6.3.0/../../../../arm-none-eabi/lib/thumb\libg.a(lib_a-memcpy-stub.o)
 .comment       0x00000022       0x23 c:/devkitpro/devkitarm/bin/../lib/gcc/arm-none-eabi/6.3.0/../../../../arm-none-eabi/lib/thumb\libg.a(lib_a-memset.o)
 .comment       0x00000022       0x23 c:/devkitpro/devkitarm/bin/../lib/gcc/arm-none-eabi/6.3.0/../../../../arm-none-eabi/lib/thumb\libsysbase.a(malloc_vars.o)
 .comment       0x00000022       0x23 c:/devkitpro/devkitarm/bin/../lib/gcc/arm-none-eabi/6.3.0/thumb/crtend.o

.debug
 *(.debug)

.line
 *(.line)

.debug_srcinfo
 *(.debug_srcinfo)

.debug_sfnames
 *(.debug_sfnames)

.debug_aranges  0x00000000      0x1f8
 *(.debug_aranges)
 .debug_aranges
                0x00000000       0x20 DM_MarioManager.o
 .debug_aranges
                0x00000020       0x20 DM_ParticleManager.o
 .debug_aranges
                0x00000040       0x20 DM_SpriteManager.o
 .debug_aranges
                0x00000060       0x20 DM_TileManager.o
 .debug_aranges
                0x00000080       0x50 main.o
 .debug_aranges
                0x000000d0       0x18 Mario_Small.o
 .debug_aranges
                0x000000e8       0x18 Mario_Tall.o
 .debug_aranges
                0x00000100       0x18 TileLookUp.o
 .debug_aranges
                0x00000118       0x20 gab_mathUtil.o
 .debug_aranges
                0x00000138       0x20 gba_drawing.o
 .debug_aranges
                0x00000158       0x20 gba_gfx.o
 .debug_aranges
                0x00000178       0x18 gba_input.o
 .debug_aranges
                0x00000190       0x20 gba_math.o
 .debug_aranges
                0x000001b0       0x18 particles.o
 .debug_aranges
                0x000001c8       0x18 rocket4bpp.o
 .debug_aranges
                0x000001e0       0x18 sinlut.o

.debug_pubnames
 *(.debug_pubnames)

.debug_info     0x00000000     0x669f
 *(.debug_info)
 .debug_info    0x00000000      0xce4 DM_MarioManager.o
 .debug_info    0x00000ce4      0xa0d DM_ParticleManager.o
 .debug_info    0x000016f1     0x1331 DM_SpriteManager.o
 .debug_info    0x00002a22     0x1231 DM_TileManager.o
 .debug_info    0x00003c53     0x17a3 main.o
 .debug_info    0x000053f6       0x7c Mario_Small.o
 .debug_info    0x00005472       0x7c Mario_Tall.o
 .debug_info    0x000054ee       0x55 TileLookUp.o
 .debug_info    0x00005543      0x196 gab_mathUtil.o
 .debug_info    0x000056d9      0x2cb gba_drawing.o
 .debug_info    0x000059a4      0x7bf gba_gfx.o
 .debug_info    0x00006163       0xb5 gba_input.o
 .debug_info    0x00006218      0x33b gba_math.o
 .debug_info    0x00006553       0x7b particles.o
 .debug_info    0x000065ce       0x7c rocket4bpp.o
 .debug_info    0x0000664a       0x55 sinlut.o

.debug_abbrev   0x00000000     0x1273
 *(.debug_abbrev)
 .debug_abbrev  0x00000000      0x1f6 DM_MarioManager.o
 .debug_abbrev  0x000001f6      0x20e DM_ParticleManager.o
 .debug_abbrev  0x00000404      0x28a DM_SpriteManager.o
 .debug_abbrev  0x0000068e      0x281 DM_TileManager.o
 .debug_abbrev  0x0000090f      0x320 main.o
 .debug_abbrev  0x00000c2f       0x4c Mario_Small.o
 .debug_abbrev  0x00000c7b       0x4c Mario_Tall.o
 .debug_abbrev  0x00000cc7       0x43 TileLookUp.o
 .debug_abbrev  0x00000d0a      0x113 gab_mathUtil.o
 .debug_abbrev  0x00000e1d       0xd3 gba_drawing.o
 .debug_abbrev  0x00000ef0      0x179 gba_gfx.o
 .debug_abbrev  0x00001069       0x5c gba_input.o
 .debug_abbrev  0x000010c5       0xdc gba_math.o
 .debug_abbrev  0x000011a1       0x43 particles.o
 .debug_abbrev  0x000011e4       0x4c rocket4bpp.o
 .debug_abbrev  0x00001230       0x43 sinlut.o

.debug_line     0x00000000     0x1642
 *(.debug_line)
 .debug_line    0x00000000        0x0 DM_AIManager.o
 .debug_line    0x00000000      0x291 DM_MarioManager.o
 .debug_line    0x00000291      0x234 DM_ParticleManager.o
 .debug_line    0x000004c5      0x255 DM_SpriteManager.o
 .debug_line    0x0000071a      0x2a9 DM_TileManager.o
 .debug_line    0x000009c3      0x322 main.o
 .debug_line    0x00000ce5       0x56 Mario_Small.o
 .debug_line    0x00000d3b       0x55 Mario_Tall.o
 .debug_line    0x00000d90       0x55 TileLookUp.o
 .debug_line    0x00000de5      0x15c gab_mathUtil.o
 .debug_line    0x00000f41      0x1c8 gba_drawing.o
 .debug_line    0x00001109      0x1c1 gba_gfx.o
 .debug_line    0x000012ca      0x122 gba_input.o
 .debug_line    0x000013ec      0x15c gba_math.o
 .debug_line    0x00001548       0x54 particles.o
 .debug_line    0x0000159c       0x55 rocket4bpp.o
 .debug_line    0x000015f1       0x51 sinlut.o

.debug_frame    0x00000000      0xa94
 *(.debug_frame)
 .debug_frame   0x00000000       0xf4 DM_MarioManager.o
 .debug_frame   0x000000f4      0x12c DM_ParticleManager.o
 .debug_frame   0x00000220      0x194 DM_SpriteManager.o
 .debug_frame   0x000003b4       0xb0 DM_TileManager.o
 .debug_frame   0x00000464      0x114 main.o
 .debug_frame   0x00000578       0xac gab_mathUtil.o
 .debug_frame   0x00000624       0x70 gba_drawing.o
 .debug_frame   0x00000694      0x270 gba_gfx.o
 .debug_frame   0x00000904      0x190 gba_math.o

.debug_str      0x00000000     0x1a7a
 *(.debug_str)
 .debug_str     0x00000000       0xa6 DM_AIManager.o
 .debug_str     0x000000a6      0x9da DM_MarioManager.o
                                0xadc (size before relaxing)
 .debug_str     0x00000a80       0xbf DM_ParticleManager.o
                                0x826 (size before relaxing)
 .debug_str     0x00000b3f      0x54e DM_SpriteManager.o
                                0xa7a (size before relaxing)
 .debug_str     0x0000108d      0x275 DM_TileManager.o
                                0x8ae (size before relaxing)
 .debug_str     0x00001302      0x1ea main.o
                               0x1129 (size before relaxing)
 .debug_str     0x000014ec       0x87 Mario_Small.o
                                 0xc3 (size before relaxing)
 .debug_str     0x00001573       0x35 Mario_Tall.o
                                 0xc0 (size before relaxing)
 .debug_str     0x000015a8       0x40 TileLookUp.o
                                 0xad (size before relaxing)
 .debug_str     0x000015e8       0x5f gab_mathUtil.o
                                0x15c (size before relaxing)
 .debug_str     0x00001647       0xb1 gba_drawing.o
                                0x1e3 (size before relaxing)
 .debug_str     0x000016f8      0x1d6 gba_gfx.o
                                0x459 (size before relaxing)
 .debug_str     0x000018ce       0x34 gba_input.o
                                0x133 (size before relaxing)
 .debug_str     0x00001902       0xa4 gba_math.o
                                0x1bc (size before relaxing)
 .debug_str     0x000019a6       0x50 particles.o
                                 0xbd (size before relaxing)
 .debug_str     0x000019f6       0x53 rocket4bpp.o
                                 0xc0 (size before relaxing)
 .debug_str     0x00001a49       0x31 sinlut.o
                                 0x9d (size before relaxing)

.debug_loc      0x00000000     0x1149
 *(.debug_loc)
 .debug_loc     0x00000000      0x189 DM_MarioManager.o
 .debug_loc     0x00000189      0x1ec DM_ParticleManager.o
 .debug_loc     0x00000375      0x2a0 DM_SpriteManager.o
 .debug_loc     0x00000615      0x118 DM_TileManager.o
 .debug_loc     0x0000072d      0x1b6 main.o
 .debug_loc     0x000008e3      0x10c gab_mathUtil.o
 .debug_loc     0x000009ef       0xaa gba_drawing.o
 .debug_loc     0x00000a99      0x410 gba_gfx.o
 .debug_loc     0x00000ea9      0x2a0 gba_math.o

.debug_macinfo
 *(.debug_macinfo)

.debug_weaknames
 *(.debug_weaknames)

.debug_funcnames
 *(.debug_funcnames)

.debug_typenames
 *(.debug_typenames)

.debug_varnames
 *(.debug_varnames)

.stack          0x00080000        0x0
                0x00080000                _stack = .
 *(.stack)

.note.gnu.arm.ident
 *(.note.gnu.arm.ident)

.ARM.attributes
                0x00000000       0x2c
 *(.ARM.attributes)
 .ARM.attributes
                0x00000000       0x20 c:/devkitpro/devkitarm/bin/../lib/gcc/arm-none-eabi/6.3.0/../../../../arm-none-eabi/lib/thumb/gba_crt0.o
 .ARM.attributes
                0x00000020       0x16 c:/devkitpro/devkitarm/bin/../lib/gcc/arm-none-eabi/6.3.0/thumb/crti.o
 .ARM.attributes
                0x00000036       0x30 c:/devkitpro/devkitarm/bin/../lib/gcc/arm-none-eabi/6.3.0/thumb/crtbegin.o
 .ARM.attributes
                0x00000066       0x30 DM_AIManager.o
 .ARM.attributes
                0x00000096       0x30 DM_MarioManager.o
 .ARM.attributes
                0x000000c6       0x30 DM_ParticleManager.o
 .ARM.attributes
                0x000000f6       0x30 DM_SpriteManager.o
 .ARM.attributes
                0x00000126       0x30 DM_TileManager.o
 .ARM.attributes
                0x00000156       0x30 main.o
 .ARM.attributes
                0x00000186       0x30 Mario_Small.o
 .ARM.attributes
                0x000001b6       0x30 Mario_Tall.o
 .ARM.attributes
                0x000001e6       0x30 TileLookUp.o
 .ARM.attributes
                0x00000216       0x30 gab_mathUtil.o
 .ARM.attributes
                0x00000246       0x30 gba_drawing.o
 .ARM.attributes
                0x00000276       0x30 gba_gfx.o
 .ARM.attributes
                0x000002a6       0x30 gba_input.o
 .ARM.attributes
                0x000002d6       0x30 gba_math.o
 .ARM.attributes
                0x00000306       0x30 particles.o
 .ARM.attributes
                0x00000336       0x30 rocket4bpp.o
 .ARM.attributes
                0x00000366       0x30 sinlut.o
 .ARM.attributes
                0x00000396       0x18 c:/devkitpro/devkitarm/bin/../lib/gcc/arm-none-eabi/6.3.0/thumb\libgcc.a(_divsi3.o)
 .ARM.attributes
                0x000003ae       0x16 c:/devkitpro/devkitarm/bin/../lib/gcc/arm-none-eabi/6.3.0/thumb\libgcc.a(_dvmd_tls.o)
 .ARM.attributes
                0x000003c4       0x18 c:/devkitpro/devkitarm/bin/../lib/gcc/arm-none-eabi/6.3.0/thumb\libgcc.a(_arm_addsubsf3.o)
 .ARM.attributes
                0x000003dc       0x18 c:/devkitpro/devkitarm/bin/../lib/gcc/arm-none-eabi/6.3.0/thumb\libgcc.a(_arm_muldivsf3.o)
 .ARM.attributes
                0x000003f4       0x18 c:/devkitpro/devkitarm/bin/../lib/gcc/arm-none-eabi/6.3.0/thumb\libgcc.a(_arm_fixsfsi.o)
 .ARM.attributes
                0x0000040c       0x30 c:/devkitpro/devkitarm/bin/../lib/gcc/arm-none-eabi/6.3.0/../../../../arm-none-eabi/lib/thumb\libg.a(lib_a-init.o)
 .ARM.attributes
                0x0000043c       0x30 c:/devkitpro/devkitarm/bin/../lib/gcc/arm-none-eabi/6.3.0/../../../../arm-none-eabi/lib/thumb\libg.a(lib_a-memcpy-stub.o)
 .ARM.attributes
                0x0000046c       0x30 c:/devkitpro/devkitarm/bin/../lib/gcc/arm-none-eabi/6.3.0/../../../../arm-none-eabi/lib/thumb\libg.a(lib_a-memset.o)
 .ARM.attributes
                0x0000049c       0x30 c:/devkitpro/devkitarm/bin/../lib/gcc/arm-none-eabi/6.3.0/../../../../arm-none-eabi/lib/thumb\libsysbase.a(malloc_vars.o)
 .ARM.attributes
                0x000004cc       0x30 c:/devkitpro/devkitarm/bin/../lib/gcc/arm-none-eabi/6.3.0/thumb/crtend.o
 .ARM.attributes
                0x000004fc       0x16 c:/devkitpro/devkitarm/bin/../lib/gcc/arm-none-eabi/6.3.0/thumb/crtn.o

/DISCARD/
 *(.note.GNU-stack)
LOAD c:/devkitpro/devkitarm/bin/../lib/gcc/arm-none-eabi/6.3.0/../../../../arm-none-eabi/lib/thumb/gba_crt0.o
LOAD c:/devkitpro/devkitarm/bin/../lib/gcc/arm-none-eabi/6.3.0/thumb/crti.o
LOAD c:/devkitpro/devkitarm/bin/../lib/gcc/arm-none-eabi/6.3.0/thumb/crtbegin.o
LOAD DM_AIManager.o
LOAD DM_MarioManager.o
LOAD DM_ParticleManager.o
LOAD DM_SpriteManager.o
LOAD DM_TileManager.o
LOAD main.o
LOAD Mario_Small.o
LOAD Mario_Tall.o
LOAD TileLookUp.o
LOAD gab_mathUtil.o
LOAD gba_drawing.o
LOAD gba_gfx.o
LOAD gba_input.o
LOAD gba_math.o
LOAD particles.o
LOAD rocket4bpp.o
LOAD sinlut.o
LOAD c:/devkitPro/libgba/lib\libmm.a
LOAD c:/devkitPro/libgba/lib\libgba.a
LOAD c:/devkitpro/devkitarm/bin/../lib/gcc/arm-none-eabi/6.3.0/../../../../arm-none-eabi/lib/thumb\libstdc++.a
LOAD c:/devkitpro/devkitarm/bin/../lib/gcc/arm-none-eabi/6.3.0/../../../../arm-none-eabi/lib/thumb\libm.a
START GROUP
LOAD c:/devkitpro/devkitarm/bin/../lib/gcc/arm-none-eabi/6.3.0/thumb\libgcc.a
LOAD c:/devkitpro/devkitarm/bin/../lib/gcc/arm-none-eabi/6.3.0/../../../../arm-none-eabi/lib/thumb\libg.a
LOAD c:/devkitpro/devkitarm/bin/../lib/gcc/arm-none-eabi/6.3.0/../../../../arm-none-eabi/lib/thumb\libc.a
LOAD c:/devkitpro/devkitarm/bin/../lib/gcc/arm-none-eabi/6.3.0/../../../../arm-none-eabi/lib/thumb\libsysbase.a
END GROUP
LOAD c:/devkitpro/devkitarm/bin/../lib/gcc/arm-none-eabi/6.3.0/thumb/crtend.o
LOAD c:/devkitpro/devkitarm/bin/../lib/gcc/arm-none-eabi/6.3.0/thumb/crtn.o
OUTPUT(c:/Users/s1600056/Downloads/ayyy/ayyy.elf elf32-littlearm)

.debug_ranges   0x00000000       0x40
 .debug_ranges  0x00000000       0x40 main.o
