Archive member included to satisfy reference by file (symbol)

c:/devkitpro/devkitarm/bin/../lib/gcc/arm-none-eabi/7.1.0/thumb\libgcc.a(_divsi3.o)
                              gba_math.o (__aeabi_idiv)
c:/devkitpro/devkitarm/bin/../lib/gcc/arm-none-eabi/7.1.0/thumb\libgcc.a(_dvmd_tls.o)
                              c:/devkitpro/devkitarm/bin/../lib/gcc/arm-none-eabi/7.1.0/thumb\libgcc.a(_divsi3.o) (__aeabi_idiv0)
c:/devkitpro/devkitarm/bin/../lib/gcc/arm-none-eabi/7.1.0/thumb\libgcc.a(_arm_addsubsf3.o)
                              gba_math.o (__aeabi_i2f)
c:/devkitpro/devkitarm/bin/../lib/gcc/arm-none-eabi/7.1.0/thumb\libgcc.a(_arm_muldivsf3.o)
                              gba_math.o (__aeabi_fmul)
c:/devkitpro/devkitarm/bin/../lib/gcc/arm-none-eabi/7.1.0/thumb\libgcc.a(_arm_fixsfsi.o)
                              gba_math.o (__aeabi_f2iz)
c:/devkitpro/devkitarm/bin/../lib/gcc/arm-none-eabi/7.1.0/../../../../arm-none-eabi/lib/thumb\libg.a(lib_a-init.o)
                              c:/devkitpro/devkitarm/bin/../lib/gcc/arm-none-eabi/7.1.0/../../../../arm-none-eabi/lib/thumb/gba_crt0.o (__libc_init_array)
c:/devkitpro/devkitarm/bin/../lib/gcc/arm-none-eabi/7.1.0/../../../../arm-none-eabi/lib/thumb\libg.a(lib_a-memcpy-stub.o)
                              DM_SpriteManager.o (memcpy)
c:/devkitpro/devkitarm/bin/../lib/gcc/arm-none-eabi/7.1.0/../../../../arm-none-eabi/lib/thumb\libg.a(lib_a-memset.o)
                              main.o (memset)
c:/devkitpro/devkitarm/bin/../lib/gcc/arm-none-eabi/7.1.0/../../../../arm-none-eabi/lib/thumb\libsysbase.a(malloc_vars.o)
                              c:/devkitpro/devkitarm/bin/../lib/gcc/arm-none-eabi/7.1.0/../../../../arm-none-eabi/lib/thumb/gba_crt0.o (fake_heap_end)

Discarded input sections

 .text          0x00000000        0x0 c:/devkitpro/devkitarm/bin/../lib/gcc/arm-none-eabi/7.1.0/../../../../arm-none-eabi/lib/thumb/gba_crt0.o
 .data          0x00000000        0x0 c:/devkitpro/devkitarm/bin/../lib/gcc/arm-none-eabi/7.1.0/../../../../arm-none-eabi/lib/thumb/gba_crt0.o
 .bss           0x00000000        0x0 c:/devkitpro/devkitarm/bin/../lib/gcc/arm-none-eabi/7.1.0/../../../../arm-none-eabi/lib/thumb/gba_crt0.o
 .text          0x00000000        0x0 c:/devkitpro/devkitarm/bin/../lib/gcc/arm-none-eabi/7.1.0/thumb/crti.o
 .data          0x00000000        0x0 c:/devkitpro/devkitarm/bin/../lib/gcc/arm-none-eabi/7.1.0/thumb/crti.o
 .bss           0x00000000        0x0 c:/devkitpro/devkitarm/bin/../lib/gcc/arm-none-eabi/7.1.0/thumb/crti.o
 .text          0x00000000        0x0 c:/devkitpro/devkitarm/bin/../lib/gcc/arm-none-eabi/7.1.0/thumb/crtbegin.o
 .data          0x00000000        0x0 c:/devkitpro/devkitarm/bin/../lib/gcc/arm-none-eabi/7.1.0/thumb/crtbegin.o
 .bss           0x00000000        0x0 c:/devkitpro/devkitarm/bin/../lib/gcc/arm-none-eabi/7.1.0/thumb/crtbegin.o
 .data.__dso_handle
                0x00000000        0x4 c:/devkitpro/devkitarm/bin/../lib/gcc/arm-none-eabi/7.1.0/thumb/crtbegin.o
 .data          0x00000000        0x0 DM_AIManager.o
 .bss           0x00000000        0x0 DM_AIManager.o
 .group         0x00000000        0x8 DM_MarioManager.o
 .bss           0x00000000        0xc DM_MarioManager.o
 .data          0x00000000        0x0 DM_PrizeBlockManager.o
 .bss           0x00000000        0x0 DM_PrizeBlockManager.o
 .data          0x00000000        0x0 DM_SpriteManager.o
 .bss           0x00000000        0x0 DM_SpriteManager.o
 .bss           0x00000000        0x2 DM_TileManager.o
 .text          0x00000000        0x0 World1Level1_Collisions.o
 .bss           0x00000000        0x0 World1Level1_Collisions.o
 .text          0x00000000        0x0 World1Level1_Maps.o
 .data          0x00000000        0x0 World1Level1_Maps.o
 .bss           0x00000000        0x0 World1Level1_Maps.o
 .text          0x00000000        0x0 World1Level1_Palette.o
 .data          0x00000000        0x0 World1Level1_Palette.o
 .bss           0x00000000        0x0 World1Level1_Palette.o
 .text          0x00000000        0x0 World1Level1_Tiles.o
 .data          0x00000000        0x0 World1Level1_Tiles.o
 .bss           0x00000000        0x0 World1Level1_Tiles.o
 .text          0x00000000        0x0 World1MapCollisions.o
 .data          0x00000000        0x0 World1MapCollisions.o
 .bss           0x00000000        0x0 World1MapCollisions.o
 .text          0x00000000        0x0 World1Map_Maps.o
 .data          0x00000000        0x0 World1Map_Maps.o
 .bss           0x00000000        0x0 World1Map_Maps.o
 .text          0x00000000        0x0 World1Map_Palette.o
 .data          0x00000000        0x0 World1Map_Palette.o
 .bss           0x00000000        0x0 World1Map_Palette.o
 .text          0x00000000        0x0 World1Map_Tiles.o
 .data          0x00000000        0x0 World1Map_Tiles.o
 .bss           0x00000000        0x0 World1Map_Tiles.o
 .group         0x00000000        0x8 main.o
 .group         0x00000000        0x8 main.o
 .group         0x00000000        0x8 main.o
 .group         0x00000000        0x8 main.o
 .group         0x00000000        0x8 main.o
 .group         0x00000000        0x8 main.o
 .group         0x00000000        0x8 main.o
 .group         0x00000000        0x8 main.o
 .group         0x00000000        0x8 main.o
 .data          0x00000000        0x0 main.o
 .bss           0x00000000        0x0 main.o
 .text.keyHit   0x00000000       0x30 main.o
 .text          0x00000000        0x0 EnemySprites.o
 .data          0x00000000        0x0 EnemySprites.o
 .bss           0x00000000        0x0 EnemySprites.o
 .text          0x00000000        0x0 Mario_Small.o
 .data          0x00000000        0x0 Mario_Small.o
 .bss           0x00000000        0x0 Mario_Small.o
 .text          0x00000000        0x0 Mario_Tall.o
 .data          0x00000000        0x0 Mario_Tall.o
 .bss           0x00000000        0x0 Mario_Tall.o
 .text          0x00000000        0x0 Powerups.o
 .data          0x00000000        0x0 Powerups.o
 .bss           0x00000000        0x0 Powerups.o
 .text          0x00000000        0x0 PrizeBlockEmpty.o
 .data          0x00000000        0x0 PrizeBlockEmpty.o
 .bss           0x00000000        0x0 PrizeBlockEmpty.o
 .bss           0x00000000        0x0 gab_mathUtil.o
 .bss           0x00000000      0x400 gba_gfx.o
 .rodata        0x00000000        0x4 gba_gfx.o
 .text          0x00000000        0x0 gba_input.o
 .data          0x00000000        0x0 gba_input.o
 .data          0x00000000        0x0 gba_math.o
 .bss           0x00000000        0x0 gba_math.o
 .text          0x00000000        0x0 particles.o
 .data          0x00000000        0x0 particles.o
 .bss           0x00000000        0x0 particles.o
 .data          0x00000000        0x0 c:/devkitpro/devkitarm/bin/../lib/gcc/arm-none-eabi/7.1.0/thumb\libgcc.a(_divsi3.o)
 .bss           0x00000000        0x0 c:/devkitpro/devkitarm/bin/../lib/gcc/arm-none-eabi/7.1.0/thumb\libgcc.a(_divsi3.o)
 .data          0x00000000        0x0 c:/devkitpro/devkitarm/bin/../lib/gcc/arm-none-eabi/7.1.0/thumb\libgcc.a(_dvmd_tls.o)
 .bss           0x00000000        0x0 c:/devkitpro/devkitarm/bin/../lib/gcc/arm-none-eabi/7.1.0/thumb\libgcc.a(_dvmd_tls.o)
 .data          0x00000000        0x0 c:/devkitpro/devkitarm/bin/../lib/gcc/arm-none-eabi/7.1.0/thumb\libgcc.a(_arm_addsubsf3.o)
 .bss           0x00000000        0x0 c:/devkitpro/devkitarm/bin/../lib/gcc/arm-none-eabi/7.1.0/thumb\libgcc.a(_arm_addsubsf3.o)
 .data          0x00000000        0x0 c:/devkitpro/devkitarm/bin/../lib/gcc/arm-none-eabi/7.1.0/thumb\libgcc.a(_arm_muldivsf3.o)
 .bss           0x00000000        0x0 c:/devkitpro/devkitarm/bin/../lib/gcc/arm-none-eabi/7.1.0/thumb\libgcc.a(_arm_muldivsf3.o)
 .data          0x00000000        0x0 c:/devkitpro/devkitarm/bin/../lib/gcc/arm-none-eabi/7.1.0/thumb\libgcc.a(_arm_fixsfsi.o)
 .bss           0x00000000        0x0 c:/devkitpro/devkitarm/bin/../lib/gcc/arm-none-eabi/7.1.0/thumb\libgcc.a(_arm_fixsfsi.o)
 .text          0x00000000        0x0 c:/devkitpro/devkitarm/bin/../lib/gcc/arm-none-eabi/7.1.0/../../../../arm-none-eabi/lib/thumb\libg.a(lib_a-init.o)
 .data          0x00000000        0x0 c:/devkitpro/devkitarm/bin/../lib/gcc/arm-none-eabi/7.1.0/../../../../arm-none-eabi/lib/thumb\libg.a(lib_a-init.o)
 .bss           0x00000000        0x0 c:/devkitpro/devkitarm/bin/../lib/gcc/arm-none-eabi/7.1.0/../../../../arm-none-eabi/lib/thumb\libg.a(lib_a-init.o)
 .text          0x00000000        0x0 c:/devkitpro/devkitarm/bin/../lib/gcc/arm-none-eabi/7.1.0/../../../../arm-none-eabi/lib/thumb\libg.a(lib_a-memcpy-stub.o)
 .data          0x00000000        0x0 c:/devkitpro/devkitarm/bin/../lib/gcc/arm-none-eabi/7.1.0/../../../../arm-none-eabi/lib/thumb\libg.a(lib_a-memcpy-stub.o)
 .bss           0x00000000        0x0 c:/devkitpro/devkitarm/bin/../lib/gcc/arm-none-eabi/7.1.0/../../../../arm-none-eabi/lib/thumb\libg.a(lib_a-memcpy-stub.o)
 .text          0x00000000        0x0 c:/devkitpro/devkitarm/bin/../lib/gcc/arm-none-eabi/7.1.0/../../../../arm-none-eabi/lib/thumb\libg.a(lib_a-memset.o)
 .data          0x00000000        0x0 c:/devkitpro/devkitarm/bin/../lib/gcc/arm-none-eabi/7.1.0/../../../../arm-none-eabi/lib/thumb\libg.a(lib_a-memset.o)
 .bss           0x00000000        0x0 c:/devkitpro/devkitarm/bin/../lib/gcc/arm-none-eabi/7.1.0/../../../../arm-none-eabi/lib/thumb\libg.a(lib_a-memset.o)
 .text          0x00000000        0x0 c:/devkitpro/devkitarm/bin/../lib/gcc/arm-none-eabi/7.1.0/../../../../arm-none-eabi/lib/thumb\libsysbase.a(malloc_vars.o)
 .data          0x00000000        0x0 c:/devkitpro/devkitarm/bin/../lib/gcc/arm-none-eabi/7.1.0/../../../../arm-none-eabi/lib/thumb\libsysbase.a(malloc_vars.o)
 .bss           0x00000000        0x0 c:/devkitpro/devkitarm/bin/../lib/gcc/arm-none-eabi/7.1.0/../../../../arm-none-eabi/lib/thumb\libsysbase.a(malloc_vars.o)
 .bss.fake_heap_start
                0x00000000        0x4 c:/devkitpro/devkitarm/bin/../lib/gcc/arm-none-eabi/7.1.0/../../../../arm-none-eabi/lib/thumb\libsysbase.a(malloc_vars.o)
 .text          0x00000000        0x0 c:/devkitpro/devkitarm/bin/../lib/gcc/arm-none-eabi/7.1.0/thumb/crtend.o
 .data          0x00000000        0x0 c:/devkitpro/devkitarm/bin/../lib/gcc/arm-none-eabi/7.1.0/thumb/crtend.o
 .bss           0x00000000        0x0 c:/devkitpro/devkitarm/bin/../lib/gcc/arm-none-eabi/7.1.0/thumb/crtend.o
 .text          0x00000000        0x0 c:/devkitpro/devkitarm/bin/../lib/gcc/arm-none-eabi/7.1.0/thumb/crtn.o
 .data          0x00000000        0x0 c:/devkitpro/devkitarm/bin/../lib/gcc/arm-none-eabi/7.1.0/thumb/crtn.o
 .bss           0x00000000        0x0 c:/devkitpro/devkitarm/bin/../lib/gcc/arm-none-eabi/7.1.0/thumb/crtn.o

Memory Configuration

Name             Origin             Length             Attributes
rom              0x08000000         0x02000000
iwram            0x03000000         0x00008000
ewram            0x02000000         0x00040000
*default*        0x00000000         0xffffffff

Linker script and memory map

                0x08000000                __text_start = ORIGIN (rom)
                0x02040000                __eheap_end = (ORIGIN (ewram) + LENGTH (ewram))
                0x03000000                __iwram_start = ORIGIN (iwram)
                0x03008000                __iwram_top = (ORIGIN (iwram) + LENGTH (iwram))
                0x03007fa0                __sp_irq = (__iwram_top - 0x60)
                0x03007f00                __sp_usr = (__sp_irq - 0xa0)
                0x03007ff8                __irq_flags = 0x3007ff8
                0x08000000                . = __text_start

.crt0           0x08000000      0x210
 *(.crt0)
 .crt0          0x08000000      0x210 c:/devkitpro/devkitarm/bin/../lib/gcc/arm-none-eabi/7.1.0/../../../../arm-none-eabi/lib/thumb/gba_crt0.o
                0x08000000                _start
                0x080000c4                __boot_method
                0x080000c5                __slave_number
                0x080000e0                start_vector
                0x08000210                . = ALIGN (0x4)

.init           0x08000210        0xc
 *(SORT(.init))
 .init          0x08000210        0x4 c:/devkitpro/devkitarm/bin/../lib/gcc/arm-none-eabi/7.1.0/thumb/crti.o
                0x08000210                _init
 .init          0x08000214        0x8 c:/devkitpro/devkitarm/bin/../lib/gcc/arm-none-eabi/7.1.0/thumb/crtn.o

.plt            0x0800021c        0x0
 *(.plt)
                0x0800021c                . = ALIGN (0x4)

.text           0x08000220     0x4958
 *(EXCLUDE_FILE(*.iwram*) .text)
 .text          0x08000220      0x840 DM_AIManager.o
                0x08000220                AIManager::CreateEnemy(SpriteManager&, AIManager*, signed char, long, long)
                0x080004c0                AIManager::UpdateOffset(AIManager*, long, long)
                0x0800052c                AIManager::tile_lookup(unsigned long, unsigned long, unsigned long, unsigned long, unsigned short*, unsigned long, unsigned long)
                0x0800057c                AIManager::UpdateEnemies(SpriteManager&, AIManager*)
                0x08000944                AIManager::ScrollEnemies(SpriteManager&, AIManager*, long)
                0x08000a42                AIManager::DeleteEnemy(AIManager&)
 .text          0x08000a60     0x139c DM_MarioManager.o
                0x08000a60                MarioManager::CreateMario(SpriteManager&)
                0x08000ae4                MarioManager::TransformMario(long, SpriteManager&)
                0x08000c90                MarioManager::MoveMario(long, long, SpriteManager&)
                0x08000d0c                MarioManager::SetPos(long, long, SpriteManager&)
                0x08000d4c                MarioManager::MapManager(unsigned short const*, SpriteManager)
                0x08001186                MarioManager::tile_lookup(unsigned long, unsigned long, unsigned long, unsigned long, unsigned short*, unsigned long, unsigned long)
                0x080011d6                MarioManager::GrabIndex(unsigned long, unsigned long, unsigned long, unsigned long, unsigned short*, unsigned long, unsigned long)
                0x0800121e                MarioManager::CheckCollisions()
                0x08001448                MarioManager::AnimateMario(SpriteManager&)
                0x080014a2                MarioManager::PhysicsHandler()
                0x08001624                MarioManager::UpdateMario(SpriteManager&, PrizeBlockManager*, unsigned short)
                0x080017d0                MarioManager::CheckSpriteCollision(SpriteManager&, long, long, long, long, unsigned char)
                0x0800188c                MarioManager::UpdateFireBall(SpriteManager&)
                0x08001b6c                MarioManager::ShootFireBall(SpriteManager&)
                0x08001c62                MarioManager::InitFireBall(SpriteManager&)
 .text          0x08001dfc      0x444 DM_ParticleManager.o
                0x08001dfc                ParticleManager::InitArray(SpriteManager&)
                0x08001f50                ParticleManager::DeleteArray(SpriteManager&)
                0x08001f98                ParticleManager::InitParticle(Particle&)
                0x08001fd0                ParticleManager::EmitParticle(Particle&)
                0x0800202e                ParticleManager::UpdateParticle(Particle&)
                0x08002100                ParticleManager::UpdateParticleArray(SpriteManager&)
                0x080021c8                ParticleManager::SetEmitterPos(long, long)
 .text          0x08002240      0x2a0 DM_PrizeBlockManager.o
                0x08002240                PrizeBlockManager::CreateBlock(long, long, PrizeBlockManager*, SpriteManager&, unsigned short, bool)
                0x0800237c                PrizeBlockManager::PlaceEmptyBlock(long, long, SpriteManager&)
                0x08002396                PrizeBlockManager::ChoosePowerUp(long, long, long, unsigned short const*)
                0x080023b0                PrizeBlockManager::SpawnPowerUp(PrizeBlockManager*, SpriteManager&, AIManager*)
                0x0800242a                PrizeBlockManager::MoveBlocks(SpriteManager&, PrizeBlockManager*, long)
 .text          0x080024e0      0x6e4 DM_SpriteManager.o
                0x080024e0                SpriteManager::CreateSprite(unsigned short*, unsigned short*, long, long, long, long)
                0x0800260a                SpriteManager::DeleteSprite(long)
                0x08002658                SpriteManager::LoadTiles(unsigned short*, unsigned short*, long, long, long, long)
                0x08002696                SpriteManager::InitialiseArray()
                0x08002732                SpriteManager::HideSprite(long)
                0x08002788                SpriteManager::ShowSprite(long)
                0x080027cc                SpriteManager::SetHFlip(bool, long)
                0x0800284c                SpriteManager::SetVFlip(bool, long)
                0x080028cc                SpriteManager::SetFrame(long, long)
                0x08002948                SpriteManager::MoveSprite(short, short, long)
                0x080029f6                SpriteManager::setSpriteAttr0(unsigned short, unsigned char, unsigned char, unsigned char, unsigned char, unsigned char)
                0x08002aae                SpriteManager::setSpriteAttr1(unsigned short, unsigned char, unsigned char, unsigned char, unsigned char)
                0x08002b54                SpriteManager::setSpriteAttr2(unsigned long, unsigned long, unsigned long)
                0x08002bb0                SpriteManager::UpdateSprites()
 .text          0x08002bc4      0x548 DM_TileManager.o
                0x08002bc4                TileManager::SetupBG(long, long, unsigned short const*, unsigned long, unsigned short const*, unsigned long, unsigned short const*, unsigned long)
                0x08002c8c                TileManager::SetPos(long, long, unsigned short const*, unsigned long)
                0x08002d28                TileManager::AnimateBackground(unsigned short const*, unsigned short const*, unsigned short const*, unsigned short const*)
                0x08002db4                TileManager::ScrollBackGround(bool, bool, unsigned short const*)
                0x08002f58                TileManager::AddRow(long, long, unsigned short const*)
                0x08003060                TileManager::AddCol(long, long, unsigned short const*)
 .text          0x0800310c      0x680 main.o
                0x0800310c                setBG_Control_Register(unsigned char, unsigned char, unsigned char, unsigned char, unsigned char, unsigned char, unsigned char)
                0x080031f2                main
 .text          0x0800378c       0xd8 gab_mathUtil.o
                0x0800378c                sqran
                0x080037b4                qran
                0x080037ec                qran_range
                0x08003818                sign
                0x08003840                abs
 .text          0x08003864      0x5d4 gba_gfx.o
                0x08003864                vsync
                0x08003894                page_flip
                0x080038cc                tile_block_address
                0x080038ec                tileMap_block_address
                0x0800390c                sprite_tile_block_address
                0x08003934                setBG_Control_Register
                0x08003a30                palette__bg_block_address
                0x08003a50                palette_sp_block_address
                0x08003a74                SetAttrib0
                0x08003b34                SetAttrib1
                0x08003b9a                SetAttrib1AffineIndex
                0x08003bec                SetAttrib2
                0x08003c52                SetObjectPosition
                0x08003cc2                obj_hide
                0x08003cfc                obj_unhide
                0x08003d4c                oam_init
                0x08003db2                oam_copy
                0x08003e04                obj_aff_identity
 .text          0x08003e38      0x134 gba_math.o
                0x08003e38                int2fix
                0x08003e50                float2fix
                0x08003e78                fix2uint
                0x08003e90                fix2ufrac
                0x08003eaa                fix2int
                0x08003ec8                fix2float
                0x08003ef0                fixAdd
                0x08003f0c                fixSub
                0x08003f28                fixMul
                0x08003f48                fixDiv
 .text          0x08003f6c      0x150 c:/devkitpro/devkitarm/bin/../lib/gcc/arm-none-eabi/7.1.0/thumb\libgcc.a(_divsi3.o)
                0x08003f6c                __divsi3
                0x08003f6c                __aeabi_idiv
                0x0800409c                __aeabi_idivmod
 .text          0x080040bc        0x4 c:/devkitpro/devkitarm/bin/../lib/gcc/arm-none-eabi/7.1.0/thumb\libgcc.a(_dvmd_tls.o)
                0x080040bc                __aeabi_idiv0
                0x080040bc                __aeabi_ldiv0
 .text          0x080040c0      0x2ac c:/devkitpro/devkitarm/bin/../lib/gcc/arm-none-eabi/7.1.0/thumb\libgcc.a(_arm_addsubsf3.o)
                0x080040c0                __aeabi_frsub
                0x080040c8                __subsf3
                0x080040c8                __aeabi_fsub
                0x080040cc                __aeabi_fadd
                0x080040cc                __addsf3
                0x08004288                __aeabi_ui2f
                0x08004288                __floatunsisf
                0x08004290                __aeabi_i2f
                0x08004290                __floatsisf
                0x080042b0                __aeabi_ul2f
                0x080042b0                __floatundisf
                0x080042c0                __aeabi_l2f
                0x080042c0                __floatdisf
 .text          0x0800436c      0x2f8 c:/devkitpro/devkitarm/bin/../lib/gcc/arm-none-eabi/7.1.0/thumb\libgcc.a(_arm_muldivsf3.o)
                0x0800436c                __mulsf3
                0x0800436c                __aeabi_fmul
                0x08004504                __aeabi_fdiv
                0x08004504                __divsf3
 .text          0x08004664       0x5c c:/devkitpro/devkitarm/bin/../lib/gcc/arm-none-eabi/7.1.0/thumb\libgcc.a(_arm_fixsfsi.o)
                0x08004664                __aeabi_f2iz
                0x08004664                __fixsfsi
 *(.text .stub .text.* .gnu.linkonce.t.*)
 .text.deregister_tm_clones
                0x080046c0       0x2c c:/devkitpro/devkitarm/bin/../lib/gcc/arm-none-eabi/7.1.0/thumb/crtbegin.o
 .text.register_tm_clones
                0x080046ec       0x34 c:/devkitpro/devkitarm/bin/../lib/gcc/arm-none-eabi/7.1.0/thumb/crtbegin.o
 .text.__do_global_dtors_aux
                0x08004720       0x30 c:/devkitpro/devkitarm/bin/../lib/gcc/arm-none-eabi/7.1.0/thumb/crtbegin.o
 .text.frame_dummy
                0x08004750       0x28 c:/devkitpro/devkitarm/bin/../lib/gcc/arm-none-eabi/7.1.0/thumb/crtbegin.o
 .text.keyHit   0x08004778       0x30 DM_MarioManager.o
                0x08004778                keyHit
 .text.PollKeys
                0x080047a8       0x3c main.o
                0x080047a8                PollKeys
 .text.keyDown  0x080047e4       0x24 main.o
                0x080047e4                keyDown
 .text._ZN13SpriteManagerC2Ev
                0x08004808       0x26 main.o
                0x08004808                SpriteManager::SpriteManager()
                0x08004808                SpriteManager::SpriteManager()
 .text._ZN15ParticleManagerC2Ev
                0x0800482e       0x1c main.o
                0x0800482e                ParticleManager::ParticleManager()
                0x0800482e                ParticleManager::ParticleManager()
 .text._ZN8FireballC2Ev
                0x0800484a       0x22 main.o
                0x0800484a                Fireball::Fireball()
                0x0800484a                Fireball::Fireball()
 .text._ZN12MarioManagerC2Ev
                0x0800486c       0xb4 main.o
                0x0800486c                MarioManager::MarioManager()
                0x0800486c                MarioManager::MarioManager()
 .text._ZN9AIManagerC2Ev
                0x08004920       0x6e main.o
                0x08004920                AIManager::AIManager()
                0x08004920                AIManager::AIManager()
 .text._ZN17PrizeBlockManagerC2Ev
                0x0800498e       0x28 main.o
                0x0800498e                PrizeBlockManager::PrizeBlockManager()
                0x0800498e                PrizeBlockManager::PrizeBlockManager()
 *fill*         0x080049b6        0x2 ff
 .text.__libc_init_array
                0x080049b8       0x54 c:/devkitpro/devkitarm/bin/../lib/gcc/arm-none-eabi/7.1.0/../../../../arm-none-eabi/lib/thumb\libg.a(lib_a-init.o)
                0x080049b8                __libc_init_array
 .text.memcpy   0x08004a0c       0x8c c:/devkitpro/devkitarm/bin/../lib/gcc/arm-none-eabi/7.1.0/../../../../arm-none-eabi/lib/thumb\libg.a(lib_a-memcpy-stub.o)
                0x08004a0c                memcpy
 .text.memset   0x08004a98       0xa4 c:/devkitpro/devkitarm/bin/../lib/gcc/arm-none-eabi/7.1.0/../../../../arm-none-eabi/lib/thumb\libg.a(lib_a-memset.o)
                0x08004a98                memset
 *fill*         0x08004b3c        0x4 ff
 .text.memset.__stub
                0x08004b40       0x34 linker stubs
 *(.text.*personality*)
 *(.gnu.warning)
 *(.glue_7t)
 .glue_7t       0x08004b78        0x0 linker stubs
 *(.glue_7)
 .glue_7        0x08004b78        0x0 linker stubs
 *(.vfp11_veneer)
 .vfp11_veneer  0x08004b78        0x0 linker stubs
                0x08004b78                . = ALIGN (0x4)
                0x08004b78                __text_end = .

.v4_bx          0x08004b78        0x0
 .v4_bx         0x08004b78        0x0 linker stubs

.iplt           0x08004b78        0x0
 .iplt          0x08004b78        0x0 c:/devkitpro/devkitarm/bin/../lib/gcc/arm-none-eabi/7.1.0/../../../../arm-none-eabi/lib/thumb/gba_crt0.o

.fini           0x08004b78        0xc
 *(.fini)
 .fini          0x08004b78        0x4 c:/devkitpro/devkitarm/bin/../lib/gcc/arm-none-eabi/7.1.0/thumb/crti.o
                0x08004b78                _fini
 .fini          0x08004b7c        0x8 c:/devkitpro/devkitarm/bin/../lib/gcc/arm-none-eabi/7.1.0/thumb/crtn.o
                0x08004b84                . = ALIGN (0x4)

.rodata         0x08004b84     0xb764
 *(.rodata)
 .rodata        0x08004b84     0x6a00 World1Level1_Maps.o
                0x08004b84                World1Level1Map
 .rodata        0x0800b584       0x20 World1Level1_Palette.o
                0x0800b584                World1Level1Palette
 .rodata        0x0800b5a4      0x660 World1Level1_Tiles.o
                0x0800b5a4                World1Level1Tiles
 .rodata        0x0800bc04      0x800 World1MapCollisions.o
                0x0800bc04                World1MapCollision
 .rodata        0x0800c404      0x800 World1Map_Maps.o
                0x0800c404                World1MapMap
 .rodata        0x0800cc04      0x200 World1Map_Palette.o
                0x0800cc04                World1MapPalette
 .rodata        0x0800ce04     0x2000 World1Map_Tiles.o
                0x0800ce04                World1MapTilesA
                0x0800d604                World1MapTilesB
                0x0800de04                World1MapTilesC
                0x0800e604                World1MapTilesD
 .rodata        0x0800ee04      0x414 EnemySprites.o
                0x0800ee04                EnemySpritesTiles
                0x0800f204                EnemySpritesPal
 .rodata        0x0800f218      0x40c Mario_Small.o
                0x0800f218                Mario_SmallTiles
                0x0800f618                Mario_SmallPal
 .rodata        0x0800f624      0x80c Mario_Tall.o
                0x0800f624                Mario_TallTiles
                0x0800fe24                Mario_TallPal
 .rodata        0x0800fe30      0x210 Powerups.o
                0x0800fe30                PowerupsTiles
                0x08010030                PowerupsPal
 .rodata        0x08010040       0x88 PrizeBlockEmpty.o
                0x08010040                PrizeBlockEmptyTiles
                0x080100c0                PrizeBlockEmptyPal
 .rodata        0x080100c8      0x220 particles.o
                0x080100c8                particlesTiles
                0x080102c8                particlesPal
 *all.rodata*(*)
 *(.roda)
 *(.rodata.*)
 *(.gnu.linkonce.r*)
                0x080102e8                . = ALIGN (0x4)

.ARM.extab
 *(.ARM.extab* .gnu.linkonce.armextab.*)
                0x080102e8                __exidx_start = .

.ARM.exidx
 *(.ARM.exidx* .gnu.linkonce.armexidx.*)
                0x080102e8                __exidx_end = .

.ctors          0x080102e8        0x0
 *crtbegin.o(.ctors)
 *(EXCLUDE_FILE(*crtend.o) .ctors)
 *(SORT(.ctors.*))
 *(.ctors)
                0x080102e8                . = ALIGN (0x4)

.dtors          0x080102e8        0x0
 *crtbegin.o(.dtors)
 *(EXCLUDE_FILE(*crtend.o) .dtors)
 *(SORT(.dtors.*))
 *(.dtors)
                0x080102e8                . = ALIGN (0x4)

.eh_frame       0x080102e8        0x4
 *(.eh_frame)
 .eh_frame      0x080102e8        0x0 c:/devkitpro/devkitarm/bin/../lib/gcc/arm-none-eabi/7.1.0/thumb/crtbegin.o
 .eh_frame      0x080102e8        0x4 c:/devkitpro/devkitarm/bin/../lib/gcc/arm-none-eabi/7.1.0/thumb/crtend.o
                0x080102ec                . = ALIGN (0x4)

.rel.dyn        0x080102ec        0x0
 .rel.iplt      0x080102ec        0x0 c:/devkitpro/devkitarm/bin/../lib/gcc/arm-none-eabi/7.1.0/../../../../arm-none-eabi/lib/thumb/gba_crt0.o

.gcc_except_table
                0x080102ec        0x0
 *(.gcc_except_table)
                0x080102ec                . = ALIGN (0x4)
                0x080102ec                __iwram_lma = .

.iwram          0x03000000        0x0 load address 0x080102ec
                0x03000000                __iwram_start__ = ABSOLUTE (.)
 *(.iwram)
 *iwram.*(.text)
                0x03000000                . = ALIGN (0x4)
                0x03000000                __iwram_end__ = ABSOLUTE (.)
                0x080102ec                __data_lma = (__iwram_lma + SIZEOF (.iwram))

.bss            0x03000000       0x28
                0x03000000                __bss_start = ABSOLUTE (.)
                0x03000000                __bss_start__ = ABSOLUTE (.)
 *(.dynbss)
 *(.gnu.linkonce.b*)
 *(.bss*)
 .bss.completed.6484
                0x03000000        0x1 c:/devkitpro/devkitarm/bin/../lib/gcc/arm-none-eabi/7.1.0/thumb/crtbegin.o
 *fill*         0x03000001        0x3 
 .bss.object.6489
                0x03000004       0x18 c:/devkitpro/devkitarm/bin/../lib/gcc/arm-none-eabi/7.1.0/thumb/crtbegin.o
 .bss           0x0300001c        0x4 DM_ParticleManager.o
                0x0300001c                g_pixels2Meter
 .bss           0x03000020        0x4 gba_input.o
                0x03000020                __currKeys
                0x03000022                __prevKeys
 .bss.fake_heap_end
                0x03000024        0x4 c:/devkitpro/devkitarm/bin/../lib/gcc/arm-none-eabi/7.1.0/../../../../arm-none-eabi/lib/thumb\libsysbase.a(malloc_vars.o)
                0x03000024                fake_heap_end
 *(COMMON)
                0x03000028                . = ALIGN (0x4)
                0x03000028                __bss_end__ = ABSOLUTE (.)

.data           0x03000028     0x6a44 load address 0x080102ec
                0x03000028                __data_start__ = ABSOLUTE (.)
 *(.data)
 .data          0x03000028        0x8 DM_MarioManager.o
                0x03000028                iMapWidth
                0x0300002c                iMapHeight
 .data          0x03000030        0x8 DM_ParticleManager.o
                0x03000030                g_gravity
                0x03000034                g_frameTime
 .data          0x03000038       0x2a DM_TileManager.o
                0x03000038                MAPWIDTH
                0x0300003c                MAPHEIGHT
                0x03000040                BG0SC_X
                0x03000044                BG0SC_Y
                0x03000048                BG1SC_X
                0x0300004c                BG1SC_Y
                0x03000050                BG2SC_X
                0x03000054                BG2SC_Y
                0x03000058                BG3SC_X
                0x0300005c                BG3SC_Y
                0x03000060                ScrollAmount
 *fill*         0x03000062        0x2 ff
 .data          0x03000064     0x6a00 World1Level1_Collisions.o
                0x03000064                World1Level1Collision
 .data          0x03006a64        0x4 gab_mathUtil.o
                0x03006a64                __qran_seed
 .data          0x03006a68        0x4 gba_gfx.o
                0x03006a68                vid_page
 *(.data.*)
 *(.gnu.linkonce.d*)
                0x03006a6c                . = ALIGN (0x4)
                0x08016d30                __preinit_lma = (__data_lma + SIZEOF (.data))

.igot.plt       0x03006a6c        0x0 load address 0x08016d30
 .igot.plt      0x03006a6c        0x0 c:/devkitpro/devkitarm/bin/../lib/gcc/arm-none-eabi/7.1.0/../../../../arm-none-eabi/lib/thumb/gba_crt0.o

.tm_clone_table
                0x03006a6c        0x0 load address 0x08016d30
 .tm_clone_table
                0x03006a6c        0x0 c:/devkitpro/devkitarm/bin/../lib/gcc/arm-none-eabi/7.1.0/thumb/crtbegin.o
 .tm_clone_table
                0x03006a6c        0x0 c:/devkitpro/devkitarm/bin/../lib/gcc/arm-none-eabi/7.1.0/thumb/crtend.o

.preinit_array  0x03006a6c        0x0 load address 0x08016d30
                0x03006a6c                __preinit_array_start = ABSOLUTE (.)
 *(.preinit_array)
                0x03006a6c                __preinit_array_end = ABSOLUTE (.)
                0x08016d30                __init_lma = (__preinit_lma + SIZEOF (.preinit_array))

.init_array     0x03006a6c        0x8 load address 0x08016d30
                0x03006a6c                __init_array_start = ABSOLUTE (.)
 *(SORT(.init_array.*))
 *(.init_array)
 .init_array    0x03006a6c        0x4 c:/devkitpro/devkitarm/bin/../lib/gcc/arm-none-eabi/7.1.0/thumb/crtbegin.o
 .init_array    0x03006a70        0x4 DM_ParticleManager.o
                0x03006a74                __init_array_end = ABSOLUTE (.)
                0x08016d38                __fini_lma = (__init_lma + SIZEOF (.init_array))

.fini_array     0x03006a74        0x4 load address 0x08016d38
                0x03006a74                __fini_array_start = ABSOLUTE (.)
 *(SORT(.fini_array.*))
 *(.fini_array)
 .fini_array    0x03006a74        0x4 c:/devkitpro/devkitarm/bin/../lib/gcc/arm-none-eabi/7.1.0/thumb/crtbegin.o
                0x03006a78                __fini_array_end = ABSOLUTE (.)
                0x08016d3c                __jcr_lma = (__fini_lma + SIZEOF (.fini_array))

.jcr            0x03006a78        0x0 load address 0x08016d3c
 *(.jcr)
                0x03006a78                __data_end__ = ABSOLUTE (.)
                0x08016d3c                __iwram_overlay_lma = (__jcr_lma + SIZEOF (.jcr))
                0x03006a78                __iwram_overlay_start = .

.iwram0         0x03006a78        0x0 load address 0x08016d3c
 *(.iwram0)
                0x03006a78                . = ALIGN (0x4)
                0x08016d3c                PROVIDE (__load_start_iwram0, LOADADDR (.iwram0))
                0x08016d3c                PROVIDE (__load_stop_iwram0, (LOADADDR (.iwram0) + SIZEOF (.iwram0)))

.iwram1         0x03006a78        0x0
 *(.iwram1)
                0x03006a78                . = ALIGN (0x4)
                [!provide]                PROVIDE (__load_start_iwram1, LOADADDR (.iwram1))
                [!provide]                PROVIDE (__load_stop_iwram1, (LOADADDR (.iwram1) + SIZEOF (.iwram1)))

.iwram2         0x03006a78        0x0
 *(.iwram2)
                0x03006a78                . = ALIGN (0x4)
                [!provide]                PROVIDE (__load_start_iwram2, LOADADDR (.iwram2))
                [!provide]                PROVIDE (__load_stop_iwram2, (LOADADDR (.iwram2) + SIZEOF (.iwram2)))

.iwram3         0x03006a78        0x0
 *(.iwram3)
                0x03006a78                . = ALIGN (0x4)
                [!provide]                PROVIDE (__load_start_iwram3, LOADADDR (.iwram3))
                [!provide]                PROVIDE (__load_stop_iwram3, (LOADADDR (.iwram3) + SIZEOF (.iwram3)))

.iwram4         0x03006a78        0x0
 *(.iwram4)
                0x03006a78                . = ALIGN (0x4)
                [!provide]                PROVIDE (__load_start_iwram4, LOADADDR (.iwram4))
                [!provide]                PROVIDE (__load_stop_iwram4, (LOADADDR (.iwram4) + SIZEOF (.iwram4)))

.iwram5         0x03006a78        0x0
 *(.iwram5)
                0x03006a78                . = ALIGN (0x4)
                [!provide]                PROVIDE (__load_start_iwram5, LOADADDR (.iwram5))
                [!provide]                PROVIDE (__load_stop_iwram5, (LOADADDR (.iwram5) + SIZEOF (.iwram5)))

.iwram6         0x03006a78        0x0
 *(.iwram6)
                0x03006a78                . = ALIGN (0x4)
                [!provide]                PROVIDE (__load_start_iwram6, LOADADDR (.iwram6))
                [!provide]                PROVIDE (__load_stop_iwram6, (LOADADDR (.iwram6) + SIZEOF (.iwram6)))

.iwram7         0x03006a78        0x0
 *(.iwram7)
                0x03006a78                . = ALIGN (0x4)
                [!provide]                PROVIDE (__load_start_iwram7, LOADADDR (.iwram7))
                [!provide]                PROVIDE (__load_stop_iwram7, (LOADADDR (.iwram7) + SIZEOF (.iwram7)))

.iwram8         0x03006a78        0x0
 *(.iwram8)
                0x03006a78                . = ALIGN (0x4)
                [!provide]                PROVIDE (__load_start_iwram8, LOADADDR (.iwram8))
                [!provide]                PROVIDE (__load_stop_iwram8, (LOADADDR (.iwram8) + SIZEOF (.iwram8)))

.iwram9         0x03006a78        0x0
 *(.iwram9)
                0x03006a78                . = ALIGN (0x4)
                [!provide]                PROVIDE (__load_start_iwram9, LOADADDR (.iwram9))
                [!provide]                PROVIDE (__load_stop_iwram9, (LOADADDR (.iwram9) + SIZEOF (.iwram9)))
                0x03006a78                __iwram_overlay_end = .
                0x08016d3c                __ewram_lma = (__iwram_overlay_lma + (__iwram_overlay_end - __iwram_overlay_start))
                0x03006a78                __iheap_start = .
                0x02000000                __ewram_start = ORIGIN (ewram)

.ewram          0x02000000        0x0 load address 0x08016d3c
 *(.ewram)
                0x02000000                . = ALIGN (0x4)
                0x02000000                __ewram_end = ABSOLUTE (.)
                0x08016d3c                __pad_lma = (__ewram_lma + SIZEOF (.ewram))

.sbss           0x02000000        0x0
                0x02000000                __sbss_start__ = ABSOLUTE (.)
 *(.sbss)
                0x02000000                . = ALIGN (0x4)
                0x02000000                __sbss_end__ = ABSOLUTE (.)
                0x02000000                __end__ = ABSOLUTE (.)
                0x02000000                __eheap_start = ABSOLUTE (.)

.pad            0x02000000        0x8 load address 0x08016d3c
                0x02000000        0x4 LONG 0x52416b64
                0x02000004        0x4 LONG 0x4d
                0x02000008                . = ALIGN (0x4)
                0x08016d44                __rom_end__ = (__pad_lma + SIZEOF (.pad))

.stab
 *(.stab)

.stabstr
 *(.stabstr)

.stab.excl
 *(.stab.excl)

.stab.exclstr
 *(.stab.exclstr)

.stab.index
 *(.stab.index)

.stab.indexstr
 *(.stab.indexstr)

.comment        0x00000000       0x22
 *(.comment)
 .comment       0x00000000       0x22 c:/devkitpro/devkitarm/bin/../lib/gcc/arm-none-eabi/7.1.0/thumb/crtbegin.o
                                 0x23 (size before relaxing)
 .comment       0x00000022       0x23 DM_AIManager.o
 .comment       0x00000022       0x23 DM_MarioManager.o
 .comment       0x00000022       0x23 DM_ParticleManager.o
 .comment       0x00000022       0x23 DM_PrizeBlockManager.o
 .comment       0x00000022       0x23 DM_SpriteManager.o
 .comment       0x00000022       0x23 DM_TileManager.o
 .comment       0x00000022       0x23 World1Level1_Collisions.o
 .comment       0x00000022       0x23 World1Level1_Maps.o
 .comment       0x00000022       0x23 World1Level1_Palette.o
 .comment       0x00000022       0x23 World1Level1_Tiles.o
 .comment       0x00000022       0x23 World1MapCollisions.o
 .comment       0x00000022       0x23 World1Map_Maps.o
 .comment       0x00000022       0x23 World1Map_Palette.o
 .comment       0x00000022       0x23 World1Map_Tiles.o
 .comment       0x00000022       0x23 main.o
 .comment       0x00000022       0x23 EnemySprites.o
 .comment       0x00000022       0x23 Mario_Small.o
 .comment       0x00000022       0x23 Mario_Tall.o
 .comment       0x00000022       0x23 Powerups.o
 .comment       0x00000022       0x23 PrizeBlockEmpty.o
 .comment       0x00000022       0x23 gab_mathUtil.o
 .comment       0x00000022       0x23 gba_gfx.o
 .comment       0x00000022       0x23 gba_input.o
 .comment       0x00000022       0x23 gba_math.o
 .comment       0x00000022       0x23 particles.o
 .comment       0x00000022       0x23 c:/devkitpro/devkitarm/bin/../lib/gcc/arm-none-eabi/7.1.0/../../../../arm-none-eabi/lib/thumb\libg.a(lib_a-init.o)
 .comment       0x00000022       0x23 c:/devkitpro/devkitarm/bin/../lib/gcc/arm-none-eabi/7.1.0/../../../../arm-none-eabi/lib/thumb\libg.a(lib_a-memcpy-stub.o)
 .comment       0x00000022       0x23 c:/devkitpro/devkitarm/bin/../lib/gcc/arm-none-eabi/7.1.0/../../../../arm-none-eabi/lib/thumb\libg.a(lib_a-memset.o)
 .comment       0x00000022       0x23 c:/devkitpro/devkitarm/bin/../lib/gcc/arm-none-eabi/7.1.0/../../../../arm-none-eabi/lib/thumb\libsysbase.a(malloc_vars.o)
 .comment       0x00000022       0x23 c:/devkitpro/devkitarm/bin/../lib/gcc/arm-none-eabi/7.1.0/thumb/crtend.o

.debug
 *(.debug)

.line
 *(.line)

.debug_srcinfo
 *(.debug_srcinfo)

.debug_sfnames
 *(.debug_sfnames)

.debug_aranges  0x00000000      0x2f8
 *(.debug_aranges)
 .debug_aranges
                0x00000000       0x20 DM_AIManager.o
 .debug_aranges
                0x00000020       0x28 DM_MarioManager.o
 .debug_aranges
                0x00000048       0x20 DM_ParticleManager.o
 .debug_aranges
                0x00000068       0x20 DM_PrizeBlockManager.o
 .debug_aranges
                0x00000088       0x20 DM_SpriteManager.o
 .debug_aranges
                0x000000a8       0x20 DM_TileManager.o
 .debug_aranges
                0x000000c8       0x18 World1Level1_Collisions.o
 .debug_aranges
                0x000000e0       0x18 World1Level1_Maps.o
 .debug_aranges
                0x000000f8       0x18 World1Level1_Palette.o
 .debug_aranges
                0x00000110       0x18 World1Level1_Tiles.o
 .debug_aranges
                0x00000128       0x18 World1MapCollisions.o
 .debug_aranges
                0x00000140       0x18 World1Map_Maps.o
 .debug_aranges
                0x00000158       0x18 World1Map_Palette.o
 .debug_aranges
                0x00000170       0x18 World1Map_Tiles.o
 .debug_aranges
                0x00000188       0x68 main.o
 .debug_aranges
                0x000001f0       0x18 EnemySprites.o
 .debug_aranges
                0x00000208       0x18 Mario_Small.o
 .debug_aranges
                0x00000220       0x18 Mario_Tall.o
 .debug_aranges
                0x00000238       0x18 Powerups.o
 .debug_aranges
                0x00000250       0x18 PrizeBlockEmpty.o
 .debug_aranges
                0x00000268       0x20 gab_mathUtil.o
 .debug_aranges
                0x00000288       0x20 gba_gfx.o
 .debug_aranges
                0x000002a8       0x18 gba_input.o
 .debug_aranges
                0x000002c0       0x20 gba_math.o
 .debug_aranges
                0x000002e0       0x18 particles.o

.debug_pubnames
 *(.debug_pubnames)

.debug_info     0x00000000     0x9092
 *(.debug_info)
 .debug_info    0x00000000      0xc6e DM_AIManager.o
 .debug_info    0x00000c6e     0x19bf DM_MarioManager.o
 .debug_info    0x0000262d      0xa5c DM_ParticleManager.o
 .debug_info    0x00003089      0xbc1 DM_PrizeBlockManager.o
 .debug_info    0x00003c4a     0x1389 DM_SpriteManager.o
 .debug_info    0x00004fd3     0x1358 DM_TileManager.o
 .debug_info    0x0000632b       0xc4 World1Level1_Collisions.o
 .debug_info    0x000063ef       0xc4 World1Level1_Maps.o
 .debug_info    0x000064b3       0xc4 World1Level1_Palette.o
 .debug_info    0x00006577       0xc4 World1Level1_Tiles.o
 .debug_info    0x0000663b       0xc4 World1MapCollisions.o
 .debug_info    0x000066ff       0xc4 World1Map_Maps.o
 .debug_info    0x000067c3       0xc4 World1Map_Palette.o
 .debug_info    0x00006887       0xeb World1Map_Tiles.o
 .debug_info    0x00006972     0x17fe main.o
 .debug_info    0x00008170       0x82 EnemySprites.o
 .debug_info    0x000081f2       0x82 Mario_Small.o
 .debug_info    0x00008274       0x82 Mario_Tall.o
 .debug_info    0x000082f6       0x81 Powerups.o
 .debug_info    0x00008377       0x8f PrizeBlockEmpty.o
 .debug_info    0x00008406      0x19a gab_mathUtil.o
 .debug_info    0x000085a0      0x702 gba_gfx.o
 .debug_info    0x00008ca2       0xb9 gba_input.o
 .debug_info    0x00008d5b      0x2b6 gba_math.o
 .debug_info    0x00009011       0x81 particles.o

.debug_abbrev   0x00000000     0x198a
 *(.debug_abbrev)
 .debug_abbrev  0x00000000      0x235 DM_AIManager.o
 .debug_abbrev  0x00000235      0x2c2 DM_MarioManager.o
 .debug_abbrev  0x000004f7      0x24d DM_ParticleManager.o
 .debug_abbrev  0x00000744      0x1e0 DM_PrizeBlockManager.o
 .debug_abbrev  0x00000924      0x2b1 DM_SpriteManager.o
 .debug_abbrev  0x00000bd5      0x2b1 DM_TileManager.o
 .debug_abbrev  0x00000e86       0x5b World1Level1_Collisions.o
 .debug_abbrev  0x00000ee1       0x5b World1Level1_Maps.o
 .debug_abbrev  0x00000f3c       0x5b World1Level1_Palette.o
 .debug_abbrev  0x00000f97       0x5b World1Level1_Tiles.o
 .debug_abbrev  0x00000ff2       0x5b World1MapCollisions.o
 .debug_abbrev  0x0000104d       0x5b World1Map_Maps.o
 .debug_abbrev  0x000010a8       0x5b World1Map_Palette.o
 .debug_abbrev  0x00001103       0x5b World1Map_Tiles.o
 .debug_abbrev  0x0000115e      0x29f main.o
 .debug_abbrev  0x000013fd       0x51 EnemySprites.o
 .debug_abbrev  0x0000144e       0x51 Mario_Small.o
 .debug_abbrev  0x0000149f       0x51 Mario_Tall.o
 .debug_abbrev  0x000014f0       0x48 Powerups.o
 .debug_abbrev  0x00001538       0x52 PrizeBlockEmpty.o
 .debug_abbrev  0x0000158a      0x115 gab_mathUtil.o
 .debug_abbrev  0x0000169f      0x191 gba_gfx.o
 .debug_abbrev  0x00001830       0x5e gba_input.o
 .debug_abbrev  0x0000188e       0xb4 gba_math.o
 .debug_abbrev  0x00001942       0x48 particles.o

.debug_line     0x00000000     0x2201
 *(.debug_line)
 .debug_line    0x00000000      0x261 DM_AIManager.o
 .debug_line    0x00000261      0x575 DM_MarioManager.o
 .debug_line    0x000007d6      0x256 DM_ParticleManager.o
 .debug_line    0x00000a2c      0x208 DM_PrizeBlockManager.o
 .debug_line    0x00000c34      0x25e DM_SpriteManager.o
 .debug_line    0x00000e92      0x2e7 DM_TileManager.o
 .debug_line    0x00001179       0xab World1Level1_Collisions.o
 .debug_line    0x00001224       0xa5 World1Level1_Maps.o
 .debug_line    0x000012c9       0xa8 World1Level1_Palette.o
 .debug_line    0x00001371       0xa6 World1Level1_Tiles.o
 .debug_line    0x00001417       0xa4 World1MapCollisions.o
 .debug_line    0x000014bb       0x9f World1Map_Maps.o
 .debug_line    0x0000155a       0xa2 World1Map_Palette.o
 .debug_line    0x000015fc       0xa0 World1Map_Tiles.o
 .debug_line    0x0000169c      0x39d main.o
 .debug_line    0x00001a39       0x59 EnemySprites.o
 .debug_line    0x00001a92       0x58 Mario_Small.o
 .debug_line    0x00001aea       0x57 Mario_Tall.o
 .debug_line    0x00001b41       0x55 Powerups.o
 .debug_line    0x00001b96       0x9c PrizeBlockEmpty.o
 .debug_line    0x00001c32      0x160 gab_mathUtil.o
 .debug_line    0x00001d92      0x1a5 gba_gfx.o
 .debug_line    0x00001f37      0x126 gba_input.o
 .debug_line    0x0000205d      0x14e gba_math.o
 .debug_line    0x000021ab       0x56 particles.o

.debug_frame    0x00000000      0xd40
 *(.debug_frame)
 .debug_frame   0x00000000       0xd4 DM_AIManager.o
 .debug_frame   0x000000d4      0x220 DM_MarioManager.o
 .debug_frame   0x000002f4      0x130 DM_ParticleManager.o
 .debug_frame   0x00000424       0xb0 DM_PrizeBlockManager.o
 .debug_frame   0x000004d4      0x1d4 DM_SpriteManager.o
 .debug_frame   0x000006a8       0xd0 DM_TileManager.o
 .debug_frame   0x00000778      0x17c main.o
 .debug_frame   0x000008f4       0xac gab_mathUtil.o
 .debug_frame   0x000009a0      0x250 gba_gfx.o
 .debug_frame   0x00000bf0      0x150 gba_math.o

.debug_str      0x00000000     0x26b2
 *(.debug_str)
 .debug_str     0x00000000      0x8f9 DM_AIManager.o
                                0x9c1 (size before relaxing)
 .debug_str     0x000008f9      0xa34 DM_MarioManager.o
                               0x134a (size before relaxing)
 .debug_str     0x0000132d       0xc1 DM_ParticleManager.o
                                0x866 (size before relaxing)
 .debug_str     0x000013ee       0xc3 DM_PrizeBlockManager.o
                                0xa17 (size before relaxing)
 .debug_str     0x000014b1      0x54f DM_SpriteManager.o
                                0xa98 (size before relaxing)
 .debug_str     0x00001a00      0x31d DM_TileManager.o
                                0x99e (size before relaxing)
 .debug_str     0x00001d1d       0x46 World1Level1_Collisions.o
                                0x148 (size before relaxing)
 .debug_str     0x00001d63       0x40 World1Level1_Maps.o
                                0x142 (size before relaxing)
 .debug_str     0x00001da3       0x43 World1Level1_Palette.o
                                0x145 (size before relaxing)
 .debug_str     0x00001de6       0x41 World1Level1_Tiles.o
                                0x143 (size before relaxing)
 .debug_str     0x00001e27       0xb3 World1MapCollisions.o
                                0x169 (size before relaxing)
 .debug_str     0x00001eda       0x3d World1Map_Maps.o
                                0x164 (size before relaxing)
 .debug_str     0x00001f17       0x40 World1Map_Palette.o
                                0x167 (size before relaxing)
 .debug_str     0x00001f57       0x3e World1Map_Tiles.o
                                0x165 (size before relaxing)
 .debug_str     0x00001f95      0x2a0 main.o
                               0x153b (size before relaxing)
 .debug_str     0x00002235       0x8a EnemySprites.o
                                 0xf5 (size before relaxing)
 .debug_str     0x000022bf       0x38 Mario_Small.o
                                 0xf2 (size before relaxing)
 .debug_str     0x000022f7       0x37 Mario_Tall.o
                                 0xef (size before relaxing)
 .debug_str     0x0000232e       0x35 Powerups.o
                                 0xe9 (size before relaxing)
 .debug_str     0x00002363       0x3c PrizeBlockEmpty.o
                                 0xfe (size before relaxing)
 .debug_str     0x0000239f       0x61 gab_mathUtil.o
                                0x187 (size before relaxing)
 .debug_str     0x00002400      0x1b4 gba_gfx.o
                                0x43f (size before relaxing)
 .debug_str     0x000025b4       0x36 gba_input.o
                                0x15e (size before relaxing)
 .debug_str     0x000025ea       0x92 gba_math.o
                                0x1c2 (size before relaxing)
 .debug_str     0x0000267c       0x36 particles.o
                                 0xec (size before relaxing)

.debug_loc      0x00000000     0x15b7
 *(.debug_loc)
 .debug_loc     0x00000000      0x152 DM_AIManager.o
 .debug_loc     0x00000152      0x38f DM_MarioManager.o
 .debug_loc     0x000004e1      0x1ec DM_ParticleManager.o
 .debug_loc     0x000006cd      0x118 DM_PrizeBlockManager.o
 .debug_loc     0x000007e5      0x310 DM_SpriteManager.o
 .debug_loc     0x00000af5      0x150 DM_TileManager.o
 .debug_loc     0x00000c45      0x25e main.o
 .debug_loc     0x00000ea3      0x10c gab_mathUtil.o
 .debug_loc     0x00000faf      0x3d8 gba_gfx.o
 .debug_loc     0x00001387      0x230 gba_math.o

.debug_macinfo
 *(.debug_macinfo)

.debug_weaknames
 *(.debug_weaknames)

.debug_funcnames
 *(.debug_funcnames)

.debug_typenames
 *(.debug_typenames)

.debug_varnames
 *(.debug_varnames)

.stack          0x00080000        0x0
                0x00080000                _stack = .
 *(.stack)

.note.gnu.arm.ident
 *(.note.gnu.arm.ident)

.ARM.attributes
                0x00000000       0x2c
 *(.ARM.attributes)
 .ARM.attributes
                0x00000000       0x20 c:/devkitpro/devkitarm/bin/../lib/gcc/arm-none-eabi/7.1.0/../../../../arm-none-eabi/lib/thumb/gba_crt0.o
 .ARM.attributes
                0x00000020       0x16 c:/devkitpro/devkitarm/bin/../lib/gcc/arm-none-eabi/7.1.0/thumb/crti.o
 .ARM.attributes
                0x00000036       0x30 c:/devkitpro/devkitarm/bin/../lib/gcc/arm-none-eabi/7.1.0/thumb/crtbegin.o
 .ARM.attributes
                0x00000066       0x30 DM_AIManager.o
 .ARM.attributes
                0x00000096       0x30 DM_MarioManager.o
 .ARM.attributes
                0x000000c6       0x30 DM_ParticleManager.o
 .ARM.attributes
                0x000000f6       0x30 DM_PrizeBlockManager.o
 .ARM.attributes
                0x00000126       0x30 DM_SpriteManager.o
 .ARM.attributes
                0x00000156       0x30 DM_TileManager.o
 .ARM.attributes
                0x00000186       0x30 World1Level1_Collisions.o
 .ARM.attributes
                0x000001b6       0x30 World1Level1_Maps.o
 .ARM.attributes
                0x000001e6       0x30 World1Level1_Palette.o
 .ARM.attributes
                0x00000216       0x30 World1Level1_Tiles.o
 .ARM.attributes
                0x00000246       0x30 World1MapCollisions.o
 .ARM.attributes
                0x00000276       0x30 World1Map_Maps.o
 .ARM.attributes
                0x000002a6       0x30 World1Map_Palette.o
 .ARM.attributes
                0x000002d6       0x30 World1Map_Tiles.o
 .ARM.attributes
                0x00000306       0x30 main.o
 .ARM.attributes
                0x00000336       0x30 EnemySprites.o
 .ARM.attributes
                0x00000366       0x30 Mario_Small.o
 .ARM.attributes
                0x00000396       0x30 Mario_Tall.o
 .ARM.attributes
                0x000003c6       0x30 Powerups.o
 .ARM.attributes
                0x000003f6       0x30 PrizeBlockEmpty.o
 .ARM.attributes
                0x00000426       0x30 gab_mathUtil.o
 .ARM.attributes
                0x00000456       0x30 gba_gfx.o
 .ARM.attributes
                0x00000486       0x30 gba_input.o
 .ARM.attributes
                0x000004b6       0x30 gba_math.o
 .ARM.attributes
                0x000004e6       0x30 particles.o
 .ARM.attributes
                0x00000516       0x18 c:/devkitpro/devkitarm/bin/../lib/gcc/arm-none-eabi/7.1.0/thumb\libgcc.a(_divsi3.o)
 .ARM.attributes
                0x0000052e       0x16 c:/devkitpro/devkitarm/bin/../lib/gcc/arm-none-eabi/7.1.0/thumb\libgcc.a(_dvmd_tls.o)
 .ARM.attributes
                0x00000544       0x18 c:/devkitpro/devkitarm/bin/../lib/gcc/arm-none-eabi/7.1.0/thumb\libgcc.a(_arm_addsubsf3.o)
 .ARM.attributes
                0x0000055c       0x18 c:/devkitpro/devkitarm/bin/../lib/gcc/arm-none-eabi/7.1.0/thumb\libgcc.a(_arm_muldivsf3.o)
 .ARM.attributes
                0x00000574       0x18 c:/devkitpro/devkitarm/bin/../lib/gcc/arm-none-eabi/7.1.0/thumb\libgcc.a(_arm_fixsfsi.o)
 .ARM.attributes
                0x0000058c       0x30 c:/devkitpro/devkitarm/bin/../lib/gcc/arm-none-eabi/7.1.0/../../../../arm-none-eabi/lib/thumb\libg.a(lib_a-init.o)
 .ARM.attributes
                0x000005bc       0x30 c:/devkitpro/devkitarm/bin/../lib/gcc/arm-none-eabi/7.1.0/../../../../arm-none-eabi/lib/thumb\libg.a(lib_a-memcpy-stub.o)
 .ARM.attributes
                0x000005ec       0x30 c:/devkitpro/devkitarm/bin/../lib/gcc/arm-none-eabi/7.1.0/../../../../arm-none-eabi/lib/thumb\libg.a(lib_a-memset.o)
 .ARM.attributes
                0x0000061c       0x30 c:/devkitpro/devkitarm/bin/../lib/gcc/arm-none-eabi/7.1.0/../../../../arm-none-eabi/lib/thumb\libsysbase.a(malloc_vars.o)
 .ARM.attributes
                0x0000064c       0x30 c:/devkitpro/devkitarm/bin/../lib/gcc/arm-none-eabi/7.1.0/thumb/crtend.o
 .ARM.attributes
                0x0000067c       0x16 c:/devkitpro/devkitarm/bin/../lib/gcc/arm-none-eabi/7.1.0/thumb/crtn.o

/DISCARD/
 *(.note.GNU-stack)
LOAD c:/devkitpro/devkitarm/bin/../lib/gcc/arm-none-eabi/7.1.0/../../../../arm-none-eabi/lib/thumb/gba_crt0.o
LOAD c:/devkitpro/devkitarm/bin/../lib/gcc/arm-none-eabi/7.1.0/thumb/crti.o
LOAD c:/devkitpro/devkitarm/bin/../lib/gcc/arm-none-eabi/7.1.0/thumb/crtbegin.o
LOAD DM_AIManager.o
LOAD DM_MarioManager.o
LOAD DM_ParticleManager.o
LOAD DM_PrizeBlockManager.o
LOAD DM_SpriteManager.o
LOAD DM_TileManager.o
LOAD World1Level1_Collisions.o
LOAD World1Level1_Maps.o
LOAD World1Level1_Palette.o
LOAD World1Level1_Tiles.o
LOAD World1MapCollisions.o
LOAD World1Map_Maps.o
LOAD World1Map_Palette.o
LOAD World1Map_Tiles.o
LOAD main.o
LOAD EnemySprites.o
LOAD Mario_Small.o
LOAD Mario_Tall.o
LOAD Powerups.o
LOAD PrizeBlockEmpty.o
LOAD gab_mathUtil.o
LOAD gba_gfx.o
LOAD gba_input.o
LOAD gba_math.o
LOAD particles.o
LOAD c:/devkitPro/libgba/lib\libmm.a
LOAD c:/devkitPro/libgba/lib\libgba.a
LOAD c:/devkitpro/devkitarm/bin/../lib/gcc/arm-none-eabi/7.1.0/../../../../arm-none-eabi/lib/thumb\libstdc++.a
LOAD c:/devkitpro/devkitarm/bin/../lib/gcc/arm-none-eabi/7.1.0/../../../../arm-none-eabi/lib/thumb\libm.a
START GROUP
LOAD c:/devkitpro/devkitarm/bin/../lib/gcc/arm-none-eabi/7.1.0/thumb\libgcc.a
LOAD c:/devkitpro/devkitarm/bin/../lib/gcc/arm-none-eabi/7.1.0/../../../../arm-none-eabi/lib/thumb\libg.a
LOAD c:/devkitpro/devkitarm/bin/../lib/gcc/arm-none-eabi/7.1.0/../../../../arm-none-eabi/lib/thumb\libc.a
LOAD c:/devkitpro/devkitarm/bin/../lib/gcc/arm-none-eabi/7.1.0/../../../../arm-none-eabi/lib/thumb\libsysbase.a
END GROUP
LOAD c:/devkitpro/devkitarm/bin/../lib/gcc/arm-none-eabi/7.1.0/thumb/crtend.o
LOAD c:/devkitpro/devkitarm/bin/../lib/gcc/arm-none-eabi/7.1.0/thumb/crtn.o
OUTPUT(c:/Users/Betat/Documents/gba-mario/gba-mario.elf elf32-littlearm)

.debug_ranges   0x00000000       0xa0
 .debug_ranges  0x00000000       0x18 DM_AIManager.o
 .debug_ranges  0x00000018       0x30 DM_MarioManager.o
 .debug_ranges  0x00000048       0x58 main.o
