Archive member included to satisfy reference by file (symbol)

c:/devkitpro/devkitarm/bin/../lib/gcc/arm-none-eabi/7.1.0/thumb\libgcc.a(_divsi3.o)
                              gba_math.o (__aeabi_idiv)
c:/devkitpro/devkitarm/bin/../lib/gcc/arm-none-eabi/7.1.0/thumb\libgcc.a(_dvmd_tls.o)
                              c:/devkitpro/devkitarm/bin/../lib/gcc/arm-none-eabi/7.1.0/thumb\libgcc.a(_divsi3.o) (__aeabi_idiv0)
c:/devkitpro/devkitarm/bin/../lib/gcc/arm-none-eabi/7.1.0/thumb\libgcc.a(_arm_addsubsf3.o)
                              gba_math.o (__aeabi_i2f)
c:/devkitpro/devkitarm/bin/../lib/gcc/arm-none-eabi/7.1.0/thumb\libgcc.a(_arm_muldivsf3.o)
                              gba_math.o (__aeabi_fmul)
c:/devkitpro/devkitarm/bin/../lib/gcc/arm-none-eabi/7.1.0/thumb\libgcc.a(_arm_fixsfsi.o)
                              gba_math.o (__aeabi_f2iz)
c:/devkitpro/devkitarm/bin/../lib/gcc/arm-none-eabi/7.1.0/../../../../arm-none-eabi/lib/thumb\libg.a(lib_a-init.o)
                              c:/devkitpro/devkitarm/bin/../lib/gcc/arm-none-eabi/7.1.0/../../../../arm-none-eabi/lib/thumb/gba_crt0.o (__libc_init_array)
c:/devkitpro/devkitarm/bin/../lib/gcc/arm-none-eabi/7.1.0/../../../../arm-none-eabi/lib/thumb\libg.a(lib_a-memcpy-stub.o)
                              DM_SpriteManager.o (memcpy)
c:/devkitpro/devkitarm/bin/../lib/gcc/arm-none-eabi/7.1.0/../../../../arm-none-eabi/lib/thumb\libsysbase.a(malloc_vars.o)
                              c:/devkitpro/devkitarm/bin/../lib/gcc/arm-none-eabi/7.1.0/../../../../arm-none-eabi/lib/thumb/gba_crt0.o (fake_heap_end)

Discarded input sections

 .text          0x00000000        0x0 c:/devkitpro/devkitarm/bin/../lib/gcc/arm-none-eabi/7.1.0/../../../../arm-none-eabi/lib/thumb/gba_crt0.o
 .data          0x00000000        0x0 c:/devkitpro/devkitarm/bin/../lib/gcc/arm-none-eabi/7.1.0/../../../../arm-none-eabi/lib/thumb/gba_crt0.o
 .bss           0x00000000        0x0 c:/devkitpro/devkitarm/bin/../lib/gcc/arm-none-eabi/7.1.0/../../../../arm-none-eabi/lib/thumb/gba_crt0.o
 .text          0x00000000        0x0 c:/devkitpro/devkitarm/bin/../lib/gcc/arm-none-eabi/7.1.0/thumb/crti.o
 .data          0x00000000        0x0 c:/devkitpro/devkitarm/bin/../lib/gcc/arm-none-eabi/7.1.0/thumb/crti.o
 .bss           0x00000000        0x0 c:/devkitpro/devkitarm/bin/../lib/gcc/arm-none-eabi/7.1.0/thumb/crti.o
 .text          0x00000000        0x0 c:/devkitpro/devkitarm/bin/../lib/gcc/arm-none-eabi/7.1.0/thumb/crtbegin.o
 .data          0x00000000        0x0 c:/devkitpro/devkitarm/bin/../lib/gcc/arm-none-eabi/7.1.0/thumb/crtbegin.o
 .bss           0x00000000        0x0 c:/devkitpro/devkitarm/bin/../lib/gcc/arm-none-eabi/7.1.0/thumb/crtbegin.o
 .data.__dso_handle
                0x00000000        0x4 c:/devkitpro/devkitarm/bin/../lib/gcc/arm-none-eabi/7.1.0/thumb/crtbegin.o
 .data          0x00000000        0x0 DM_AIManager.o
 .bss           0x00000000        0x0 DM_AIManager.o
 .group         0x00000000        0x8 DM_MarioManager.o
 .data          0x00000000        0x0 DM_PrizeBlockManager.o
 .bss           0x00000000        0x0 DM_PrizeBlockManager.o
 .data          0x00000000        0x0 DM_SpriteManager.o
 .bss           0x00000000        0x0 DM_SpriteManager.o
 .bss           0x00000000        0x2 DM_TileManager.o
 .text          0x00000000        0x0 World1Level1_Collisions.o
 .data          0x00000000        0x0 World1Level1_Collisions.o
 .text          0x00000000        0x0 World1Level1_Maps.o
 .data          0x00000000        0x0 World1Level1_Maps.o
 .bss           0x00000000        0x0 World1Level1_Maps.o
 .text          0x00000000        0x0 World1Level1_Palette.o
 .data          0x00000000        0x0 World1Level1_Palette.o
 .bss           0x00000000        0x0 World1Level1_Palette.o
 .text          0x00000000        0x0 World1Level1_Tiles.o
 .data          0x00000000        0x0 World1Level1_Tiles.o
 .bss           0x00000000        0x0 World1Level1_Tiles.o
 .text          0x00000000        0x0 World1Level2_Collisions.o
 .data          0x00000000        0x0 World1Level2_Collisions.o
 .bss           0x00000000        0x0 World1Level2_Collisions.o
 .text          0x00000000        0x0 World1Level2_Maps.o
 .data          0x00000000        0x0 World1Level2_Maps.o
 .bss           0x00000000        0x0 World1Level2_Maps.o
 .text          0x00000000        0x0 World1Level2_Palette.o
 .data          0x00000000        0x0 World1Level2_Palette.o
 .bss           0x00000000        0x0 World1Level2_Palette.o
 .text          0x00000000        0x0 World1Level2_Tiles.o
 .data          0x00000000        0x0 World1Level2_Tiles.o
 .bss           0x00000000        0x0 World1Level2_Tiles.o
 .text          0x00000000        0x0 World1MapCollisions.o
 .data          0x00000000        0x0 World1MapCollisions.o
 .bss           0x00000000        0x0 World1MapCollisions.o
 .text          0x00000000        0x0 World1Map_Maps.o
 .data          0x00000000        0x0 World1Map_Maps.o
 .bss           0x00000000        0x0 World1Map_Maps.o
 .text          0x00000000        0x0 World1Map_Palette.o
 .data          0x00000000        0x0 World1Map_Palette.o
 .bss           0x00000000        0x0 World1Map_Palette.o
 .text          0x00000000        0x0 World1Map_Tiles.o
 .data          0x00000000        0x0 World1Map_Tiles.o
 .bss           0x00000000        0x0 World1Map_Tiles.o
 .group         0x00000000        0x8 main.o
 .group         0x00000000        0x8 main.o
 .group         0x00000000        0x8 main.o
 .group         0x00000000        0x8 main.o
 .group         0x00000000        0x8 main.o
 .group         0x00000000        0x8 main.o
 .group         0x00000000        0x8 main.o
 .group         0x00000000        0x8 main.o
 .group         0x00000000        0x8 main.o
 .group         0x00000000        0x8 main.o
 .data          0x00000000        0x0 main.o
 .bss           0x00000000        0x0 main.o
 .text.keyHit   0x00000000       0x30 main.o
 .text          0x00000000        0x0 EnemySprites.o
 .data          0x00000000        0x0 EnemySprites.o
 .bss           0x00000000        0x0 EnemySprites.o
 .text          0x00000000        0x0 Fireball.o
 .data          0x00000000        0x0 Fireball.o
 .bss           0x00000000        0x0 Fireball.o
 .text          0x00000000        0x0 Mario_Fire.o
 .data          0x00000000        0x0 Mario_Fire.o
 .bss           0x00000000        0x0 Mario_Fire.o
 .text          0x00000000        0x0 Mario_Small.o
 .data          0x00000000        0x0 Mario_Small.o
 .bss           0x00000000        0x0 Mario_Small.o
 .text          0x00000000        0x0 Mario_Tall.o
 .data          0x00000000        0x0 Mario_Tall.o
 .bss           0x00000000        0x0 Mario_Tall.o
 .text          0x00000000        0x0 Powerups.o
 .data          0x00000000        0x0 Powerups.o
 .bss           0x00000000        0x0 Powerups.o
 .text          0x00000000        0x0 PrizeBlockEmpty.o
 .data          0x00000000        0x0 PrizeBlockEmpty.o
 .bss           0x00000000        0x0 PrizeBlockEmpty.o
 .text          0x00000000        0x0 ScoreParticle.o
 .data          0x00000000        0x0 ScoreParticle.o
 .bss           0x00000000        0x0 ScoreParticle.o
 .bss           0x00000000        0x0 gab_mathUtil.o
 .bss           0x00000000      0x400 gba_gfx.o
 .rodata        0x00000000        0x4 gba_gfx.o
 .text          0x00000000        0x0 gba_input.o
 .data          0x00000000        0x0 gba_input.o
 .data          0x00000000        0x0 gba_math.o
 .bss           0x00000000        0x0 gba_math.o
 .text          0x00000000        0x0 particles.o
 .data          0x00000000        0x0 particles.o
 .bss           0x00000000        0x0 particles.o
 .rodata        0x00000000      0x220 particles.o
 .data          0x00000000        0x0 c:/devkitpro/devkitarm/bin/../lib/gcc/arm-none-eabi/7.1.0/thumb\libgcc.a(_divsi3.o)
 .bss           0x00000000        0x0 c:/devkitpro/devkitarm/bin/../lib/gcc/arm-none-eabi/7.1.0/thumb\libgcc.a(_divsi3.o)
 .data          0x00000000        0x0 c:/devkitpro/devkitarm/bin/../lib/gcc/arm-none-eabi/7.1.0/thumb\libgcc.a(_dvmd_tls.o)
 .bss           0x00000000        0x0 c:/devkitpro/devkitarm/bin/../lib/gcc/arm-none-eabi/7.1.0/thumb\libgcc.a(_dvmd_tls.o)
 .data          0x00000000        0x0 c:/devkitpro/devkitarm/bin/../lib/gcc/arm-none-eabi/7.1.0/thumb\libgcc.a(_arm_addsubsf3.o)
 .bss           0x00000000        0x0 c:/devkitpro/devkitarm/bin/../lib/gcc/arm-none-eabi/7.1.0/thumb\libgcc.a(_arm_addsubsf3.o)
 .data          0x00000000        0x0 c:/devkitpro/devkitarm/bin/../lib/gcc/arm-none-eabi/7.1.0/thumb\libgcc.a(_arm_muldivsf3.o)
 .bss           0x00000000        0x0 c:/devkitpro/devkitarm/bin/../lib/gcc/arm-none-eabi/7.1.0/thumb\libgcc.a(_arm_muldivsf3.o)
 .data          0x00000000        0x0 c:/devkitpro/devkitarm/bin/../lib/gcc/arm-none-eabi/7.1.0/thumb\libgcc.a(_arm_fixsfsi.o)
 .bss           0x00000000        0x0 c:/devkitpro/devkitarm/bin/../lib/gcc/arm-none-eabi/7.1.0/thumb\libgcc.a(_arm_fixsfsi.o)
 .text          0x00000000        0x0 c:/devkitpro/devkitarm/bin/../lib/gcc/arm-none-eabi/7.1.0/../../../../arm-none-eabi/lib/thumb\libg.a(lib_a-init.o)
 .data          0x00000000        0x0 c:/devkitpro/devkitarm/bin/../lib/gcc/arm-none-eabi/7.1.0/../../../../arm-none-eabi/lib/thumb\libg.a(lib_a-init.o)
 .bss           0x00000000        0x0 c:/devkitpro/devkitarm/bin/../lib/gcc/arm-none-eabi/7.1.0/../../../../arm-none-eabi/lib/thumb\libg.a(lib_a-init.o)
 .text          0x00000000        0x0 c:/devkitpro/devkitarm/bin/../lib/gcc/arm-none-eabi/7.1.0/../../../../arm-none-eabi/lib/thumb\libg.a(lib_a-memcpy-stub.o)
 .data          0x00000000        0x0 c:/devkitpro/devkitarm/bin/../lib/gcc/arm-none-eabi/7.1.0/../../../../arm-none-eabi/lib/thumb\libg.a(lib_a-memcpy-stub.o)
 .bss           0x00000000        0x0 c:/devkitpro/devkitarm/bin/../lib/gcc/arm-none-eabi/7.1.0/../../../../arm-none-eabi/lib/thumb\libg.a(lib_a-memcpy-stub.o)
 .text          0x00000000        0x0 c:/devkitpro/devkitarm/bin/../lib/gcc/arm-none-eabi/7.1.0/../../../../arm-none-eabi/lib/thumb\libsysbase.a(malloc_vars.o)
 .data          0x00000000        0x0 c:/devkitpro/devkitarm/bin/../lib/gcc/arm-none-eabi/7.1.0/../../../../arm-none-eabi/lib/thumb\libsysbase.a(malloc_vars.o)
 .bss           0x00000000        0x0 c:/devkitpro/devkitarm/bin/../lib/gcc/arm-none-eabi/7.1.0/../../../../arm-none-eabi/lib/thumb\libsysbase.a(malloc_vars.o)
 .bss.fake_heap_start
                0x00000000        0x4 c:/devkitpro/devkitarm/bin/../lib/gcc/arm-none-eabi/7.1.0/../../../../arm-none-eabi/lib/thumb\libsysbase.a(malloc_vars.o)
 .text          0x00000000        0x0 c:/devkitpro/devkitarm/bin/../lib/gcc/arm-none-eabi/7.1.0/thumb/crtend.o
 .data          0x00000000        0x0 c:/devkitpro/devkitarm/bin/../lib/gcc/arm-none-eabi/7.1.0/thumb/crtend.o
 .bss           0x00000000        0x0 c:/devkitpro/devkitarm/bin/../lib/gcc/arm-none-eabi/7.1.0/thumb/crtend.o
 .text          0x00000000        0x0 c:/devkitpro/devkitarm/bin/../lib/gcc/arm-none-eabi/7.1.0/thumb/crtn.o
 .data          0x00000000        0x0 c:/devkitpro/devkitarm/bin/../lib/gcc/arm-none-eabi/7.1.0/thumb/crtn.o
 .bss           0x00000000        0x0 c:/devkitpro/devkitarm/bin/../lib/gcc/arm-none-eabi/7.1.0/thumb/crtn.o

Memory Configuration

Name             Origin             Length             Attributes
rom              0x08000000         0x02000000
iwram            0x03000000         0x00008000
ewram            0x02000000         0x00040000
*default*        0x00000000         0xffffffff

Linker script and memory map

                0x08000000                __text_start = ORIGIN (rom)
                0x02040000                __eheap_end = (ORIGIN (ewram) + LENGTH (ewram))
                0x03000000                __iwram_start = ORIGIN (iwram)
                0x03008000                __iwram_top = (ORIGIN (iwram) + LENGTH (iwram))
                0x03007fa0                __sp_irq = (__iwram_top - 0x60)
                0x03007f00                __sp_usr = (__sp_irq - 0xa0)
                0x03007ff8                __irq_flags = 0x3007ff8
                0x08000000                . = __text_start

.crt0           0x08000000      0x210
 *(.crt0)
 .crt0          0x08000000      0x210 c:/devkitpro/devkitarm/bin/../lib/gcc/arm-none-eabi/7.1.0/../../../../arm-none-eabi/lib/thumb/gba_crt0.o
                0x08000000                _start
                0x080000c4                __boot_method
                0x080000c5                __slave_number
                0x080000e0                start_vector
                0x08000210                . = ALIGN (0x4)

.init           0x08000210        0xc
 *(SORT(.init))
 .init          0x08000210        0x4 c:/devkitpro/devkitarm/bin/../lib/gcc/arm-none-eabi/7.1.0/thumb/crti.o
                0x08000210                _init
 .init          0x08000214        0x8 c:/devkitpro/devkitarm/bin/../lib/gcc/arm-none-eabi/7.1.0/thumb/crtn.o

.plt            0x0800021c        0x0
 *(.plt)
                0x0800021c                . = ALIGN (0x4)

.text           0x08000220     0x58b0
 *(EXCLUDE_FILE(*.iwram*) .text)
 .text          0x08000220      0xc94 DM_AIManager.o
                0x08000220                AIManager::CreateEnemy(SpriteManager&, AIManager*, signed char, long, long)
                0x080005a0                AIManager::UpdateOffset(AIManager*, long, long)
                0x0800060c                AIManager::CheckSpriteCollision(SpriteManager&, AIManager*, long, long, long, long, bool)
                0x0800081c                AIManager::tile_lookup(unsigned long, unsigned long, unsigned long, unsigned long, unsigned short*, unsigned long, unsigned long)
                0x0800086c                AIManager::UpdateEnemies(SpriteManager&, AIManager*)
                0x08000cc6                AIManager::ScrollEnemies(SpriteManager&, AIManager*, long)
                0x08000dc4                AIManager::DeleteEnemies(SpriteManager, AIManager*)
 .text          0x08000eb4     0x1a28 DM_MarioManager.o
                0x08000eb4                MarioManager::CreateMario(SpriteManager&)
                0x08000f40                MarioManager::ResetMario()
                0x08000fd8                MarioManager::FlashMario(SpriteManager&)
                0x080010a0                MarioManager::TransformMario(long, SpriteManager&, bool)
                0x08001374                MarioManager::MoveMario(long, long, SpriteManager&)
                0x080013f0                MarioManager::SetPos(long, long, SpriteManager&)
                0x08001430                MarioManager::MapManager(unsigned short const*, SpriteManager)
                0x08001874                MarioManager::tile_lookup(unsigned long, unsigned long, unsigned long, unsigned long, unsigned short*, unsigned long, unsigned long)
                0x080018c4                MarioManager::GrabIndex(unsigned long, unsigned long, unsigned long, unsigned long, unsigned short*, unsigned long, unsigned long)
                0x0800190c                MarioManager::CheckCollisions()
                0x08001b80                MarioManager::AnimateMario(SpriteManager&)
                0x08001bda                MarioManager::PhysicsHandler()
                0x08001d74                MarioManager::UpdateMario(SpriteManager&, PrizeBlockManager*, unsigned short)
                0x0800200c                MarioManager::UpdateFireBall(SpriteManager&)
                0x080023b0                MarioManager::ShootFireBall(SpriteManager&)
                0x080024a6                MarioManager::InitFireBall(SpriteManager&)
                0x0800263c                MarioManager::CheckFireballCollisions(SpriteManager&, AIManager*)
 .text          0x080028dc      0x5e0 DM_ParticleManager.o
                0x080028dc                ParticleManager::InitArray(SpriteManager&, long)
                0x08002b48                ParticleManager::DeleteArray(SpriteManager&)
                0x08002b92                ParticleManager::InitParticle(Particle&)
                0x08002bcc                ParticleManager::EmitParticle(Particle&)
                0x08002c2a                ParticleManager::UpdateParticle(Particle&, SpriteManager&)
                0x08002d50                ParticleManager::UpdateParticleArray(SpriteManager&)
                0x08002e12                ParticleManager::SetEmitterPos(long, long)
 .text          0x08002ebc      0x2b8 DM_PrizeBlockManager.o
                0x08002ebc                PrizeBlockManager::CreateBlock(long, long, PrizeBlockManager*, SpriteManager&, unsigned short, bool)
                0x08002ff8                PrizeBlockManager::PlaceEmptyBlock(long, long, SpriteManager&)
                0x08003012                PrizeBlockManager::ChoosePowerUp(long, long, long, unsigned short const*)
                0x0800302c                PrizeBlockManager::SpawnPowerUp(PrizeBlockManager*, SpriteManager&, AIManager*)
                0x080030c0                PrizeBlockManager::MoveBlocks(SpriteManager&, PrizeBlockManager*, long)
 .text          0x08003174      0x6e4 DM_SpriteManager.o
                0x08003174                SpriteManager::CreateSprite(unsigned short*, unsigned short*, long, long, long, long)
                0x0800329e                SpriteManager::DeleteSprite(long)
                0x080032ec                SpriteManager::LoadTiles(unsigned short*, unsigned short*, long, long, long, long)
                0x0800332a                SpriteManager::InitialiseArray()
                0x080033c6                SpriteManager::HideSprite(long)
                0x0800341c                SpriteManager::ShowSprite(long)
                0x08003460                SpriteManager::SetHFlip(bool, long)
                0x080034e0                SpriteManager::SetVFlip(bool, long)
                0x08003560                SpriteManager::SetFrame(long, long)
                0x080035dc                SpriteManager::MoveSprite(short, short, long)
                0x0800368a                SpriteManager::setSpriteAttr0(unsigned short, unsigned char, unsigned char, unsigned char, unsigned char, unsigned char)
                0x08003742                SpriteManager::setSpriteAttr1(unsigned short, unsigned char, unsigned char, unsigned char, unsigned char)
                0x080037e8                SpriteManager::setSpriteAttr2(unsigned long, unsigned long, unsigned long)
                0x08003844                SpriteManager::UpdateSprites()
 .text          0x08003858      0x540 DM_TileManager.o
                0x08003858                TileManager::SetupBG(long, long, unsigned short const*, unsigned long, unsigned short const*, unsigned long, unsigned short const*, unsigned long)
                0x08003944                TileManager::SetPos(long, long, unsigned short const*, unsigned long)
                0x080039e0                TileManager::AnimateBackground(unsigned short const*, unsigned short const*, unsigned short const*, unsigned short const*)
                0x08003a6c                TileManager::ScrollBackGround(bool, bool, unsigned short const*)
                0x08003be4                TileManager::AddRow(long, long, unsigned short const*)
                0x08003cec                TileManager::AddCol(long, long, unsigned short const*)
 .text          0x08003d98      0x948 main.o
                0x08003d98                setBG_Control_Register(unsigned char, unsigned char, unsigned char, unsigned char, unsigned char, unsigned char, unsigned char)
                0x08003e7e                delay(int)
                0x08003ea6                CopyCollision(unsigned short const*, unsigned short*, long)
                0x08003ee6                main
 .text          0x080046e0       0xd8 gab_mathUtil.o
                0x080046e0                sqran
                0x08004708                qran
                0x08004740                qran_range
                0x0800476c                sign
                0x08004794                abs
 .text          0x080047b8      0x5d4 gba_gfx.o
                0x080047b8                vsync
                0x080047e8                page_flip
                0x08004820                tile_block_address
                0x08004840                tileMap_block_address
                0x08004860                sprite_tile_block_address
                0x08004888                setBG_Control_Register
                0x08004984                palette__bg_block_address
                0x080049a4                palette_sp_block_address
                0x080049c8                SetAttrib0
                0x08004a88                SetAttrib1
                0x08004aee                SetAttrib1AffineIndex
                0x08004b40                SetAttrib2
                0x08004ba6                SetObjectPosition
                0x08004c16                obj_hide
                0x08004c50                obj_unhide
                0x08004ca0                oam_init
                0x08004d06                oam_copy
                0x08004d58                obj_aff_identity
 .text          0x08004d8c      0x134 gba_math.o
                0x08004d8c                int2fix
                0x08004da4                float2fix
                0x08004dcc                fix2uint
                0x08004de4                fix2ufrac
                0x08004dfe                fix2int
                0x08004e1c                fix2float
                0x08004e44                fixAdd
                0x08004e60                fixSub
                0x08004e7c                fixMul
                0x08004e9c                fixDiv
 .text          0x08004ec0      0x150 c:/devkitpro/devkitarm/bin/../lib/gcc/arm-none-eabi/7.1.0/thumb\libgcc.a(_divsi3.o)
                0x08004ec0                __divsi3
                0x08004ec0                __aeabi_idiv
                0x08004ff0                __aeabi_idivmod
 .text          0x08005010        0x4 c:/devkitpro/devkitarm/bin/../lib/gcc/arm-none-eabi/7.1.0/thumb\libgcc.a(_dvmd_tls.o)
                0x08005010                __aeabi_idiv0
                0x08005010                __aeabi_ldiv0
 .text          0x08005014      0x2ac c:/devkitpro/devkitarm/bin/../lib/gcc/arm-none-eabi/7.1.0/thumb\libgcc.a(_arm_addsubsf3.o)
                0x08005014                __aeabi_frsub
                0x0800501c                __subsf3
                0x0800501c                __aeabi_fsub
                0x08005020                __aeabi_fadd
                0x08005020                __addsf3
                0x080051dc                __aeabi_ui2f
                0x080051dc                __floatunsisf
                0x080051e4                __aeabi_i2f
                0x080051e4                __floatsisf
                0x08005204                __aeabi_ul2f
                0x08005204                __floatundisf
                0x08005214                __aeabi_l2f
                0x08005214                __floatdisf
 .text          0x080052c0      0x2f8 c:/devkitpro/devkitarm/bin/../lib/gcc/arm-none-eabi/7.1.0/thumb\libgcc.a(_arm_muldivsf3.o)
                0x080052c0                __mulsf3
                0x080052c0                __aeabi_fmul
                0x08005458                __aeabi_fdiv
                0x08005458                __divsf3
 .text          0x080055b8       0x5c c:/devkitpro/devkitarm/bin/../lib/gcc/arm-none-eabi/7.1.0/thumb\libgcc.a(_arm_fixsfsi.o)
                0x080055b8                __aeabi_f2iz
                0x080055b8                __fixsfsi
 *(.text .stub .text.* .gnu.linkonce.t.*)
 .text.deregister_tm_clones
                0x08005614       0x2c c:/devkitpro/devkitarm/bin/../lib/gcc/arm-none-eabi/7.1.0/thumb/crtbegin.o
 .text.register_tm_clones
                0x08005640       0x34 c:/devkitpro/devkitarm/bin/../lib/gcc/arm-none-eabi/7.1.0/thumb/crtbegin.o
 .text.__do_global_dtors_aux
                0x08005674       0x30 c:/devkitpro/devkitarm/bin/../lib/gcc/arm-none-eabi/7.1.0/thumb/crtbegin.o
 .text.frame_dummy
                0x080056a4       0x28 c:/devkitpro/devkitarm/bin/../lib/gcc/arm-none-eabi/7.1.0/thumb/crtbegin.o
 .text.keyHit   0x080056cc       0x30 DM_MarioManager.o
                0x080056cc                keyHit
 .text.PollKeys
                0x080056fc       0x3c main.o
                0x080056fc                PollKeys
 .text.keyDown  0x08005738       0x24 main.o
                0x08005738                keyDown
 .text._ZN13SpriteManagerC2Ev
                0x0800575c       0x26 main.o
                0x0800575c                SpriteManager::SpriteManager()
                0x0800575c                SpriteManager::SpriteManager()
 .text._ZN15ParticleManagerC2Ev
                0x08005782       0x22 main.o
                0x08005782                ParticleManager::ParticleManager()
                0x08005782                ParticleManager::ParticleManager()
 .text._ZN8FireballC2Ev
                0x080057a4       0x2e main.o
                0x080057a4                Fireball::Fireball()
                0x080057a4                Fireball::Fireball()
 .text._ZN12MarioManagerC2Ev
                0x080057d2       0xea main.o
                0x080057d2                MarioManager::MarioManager()
                0x080057d2                MarioManager::MarioManager()
 .text._ZN9AIManagerC2Ev
                0x080058bc       0x8e main.o
                0x080058bc                AIManager::AIManager()
                0x080058bc                AIManager::AIManager()
 .text._ZN11TileManagerC2Ev
                0x0800594a       0x46 main.o
                0x0800594a                TileManager::TileManager()
                0x0800594a                TileManager::TileManager()
 .text._ZN17PrizeBlockManagerC2Ev
                0x08005990       0x28 main.o
                0x08005990                PrizeBlockManager::PrizeBlockManager()
                0x08005990                PrizeBlockManager::PrizeBlockManager()
 .text.__libc_init_array
                0x080059b8       0x54 c:/devkitpro/devkitarm/bin/../lib/gcc/arm-none-eabi/7.1.0/../../../../arm-none-eabi/lib/thumb\libg.a(lib_a-init.o)
                0x080059b8                __libc_init_array
 .text.memcpy   0x08005a0c       0x8c c:/devkitpro/devkitarm/bin/../lib/gcc/arm-none-eabi/7.1.0/../../../../arm-none-eabi/lib/thumb\libg.a(lib_a-memcpy-stub.o)
                0x08005a0c                memcpy
 .text.memcpy.__stub
                0x08005a98       0x34 linker stubs
 *(.text.*personality*)
 *(.gnu.warning)
 *(.glue_7t)
 .glue_7t       0x08005ad0        0x0 linker stubs
 *(.glue_7)
 .glue_7        0x08005ad0        0x0 linker stubs
 *(.vfp11_veneer)
 .vfp11_veneer  0x08005ad0        0x0 linker stubs
                0x08005ad0                . = ALIGN (0x4)
                0x08005ad0                __text_end = .

.v4_bx          0x08005ad0        0x0
 .v4_bx         0x08005ad0        0x0 linker stubs

.iplt           0x08005ad0        0x0
 .iplt          0x08005ad0        0x0 c:/devkitpro/devkitarm/bin/../lib/gcc/arm-none-eabi/7.1.0/../../../../arm-none-eabi/lib/thumb/gba_crt0.o

.fini           0x08005ad0        0xc
 *(.fini)
 .fini          0x08005ad0        0x4 c:/devkitpro/devkitarm/bin/../lib/gcc/arm-none-eabi/7.1.0/thumb/crti.o
                0x08005ad0                _fini
 .fini          0x08005ad4        0x8 c:/devkitpro/devkitarm/bin/../lib/gcc/arm-none-eabi/7.1.0/thumb/crtn.o
                0x08005adc                . = ALIGN (0x4)

.rodata         0x08005adc    0x202b8
 *(.rodata)
 .rodata        0x08005adc       0x14 DM_AIManager.o
 .rodata        0x08005af0     0x6a00 World1Level1_Collisions.o
                0x08005af0                World1Level1Collision
 .rodata        0x0800c4f0     0x6a00 World1Level1_Maps.o
                0x0800c4f0                World1Level1Map
 .rodata        0x08012ef0       0x20 World1Level1_Palette.o
                0x08012ef0                World1Level1Palette
 .rodata        0x08012f10      0x660 World1Level1_Tiles.o
                0x08012f10                World1Level1Tiles
 .rodata        0x08013570     0x6a00 World1Level2_Collisions.o
                0x08013570                World1Level2Collision
 .rodata        0x08019f70     0x6a00 World1Level2_Maps.o
                0x08019f70                World1Level2Map
 .rodata        0x08020970       0x20 World1Level2_Palette.o
                0x08020970                World1Level2Palette
 .rodata        0x08020990      0x660 World1Level2_Tiles.o
                0x08020990                World1Level2Tiles
 .rodata        0x08020ff0      0x800 World1MapCollisions.o
                0x08020ff0                World1MapCollision
 .rodata        0x080217f0      0x800 World1Map_Maps.o
                0x080217f0                World1MapMap
 .rodata        0x08021ff0      0x200 World1Map_Palette.o
                0x08021ff0                World1MapPalette
 .rodata        0x080221f0     0x2000 World1Map_Tiles.o
                0x080221f0                World1MapTilesA
                0x080229f0                World1MapTilesB
                0x080231f0                World1MapTilesC
                0x080239f0                World1MapTilesD
 .rodata        0x080241f0      0x414 EnemySprites.o
                0x080241f0                EnemySpritesTiles
                0x080245f0                EnemySpritesPal
 .rodata        0x08024604       0x8c Fireball.o
                0x08024604                FireballTiles
                0x08024684                FireballPal
 .rodata        0x08024690      0x80c Mario_Fire.o
                0x08024690                Mario_FireTiles
                0x08024e90                Mario_FirePal
 .rodata        0x08024e9c      0x40c Mario_Small.o
                0x08024e9c                Mario_SmallTiles
                0x0802529c                Mario_SmallPal
 .rodata        0x080252a8      0x80c Mario_Tall.o
                0x080252a8                Mario_TallTiles
                0x08025aa8                Mario_TallPal
 .rodata        0x08025ab4      0x210 Powerups.o
                0x08025ab4                PowerupsTiles
                0x08025cb4                PowerupsPal
 .rodata        0x08025cc4       0x88 PrizeBlockEmpty.o
                0x08025cc4                PrizeBlockEmptyTiles
                0x08025d44                PrizeBlockEmptyPal
 .rodata        0x08025d4c       0x48 ScoreParticle.o
                0x08025d4c                ScoreParticleTiles
                0x08025d8c                ScoreParticlePal
 *all.rodata*(*)
 *(.roda)
 *(.rodata.*)
 *(.gnu.linkonce.r*)
                0x08025d94                . = ALIGN (0x4)

.ARM.extab
 *(.ARM.extab* .gnu.linkonce.armextab.*)
                0x08025d94                __exidx_start = .

.ARM.exidx
 *(.ARM.exidx* .gnu.linkonce.armexidx.*)
                0x08025d94                __exidx_end = .

.ctors          0x08025d94        0x0
 *crtbegin.o(.ctors)
 *(EXCLUDE_FILE(*crtend.o) .ctors)
 *(SORT(.ctors.*))
 *(.ctors)
                0x08025d94                . = ALIGN (0x4)

.dtors          0x08025d94        0x0
 *crtbegin.o(.dtors)
 *(EXCLUDE_FILE(*crtend.o) .dtors)
 *(SORT(.dtors.*))
 *(.dtors)
                0x08025d94                . = ALIGN (0x4)

.eh_frame       0x08025d94        0x4
 *(.eh_frame)
 .eh_frame      0x08025d94        0x0 c:/devkitpro/devkitarm/bin/../lib/gcc/arm-none-eabi/7.1.0/thumb/crtbegin.o
 .eh_frame      0x08025d94        0x4 c:/devkitpro/devkitarm/bin/../lib/gcc/arm-none-eabi/7.1.0/thumb/crtend.o
                0x08025d98                . = ALIGN (0x4)

.rel.dyn        0x08025d98        0x0
 .rel.iplt      0x08025d98        0x0 c:/devkitpro/devkitarm/bin/../lib/gcc/arm-none-eabi/7.1.0/../../../../arm-none-eabi/lib/thumb/gba_crt0.o

.gcc_except_table
                0x08025d98        0x0
 *(.gcc_except_table)
                0x08025d98                . = ALIGN (0x4)
                0x08025d98                __iwram_lma = .

.iwram          0x03000000        0x0 load address 0x08025d98
                0x03000000                __iwram_start__ = ABSOLUTE (.)
 *(.iwram)
 *iwram.*(.text)
                0x03000000                . = ALIGN (0x4)
                0x03000000                __iwram_end__ = ABSOLUTE (.)
                0x08025d98                __data_lma = (__iwram_lma + SIZEOF (.iwram))

.bss            0x03000000     0x6a2c
                0x03000000                __bss_start = ABSOLUTE (.)
                0x03000000                __bss_start__ = ABSOLUTE (.)
 *(.dynbss)
 *(.gnu.linkonce.b*)
 *(.bss*)
 .bss.completed.6484
                0x03000000        0x1 c:/devkitpro/devkitarm/bin/../lib/gcc/arm-none-eabi/7.1.0/thumb/crtbegin.o
 *fill*         0x03000001        0x3 
 .bss.object.6489
                0x03000004       0x18 c:/devkitpro/devkitarm/bin/../lib/gcc/arm-none-eabi/7.1.0/thumb/crtbegin.o
 .bss           0x0300001c        0x4 DM_MarioManager.o
                0x0300001c                iTimer
 .bss           0x03000020        0x4 DM_ParticleManager.o
                0x03000020                g_pixels2Meter
 .bss           0x03000024     0x6a00 World1Level1_Collisions.o
                0x03000024                iCurrentCollisionMap
 .bss           0x03006a24        0x4 gba_input.o
                0x03006a24                __currKeys
                0x03006a26                __prevKeys
 .bss.fake_heap_end
                0x03006a28        0x4 c:/devkitpro/devkitarm/bin/../lib/gcc/arm-none-eabi/7.1.0/../../../../arm-none-eabi/lib/thumb\libsysbase.a(malloc_vars.o)
                0x03006a28                fake_heap_end
 *(COMMON)
                0x03006a2c                . = ALIGN (0x4)
                0x03006a2c                __bss_end__ = ABSOLUTE (.)

.data           0x03006a2c       0x48 load address 0x08025d98
                0x03006a2c                __data_start__ = ABSOLUTE (.)
 *(.data)
 .data          0x03006a2c        0x8 DM_MarioManager.o
                0x03006a2c                iMapWidth
                0x03006a30                iMapHeight
 .data          0x03006a34        0xc DM_ParticleManager.o
                0x03006a34                g_gravity
                0x03006a38                g_antigravity
                0x03006a3c                g_frameTime
 .data          0x03006a40       0x2a DM_TileManager.o
                0x03006a40                MAPWIDTH
                0x03006a44                MAPHEIGHT
                0x03006a48                BG0SC_X
                0x03006a4c                BG0SC_Y
                0x03006a50                BG1SC_X
                0x03006a54                BG1SC_Y
                0x03006a58                BG2SC_X
                0x03006a5c                BG2SC_Y
                0x03006a60                BG3SC_X
                0x03006a64                BG3SC_Y
                0x03006a68                ScrollAmount
 *fill*         0x03006a6a        0x2 ff
 .data          0x03006a6c        0x4 gab_mathUtil.o
                0x03006a6c                __qran_seed
 .data          0x03006a70        0x4 gba_gfx.o
                0x03006a70                vid_page
 *(.data.*)
 *(.gnu.linkonce.d*)
                0x03006a74                . = ALIGN (0x4)
                0x08025de0                __preinit_lma = (__data_lma + SIZEOF (.data))

.igot.plt       0x03006a74        0x0 load address 0x08025de0
 .igot.plt      0x03006a74        0x0 c:/devkitpro/devkitarm/bin/../lib/gcc/arm-none-eabi/7.1.0/../../../../arm-none-eabi/lib/thumb/gba_crt0.o

.tm_clone_table
                0x03006a74        0x0 load address 0x08025de0
 .tm_clone_table
                0x03006a74        0x0 c:/devkitpro/devkitarm/bin/../lib/gcc/arm-none-eabi/7.1.0/thumb/crtbegin.o
 .tm_clone_table
                0x03006a74        0x0 c:/devkitpro/devkitarm/bin/../lib/gcc/arm-none-eabi/7.1.0/thumb/crtend.o

.preinit_array  0x03006a74        0x0 load address 0x08025de0
                0x03006a74                __preinit_array_start = ABSOLUTE (.)
 *(.preinit_array)
                0x03006a74                __preinit_array_end = ABSOLUTE (.)
                0x08025de0                __init_lma = (__preinit_lma + SIZEOF (.preinit_array))

.init_array     0x03006a74        0x8 load address 0x08025de0
                0x03006a74                __init_array_start = ABSOLUTE (.)
 *(SORT(.init_array.*))
 *(.init_array)
 .init_array    0x03006a74        0x4 c:/devkitpro/devkitarm/bin/../lib/gcc/arm-none-eabi/7.1.0/thumb/crtbegin.o
 .init_array    0x03006a78        0x4 DM_ParticleManager.o
                0x03006a7c                __init_array_end = ABSOLUTE (.)
                0x08025de8                __fini_lma = (__init_lma + SIZEOF (.init_array))

.fini_array     0x03006a7c        0x4 load address 0x08025de8
                0x03006a7c                __fini_array_start = ABSOLUTE (.)
 *(SORT(.fini_array.*))
 *(.fini_array)
 .fini_array    0x03006a7c        0x4 c:/devkitpro/devkitarm/bin/../lib/gcc/arm-none-eabi/7.1.0/thumb/crtbegin.o
                0x03006a80                __fini_array_end = ABSOLUTE (.)
                0x08025dec                __jcr_lma = (__fini_lma + SIZEOF (.fini_array))

.jcr            0x03006a80        0x0 load address 0x08025dec
 *(.jcr)
                0x03006a80                __data_end__ = ABSOLUTE (.)
                0x08025dec                __iwram_overlay_lma = (__jcr_lma + SIZEOF (.jcr))
                0x03006a80                __iwram_overlay_start = .

.iwram0         0x03006a80        0x0 load address 0x08025dec
 *(.iwram0)
                0x03006a80                . = ALIGN (0x4)
                0x08025dec                PROVIDE (__load_start_iwram0, LOADADDR (.iwram0))
                0x08025dec                PROVIDE (__load_stop_iwram0, (LOADADDR (.iwram0) + SIZEOF (.iwram0)))

.iwram1         0x03006a80        0x0
 *(.iwram1)
                0x03006a80                . = ALIGN (0x4)
                [!provide]                PROVIDE (__load_start_iwram1, LOADADDR (.iwram1))
                [!provide]                PROVIDE (__load_stop_iwram1, (LOADADDR (.iwram1) + SIZEOF (.iwram1)))

.iwram2         0x03006a80        0x0
 *(.iwram2)
                0x03006a80                . = ALIGN (0x4)
                [!provide]                PROVIDE (__load_start_iwram2, LOADADDR (.iwram2))
                [!provide]                PROVIDE (__load_stop_iwram2, (LOADADDR (.iwram2) + SIZEOF (.iwram2)))

.iwram3         0x03006a80        0x0
 *(.iwram3)
                0x03006a80                . = ALIGN (0x4)
                [!provide]                PROVIDE (__load_start_iwram3, LOADADDR (.iwram3))
                [!provide]                PROVIDE (__load_stop_iwram3, (LOADADDR (.iwram3) + SIZEOF (.iwram3)))

.iwram4         0x03006a80        0x0
 *(.iwram4)
                0x03006a80                . = ALIGN (0x4)
                [!provide]                PROVIDE (__load_start_iwram4, LOADADDR (.iwram4))
                [!provide]                PROVIDE (__load_stop_iwram4, (LOADADDR (.iwram4) + SIZEOF (.iwram4)))

.iwram5         0x03006a80        0x0
 *(.iwram5)
                0x03006a80                . = ALIGN (0x4)
                [!provide]                PROVIDE (__load_start_iwram5, LOADADDR (.iwram5))
                [!provide]                PROVIDE (__load_stop_iwram5, (LOADADDR (.iwram5) + SIZEOF (.iwram5)))

.iwram6         0x03006a80        0x0
 *(.iwram6)
                0x03006a80                . = ALIGN (0x4)
                [!provide]                PROVIDE (__load_start_iwram6, LOADADDR (.iwram6))
                [!provide]                PROVIDE (__load_stop_iwram6, (LOADADDR (.iwram6) + SIZEOF (.iwram6)))

.iwram7         0x03006a80        0x0
 *(.iwram7)
                0x03006a80                . = ALIGN (0x4)
                [!provide]                PROVIDE (__load_start_iwram7, LOADADDR (.iwram7))
                [!provide]                PROVIDE (__load_stop_iwram7, (LOADADDR (.iwram7) + SIZEOF (.iwram7)))

.iwram8         0x03006a80        0x0
 *(.iwram8)
                0x03006a80                . = ALIGN (0x4)
                [!provide]                PROVIDE (__load_start_iwram8, LOADADDR (.iwram8))
                [!provide]                PROVIDE (__load_stop_iwram8, (LOADADDR (.iwram8) + SIZEOF (.iwram8)))

.iwram9         0x03006a80        0x0
 *(.iwram9)
                0x03006a80                . = ALIGN (0x4)
                [!provide]                PROVIDE (__load_start_iwram9, LOADADDR (.iwram9))
                [!provide]                PROVIDE (__load_stop_iwram9, (LOADADDR (.iwram9) + SIZEOF (.iwram9)))
                0x03006a80                __iwram_overlay_end = .
                0x08025dec                __ewram_lma = (__iwram_overlay_lma + (__iwram_overlay_end - __iwram_overlay_start))
                0x03006a80                __iheap_start = .
                0x02000000                __ewram_start = ORIGIN (ewram)

.ewram          0x02000000        0x0 load address 0x08025dec
 *(.ewram)
                0x02000000                . = ALIGN (0x4)
                0x02000000                __ewram_end = ABSOLUTE (.)
                0x08025dec                __pad_lma = (__ewram_lma + SIZEOF (.ewram))

.sbss           0x02000000        0x0
                0x02000000                __sbss_start__ = ABSOLUTE (.)
 *(.sbss)
                0x02000000                . = ALIGN (0x4)
                0x02000000                __sbss_end__ = ABSOLUTE (.)
                0x02000000                __end__ = ABSOLUTE (.)
                0x02000000                __eheap_start = ABSOLUTE (.)

.pad            0x02000000        0x8 load address 0x08025dec
                0x02000000        0x4 LONG 0x52416b64
                0x02000004        0x4 LONG 0x4d
                0x02000008                . = ALIGN (0x4)
                0x08025df4                __rom_end__ = (__pad_lma + SIZEOF (.pad))

.stab
 *(.stab)

.stabstr
 *(.stabstr)

.stab.excl
 *(.stab.excl)

.stab.exclstr
 *(.stab.exclstr)

.stab.index
 *(.stab.index)

.stab.indexstr
 *(.stab.indexstr)

.comment        0x00000000       0x22
 *(.comment)
 .comment       0x00000000       0x22 c:/devkitpro/devkitarm/bin/../lib/gcc/arm-none-eabi/7.1.0/thumb/crtbegin.o
                                 0x23 (size before relaxing)
 .comment       0x00000022       0x23 DM_AIManager.o
 .comment       0x00000022       0x23 DM_MarioManager.o
 .comment       0x00000022       0x23 DM_ParticleManager.o
 .comment       0x00000022       0x23 DM_PrizeBlockManager.o
 .comment       0x00000022       0x23 DM_SpriteManager.o
 .comment       0x00000022       0x23 DM_TileManager.o
 .comment       0x00000022       0x23 World1Level1_Collisions.o
 .comment       0x00000022       0x23 World1Level1_Maps.o
 .comment       0x00000022       0x23 World1Level1_Palette.o
 .comment       0x00000022       0x23 World1Level1_Tiles.o
 .comment       0x00000022       0x23 World1Level2_Collisions.o
 .comment       0x00000022       0x23 World1Level2_Maps.o
 .comment       0x00000022       0x23 World1Level2_Palette.o
 .comment       0x00000022       0x23 World1Level2_Tiles.o
 .comment       0x00000022       0x23 World1MapCollisions.o
 .comment       0x00000022       0x23 World1Map_Maps.o
 .comment       0x00000022       0x23 World1Map_Palette.o
 .comment       0x00000022       0x23 World1Map_Tiles.o
 .comment       0x00000022       0x23 main.o
 .comment       0x00000022       0x23 EnemySprites.o
 .comment       0x00000022       0x23 Fireball.o
 .comment       0x00000022       0x23 Mario_Fire.o
 .comment       0x00000022       0x23 Mario_Small.o
 .comment       0x00000022       0x23 Mario_Tall.o
 .comment       0x00000022       0x23 Powerups.o
 .comment       0x00000022       0x23 PrizeBlockEmpty.o
 .comment       0x00000022       0x23 ScoreParticle.o
 .comment       0x00000022       0x23 gab_mathUtil.o
 .comment       0x00000022       0x23 gba_gfx.o
 .comment       0x00000022       0x23 gba_input.o
 .comment       0x00000022       0x23 gba_math.o
 .comment       0x00000022       0x23 particles.o
 .comment       0x00000022       0x23 c:/devkitpro/devkitarm/bin/../lib/gcc/arm-none-eabi/7.1.0/../../../../arm-none-eabi/lib/thumb\libg.a(lib_a-init.o)
 .comment       0x00000022       0x23 c:/devkitpro/devkitarm/bin/../lib/gcc/arm-none-eabi/7.1.0/../../../../arm-none-eabi/lib/thumb\libg.a(lib_a-memcpy-stub.o)
 .comment       0x00000022       0x23 c:/devkitpro/devkitarm/bin/../lib/gcc/arm-none-eabi/7.1.0/../../../../arm-none-eabi/lib/thumb\libsysbase.a(malloc_vars.o)
 .comment       0x00000022       0x23 c:/devkitpro/devkitarm/bin/../lib/gcc/arm-none-eabi/7.1.0/thumb/crtend.o

.debug
 *(.debug)

.line
 *(.line)

.debug_srcinfo
 *(.debug_srcinfo)

.debug_sfnames
 *(.debug_sfnames)

.debug_aranges  0x00000000      0x3a8
 *(.debug_aranges)
 .debug_aranges
                0x00000000       0x20 DM_AIManager.o
 .debug_aranges
                0x00000020       0x28 DM_MarioManager.o
 .debug_aranges
                0x00000048       0x20 DM_ParticleManager.o
 .debug_aranges
                0x00000068       0x20 DM_PrizeBlockManager.o
 .debug_aranges
                0x00000088       0x20 DM_SpriteManager.o
 .debug_aranges
                0x000000a8       0x20 DM_TileManager.o
 .debug_aranges
                0x000000c8       0x18 World1Level1_Collisions.o
 .debug_aranges
                0x000000e0       0x18 World1Level1_Maps.o
 .debug_aranges
                0x000000f8       0x18 World1Level1_Palette.o
 .debug_aranges
                0x00000110       0x18 World1Level1_Tiles.o
 .debug_aranges
                0x00000128       0x18 World1Level2_Collisions.o
 .debug_aranges
                0x00000140       0x18 World1Level2_Maps.o
 .debug_aranges
                0x00000158       0x18 World1Level2_Palette.o
 .debug_aranges
                0x00000170       0x18 World1Level2_Tiles.o
 .debug_aranges
                0x00000188       0x18 World1MapCollisions.o
 .debug_aranges
                0x000001a0       0x18 World1Map_Maps.o
 .debug_aranges
                0x000001b8       0x18 World1Map_Palette.o
 .debug_aranges
                0x000001d0       0x18 World1Map_Tiles.o
 .debug_aranges
                0x000001e8       0x70 main.o
 .debug_aranges
                0x00000258       0x18 EnemySprites.o
 .debug_aranges
                0x00000270       0x18 Fireball.o
 .debug_aranges
                0x00000288       0x18 Mario_Fire.o
 .debug_aranges
                0x000002a0       0x18 Mario_Small.o
 .debug_aranges
                0x000002b8       0x18 Mario_Tall.o
 .debug_aranges
                0x000002d0       0x18 Powerups.o
 .debug_aranges
                0x000002e8       0x18 PrizeBlockEmpty.o
 .debug_aranges
                0x00000300       0x18 ScoreParticle.o
 .debug_aranges
                0x00000318       0x20 gab_mathUtil.o
 .debug_aranges
                0x00000338       0x20 gba_gfx.o
 .debug_aranges
                0x00000358       0x18 gba_input.o
 .debug_aranges
                0x00000370       0x20 gba_math.o
 .debug_aranges
                0x00000390       0x18 particles.o

.debug_pubnames
 *(.debug_pubnames)

.debug_info     0x00000000     0x9c45
 *(.debug_info)
 .debug_info    0x00000000      0xdd0 DM_AIManager.o
 .debug_info    0x00000dd0     0x1b39 DM_MarioManager.o
 .debug_info    0x00002909      0xb02 DM_ParticleManager.o
 .debug_info    0x0000340b      0xc74 DM_PrizeBlockManager.o
 .debug_info    0x0000407f     0x1389 DM_SpriteManager.o
 .debug_info    0x00005408     0x136c DM_TileManager.o
 .debug_info    0x00006774       0xde World1Level1_Collisions.o
 .debug_info    0x00006852       0xd1 World1Level1_Maps.o
 .debug_info    0x00006923       0xd1 World1Level1_Palette.o
 .debug_info    0x000069f4       0xd1 World1Level1_Tiles.o
 .debug_info    0x00006ac5       0xb3 World1Level2_Collisions.o
 .debug_info    0x00006b78       0xb3 World1Level2_Maps.o
 .debug_info    0x00006c2b       0xb2 World1Level2_Palette.o
 .debug_info    0x00006cdd       0xb3 World1Level2_Tiles.o
 .debug_info    0x00006d90       0xc4 World1MapCollisions.o
 .debug_info    0x00006e54       0xc4 World1Map_Maps.o
 .debug_info    0x00006f18       0xc4 World1Map_Palette.o
 .debug_info    0x00006fdc       0xeb World1Map_Tiles.o
 .debug_info    0x000070c7     0x1aca main.o
 .debug_info    0x00008b91       0x82 EnemySprites.o
 .debug_info    0x00008c13       0x8f Fireball.o
 .debug_info    0x00008ca2       0x82 Mario_Fire.o
 .debug_info    0x00008d24       0x82 Mario_Small.o
 .debug_info    0x00008da6       0x82 Mario_Tall.o
 .debug_info    0x00008e28       0x81 Powerups.o
 .debug_info    0x00008ea9       0x8f PrizeBlockEmpty.o
 .debug_info    0x00008f38       0x81 ScoreParticle.o
 .debug_info    0x00008fb9      0x19a gab_mathUtil.o
 .debug_info    0x00009153      0x702 gba_gfx.o
 .debug_info    0x00009855       0xb9 gba_input.o
 .debug_info    0x0000990e      0x2b6 gba_math.o
 .debug_info    0x00009bc4       0x81 particles.o

.debug_abbrev   0x00000000     0x1c38
 *(.debug_abbrev)
 .debug_abbrev  0x00000000      0x26d DM_AIManager.o
 .debug_abbrev  0x0000026d      0x2dc DM_MarioManager.o
 .debug_abbrev  0x00000549      0x22f DM_ParticleManager.o
 .debug_abbrev  0x00000778      0x1ef DM_PrizeBlockManager.o
 .debug_abbrev  0x00000967      0x2b1 DM_SpriteManager.o
 .debug_abbrev  0x00000c18      0x2b1 DM_TileManager.o
 .debug_abbrev  0x00000ec9       0x5b World1Level1_Collisions.o
 .debug_abbrev  0x00000f24       0x5b World1Level1_Maps.o
 .debug_abbrev  0x00000f7f       0x5b World1Level1_Palette.o
 .debug_abbrev  0x00000fda       0x5b World1Level1_Tiles.o
 .debug_abbrev  0x00001035       0x5b World1Level2_Collisions.o
 .debug_abbrev  0x00001090       0x5b World1Level2_Maps.o
 .debug_abbrev  0x000010eb       0x59 World1Level2_Palette.o
 .debug_abbrev  0x00001144       0x5b World1Level2_Tiles.o
 .debug_abbrev  0x0000119f       0x5b World1MapCollisions.o
 .debug_abbrev  0x000011fa       0x5b World1Map_Maps.o
 .debug_abbrev  0x00001255       0x5b World1Map_Palette.o
 .debug_abbrev  0x000012b0       0x5b World1Map_Tiles.o
 .debug_abbrev  0x0000130b      0x2b5 main.o
 .debug_abbrev  0x000015c0       0x51 EnemySprites.o
 .debug_abbrev  0x00001611       0x52 Fireball.o
 .debug_abbrev  0x00001663       0x51 Mario_Fire.o
 .debug_abbrev  0x000016b4       0x51 Mario_Small.o
 .debug_abbrev  0x00001705       0x51 Mario_Tall.o
 .debug_abbrev  0x00001756       0x48 Powerups.o
 .debug_abbrev  0x0000179e       0x52 PrizeBlockEmpty.o
 .debug_abbrev  0x000017f0       0x48 ScoreParticle.o
 .debug_abbrev  0x00001838      0x115 gab_mathUtil.o
 .debug_abbrev  0x0000194d      0x191 gba_gfx.o
 .debug_abbrev  0x00001ade       0x5e gba_input.o
 .debug_abbrev  0x00001b3c       0xb4 gba_math.o
 .debug_abbrev  0x00001bf0       0x48 particles.o

.debug_line     0x00000000     0x27f5
 *(.debug_line)
 .debug_line    0x00000000      0x2ef DM_AIManager.o
 .debug_line    0x000002ef      0x623 DM_MarioManager.o
 .debug_line    0x00000912      0x2a1 DM_ParticleManager.o
 .debug_line    0x00000bb3      0x21d DM_PrizeBlockManager.o
 .debug_line    0x00000dd0      0x25e DM_SpriteManager.o
 .debug_line    0x0000102e      0x2e6 DM_TileManager.o
 .debug_line    0x00001314       0xab World1Level1_Collisions.o
 .debug_line    0x000013bf       0xa5 World1Level1_Maps.o
 .debug_line    0x00001464       0xa8 World1Level1_Palette.o
 .debug_line    0x0000150c       0xa6 World1Level1_Tiles.o
 .debug_line    0x000015b2       0xab World1Level2_Collisions.o
 .debug_line    0x0000165d       0xa5 World1Level2_Maps.o
 .debug_line    0x00001702       0xa8 World1Level2_Palette.o
 .debug_line    0x000017aa       0xa6 World1Level2_Tiles.o
 .debug_line    0x00001850       0xa4 World1MapCollisions.o
 .debug_line    0x000018f4       0x9f World1Map_Maps.o
 .debug_line    0x00001993       0xa2 World1Map_Palette.o
 .debug_line    0x00001a35       0xa0 World1Map_Tiles.o
 .debug_line    0x00001ad5      0x419 main.o
 .debug_line    0x00001eee       0x59 EnemySprites.o
 .debug_line    0x00001f47       0x8e Fireball.o
 .debug_line    0x00001fd5       0x57 Mario_Fire.o
 .debug_line    0x0000202c       0x58 Mario_Small.o
 .debug_line    0x00002084       0x57 Mario_Tall.o
 .debug_line    0x000020db       0x55 Powerups.o
 .debug_line    0x00002130       0x9c PrizeBlockEmpty.o
 .debug_line    0x000021cc       0x5a ScoreParticle.o
 .debug_line    0x00002226      0x160 gab_mathUtil.o
 .debug_line    0x00002386      0x1a5 gba_gfx.o
 .debug_line    0x0000252b      0x126 gba_input.o
 .debug_line    0x00002651      0x14e gba_math.o
 .debug_line    0x0000279f       0x56 particles.o

.debug_frame    0x00000000      0xe1c
 *(.debug_frame)
 .debug_frame   0x00000000      0x100 DM_AIManager.o
 .debug_frame   0x00000100      0x264 DM_MarioManager.o
 .debug_frame   0x00000364      0x130 DM_ParticleManager.o
 .debug_frame   0x00000494       0xb4 DM_PrizeBlockManager.o
 .debug_frame   0x00000548      0x1d4 DM_SpriteManager.o
 .debug_frame   0x0000071c       0xd0 DM_TileManager.o
 .debug_frame   0x000007ec      0x1e4 main.o
 .debug_frame   0x000009d0       0xac gab_mathUtil.o
 .debug_frame   0x00000a7c      0x250 gba_gfx.o
 .debug_frame   0x00000ccc      0x150 gba_math.o

.debug_str      0x00000000     0x2b87
 *(.debug_str)
 .debug_str     0x00000000      0x9bf DM_AIManager.o
                                0xa93 (size before relaxing)
 .debug_str     0x000009bf      0xaeb DM_MarioManager.o
                               0x14a4 (size before relaxing)
 .debug_str     0x000014aa       0xf9 DM_ParticleManager.o
                                0x8d2 (size before relaxing)
 .debug_str     0x000015a3       0xc5 DM_PrizeBlockManager.o
                                0xad3 (size before relaxing)
 .debug_str     0x00001668      0x54f DM_SpriteManager.o
                                0xa98 (size before relaxing)
 .debug_str     0x00001bb7      0x32e DM_TileManager.o
                                0x9af (size before relaxing)
 .debug_str     0x00001ee5       0xa7 World1Level1_Collisions.o
                                0x15d (size before relaxing)
 .debug_str     0x00001f8c       0x40 World1Level1_Maps.o
                                0x157 (size before relaxing)
 .debug_str     0x00001fcc       0x43 World1Level1_Palette.o
                                0x15a (size before relaxing)
 .debug_str     0x0000200f       0x41 World1Level1_Tiles.o
                                0x158 (size before relaxing)
 .debug_str     0x00002050       0x92 World1Level2_Collisions.o
                                0x148 (size before relaxing)
 .debug_str     0x000020e2       0x40 World1Level2_Maps.o
                                0x142 (size before relaxing)
 .debug_str     0x00002122       0x43 World1Level2_Palette.o
                                0x145 (size before relaxing)
 .debug_str     0x00002165       0x41 World1Level2_Tiles.o
                                0x143 (size before relaxing)
 .debug_str     0x000021a6       0xb3 World1MapCollisions.o
                                0x169 (size before relaxing)
 .debug_str     0x00002259       0x3d World1Map_Maps.o
                                0x164 (size before relaxing)
 .debug_str     0x00002296       0x40 World1Map_Palette.o
                                0x167 (size before relaxing)
 .debug_str     0x000022d6       0x3e World1Map_Tiles.o
                                0x165 (size before relaxing)
 .debug_str     0x00002314      0x334 main.o
                               0x17ed (size before relaxing)
 .debug_str     0x00002648       0x8a EnemySprites.o
                                 0xf5 (size before relaxing)
 .debug_str     0x000026d2       0x35 Fireball.o
                                 0xe9 (size before relaxing)
 .debug_str     0x00002707       0x37 Mario_Fire.o
                                 0xef (size before relaxing)
 .debug_str     0x0000273e       0x38 Mario_Small.o
                                 0xf2 (size before relaxing)
 .debug_str     0x00002776       0x37 Mario_Tall.o
                                 0xef (size before relaxing)
 .debug_str     0x000027ad       0x35 Powerups.o
                                 0xe9 (size before relaxing)
 .debug_str     0x000027e2       0x3c PrizeBlockEmpty.o
                                 0xfe (size before relaxing)
 .debug_str     0x0000281e       0x3a ScoreParticle.o
                                 0xf8 (size before relaxing)
 .debug_str     0x00002858       0x61 gab_mathUtil.o
                                0x187 (size before relaxing)
 .debug_str     0x000028b9      0x1b4 gba_gfx.o
                                0x43f (size before relaxing)
 .debug_str     0x00002a6d       0x36 gba_input.o
                                0x15e (size before relaxing)
 .debug_str     0x00002aa3       0x92 gba_math.o
                                0x1c2 (size before relaxing)
 .debug_str     0x00002b35       0x52 particles.o
                                 0xec (size before relaxing)

.debug_loc      0x00000000     0x172f
 *(.debug_loc)
 .debug_loc     0x00000000      0x1a4 DM_AIManager.o
 .debug_loc     0x000001a4      0x401 DM_MarioManager.o
 .debug_loc     0x000005a5      0x1ec DM_ParticleManager.o
 .debug_loc     0x00000791      0x118 DM_PrizeBlockManager.o
 .debug_loc     0x000008a9      0x310 DM_SpriteManager.o
 .debug_loc     0x00000bb9      0x150 DM_TileManager.o
 .debug_loc     0x00000d09      0x312 main.o
 .debug_loc     0x0000101b      0x10c gab_mathUtil.o
 .debug_loc     0x00001127      0x3d8 gba_gfx.o
 .debug_loc     0x000014ff      0x230 gba_math.o

.debug_macinfo
 *(.debug_macinfo)

.debug_weaknames
 *(.debug_weaknames)

.debug_funcnames
 *(.debug_funcnames)

.debug_typenames
 *(.debug_typenames)

.debug_varnames
 *(.debug_varnames)

.stack          0x00080000        0x0
                0x00080000                _stack = .
 *(.stack)

.note.gnu.arm.ident
 *(.note.gnu.arm.ident)

.ARM.attributes
                0x00000000       0x2c
 *(.ARM.attributes)
 .ARM.attributes
                0x00000000       0x20 c:/devkitpro/devkitarm/bin/../lib/gcc/arm-none-eabi/7.1.0/../../../../arm-none-eabi/lib/thumb/gba_crt0.o
 .ARM.attributes
                0x00000020       0x16 c:/devkitpro/devkitarm/bin/../lib/gcc/arm-none-eabi/7.1.0/thumb/crti.o
 .ARM.attributes
                0x00000036       0x30 c:/devkitpro/devkitarm/bin/../lib/gcc/arm-none-eabi/7.1.0/thumb/crtbegin.o
 .ARM.attributes
                0x00000066       0x30 DM_AIManager.o
 .ARM.attributes
                0x00000096       0x30 DM_MarioManager.o
 .ARM.attributes
                0x000000c6       0x30 DM_ParticleManager.o
 .ARM.attributes
                0x000000f6       0x30 DM_PrizeBlockManager.o
 .ARM.attributes
                0x00000126       0x30 DM_SpriteManager.o
 .ARM.attributes
                0x00000156       0x30 DM_TileManager.o
 .ARM.attributes
                0x00000186       0x30 World1Level1_Collisions.o
 .ARM.attributes
                0x000001b6       0x30 World1Level1_Maps.o
 .ARM.attributes
                0x000001e6       0x30 World1Level1_Palette.o
 .ARM.attributes
                0x00000216       0x30 World1Level1_Tiles.o
 .ARM.attributes
                0x00000246       0x30 World1Level2_Collisions.o
 .ARM.attributes
                0x00000276       0x30 World1Level2_Maps.o
 .ARM.attributes
                0x000002a6       0x30 World1Level2_Palette.o
 .ARM.attributes
                0x000002d6       0x30 World1Level2_Tiles.o
 .ARM.attributes
                0x00000306       0x30 World1MapCollisions.o
 .ARM.attributes
                0x00000336       0x30 World1Map_Maps.o
 .ARM.attributes
                0x00000366       0x30 World1Map_Palette.o
 .ARM.attributes
                0x00000396       0x30 World1Map_Tiles.o
 .ARM.attributes
                0x000003c6       0x30 main.o
 .ARM.attributes
                0x000003f6       0x30 EnemySprites.o
 .ARM.attributes
                0x00000426       0x30 Fireball.o
 .ARM.attributes
                0x00000456       0x30 Mario_Fire.o
 .ARM.attributes
                0x00000486       0x30 Mario_Small.o
 .ARM.attributes
                0x000004b6       0x30 Mario_Tall.o
 .ARM.attributes
                0x000004e6       0x30 Powerups.o
 .ARM.attributes
                0x00000516       0x30 PrizeBlockEmpty.o
 .ARM.attributes
                0x00000546       0x30 ScoreParticle.o
 .ARM.attributes
                0x00000576       0x30 gab_mathUtil.o
 .ARM.attributes
                0x000005a6       0x30 gba_gfx.o
 .ARM.attributes
                0x000005d6       0x30 gba_input.o
 .ARM.attributes
                0x00000606       0x30 gba_math.o
 .ARM.attributes
                0x00000636       0x30 particles.o
 .ARM.attributes
                0x00000666       0x18 c:/devkitpro/devkitarm/bin/../lib/gcc/arm-none-eabi/7.1.0/thumb\libgcc.a(_divsi3.o)
 .ARM.attributes
                0x0000067e       0x16 c:/devkitpro/devkitarm/bin/../lib/gcc/arm-none-eabi/7.1.0/thumb\libgcc.a(_dvmd_tls.o)
 .ARM.attributes
                0x00000694       0x18 c:/devkitpro/devkitarm/bin/../lib/gcc/arm-none-eabi/7.1.0/thumb\libgcc.a(_arm_addsubsf3.o)
 .ARM.attributes
                0x000006ac       0x18 c:/devkitpro/devkitarm/bin/../lib/gcc/arm-none-eabi/7.1.0/thumb\libgcc.a(_arm_muldivsf3.o)
 .ARM.attributes
                0x000006c4       0x18 c:/devkitpro/devkitarm/bin/../lib/gcc/arm-none-eabi/7.1.0/thumb\libgcc.a(_arm_fixsfsi.o)
 .ARM.attributes
                0x000006dc       0x30 c:/devkitpro/devkitarm/bin/../lib/gcc/arm-none-eabi/7.1.0/../../../../arm-none-eabi/lib/thumb\libg.a(lib_a-init.o)
 .ARM.attributes
                0x0000070c       0x30 c:/devkitpro/devkitarm/bin/../lib/gcc/arm-none-eabi/7.1.0/../../../../arm-none-eabi/lib/thumb\libg.a(lib_a-memcpy-stub.o)
 .ARM.attributes
                0x0000073c       0x30 c:/devkitpro/devkitarm/bin/../lib/gcc/arm-none-eabi/7.1.0/../../../../arm-none-eabi/lib/thumb\libsysbase.a(malloc_vars.o)
 .ARM.attributes
                0x0000076c       0x30 c:/devkitpro/devkitarm/bin/../lib/gcc/arm-none-eabi/7.1.0/thumb/crtend.o
 .ARM.attributes
                0x0000079c       0x16 c:/devkitpro/devkitarm/bin/../lib/gcc/arm-none-eabi/7.1.0/thumb/crtn.o

/DISCARD/
 *(.note.GNU-stack)
LOAD c:/devkitpro/devkitarm/bin/../lib/gcc/arm-none-eabi/7.1.0/../../../../arm-none-eabi/lib/thumb/gba_crt0.o
LOAD c:/devkitpro/devkitarm/bin/../lib/gcc/arm-none-eabi/7.1.0/thumb/crti.o
LOAD c:/devkitpro/devkitarm/bin/../lib/gcc/arm-none-eabi/7.1.0/thumb/crtbegin.o
LOAD DM_AIManager.o
LOAD DM_MarioManager.o
LOAD DM_ParticleManager.o
LOAD DM_PrizeBlockManager.o
LOAD DM_SpriteManager.o
LOAD DM_TileManager.o
LOAD World1Level1_Collisions.o
LOAD World1Level1_Maps.o
LOAD World1Level1_Palette.o
LOAD World1Level1_Tiles.o
LOAD World1Level2_Collisions.o
LOAD World1Level2_Maps.o
LOAD World1Level2_Palette.o
LOAD World1Level2_Tiles.o
LOAD World1MapCollisions.o
LOAD World1Map_Maps.o
LOAD World1Map_Palette.o
LOAD World1Map_Tiles.o
LOAD main.o
LOAD EnemySprites.o
LOAD Fireball.o
LOAD Mario_Fire.o
LOAD Mario_Small.o
LOAD Mario_Tall.o
LOAD Powerups.o
LOAD PrizeBlockEmpty.o
LOAD ScoreParticle.o
LOAD gab_mathUtil.o
LOAD gba_gfx.o
LOAD gba_input.o
LOAD gba_math.o
LOAD particles.o
LOAD c:/devkitPro/libgba/lib\libmm.a
LOAD c:/devkitPro/libgba/lib\libgba.a
LOAD c:/devkitpro/devkitarm/bin/../lib/gcc/arm-none-eabi/7.1.0/../../../../arm-none-eabi/lib/thumb\libstdc++.a
LOAD c:/devkitpro/devkitarm/bin/../lib/gcc/arm-none-eabi/7.1.0/../../../../arm-none-eabi/lib/thumb\libm.a
START GROUP
LOAD c:/devkitpro/devkitarm/bin/../lib/gcc/arm-none-eabi/7.1.0/thumb\libgcc.a
LOAD c:/devkitpro/devkitarm/bin/../lib/gcc/arm-none-eabi/7.1.0/../../../../arm-none-eabi/lib/thumb\libg.a
LOAD c:/devkitpro/devkitarm/bin/../lib/gcc/arm-none-eabi/7.1.0/../../../../arm-none-eabi/lib/thumb\libc.a
LOAD c:/devkitpro/devkitarm/bin/../lib/gcc/arm-none-eabi/7.1.0/../../../../arm-none-eabi/lib/thumb\libsysbase.a
END GROUP
LOAD c:/devkitpro/devkitarm/bin/../lib/gcc/arm-none-eabi/7.1.0/thumb/crtend.o
LOAD c:/devkitpro/devkitarm/bin/../lib/gcc/arm-none-eabi/7.1.0/thumb/crtn.o
OUTPUT(c:/Users/Betat/Documents/gba-mario/gba-mario.elf elf32-littlearm)

.debug_ranges   0x00000000       0xa8
 .debug_ranges  0x00000000       0x18 DM_AIManager.o
 .debug_ranges  0x00000018       0x30 DM_MarioManager.o
 .debug_ranges  0x00000048       0x60 main.o
