Archive member included to satisfy reference by file (symbol)

c:/devkitpro/devkitarm/bin/../lib/gcc/arm-none-eabi/7.1.0/thumb\libgcc.a(_divsi3.o)
                              gba_math.o (__aeabi_idiv)
c:/devkitpro/devkitarm/bin/../lib/gcc/arm-none-eabi/7.1.0/thumb\libgcc.a(_dvmd_tls.o)
                              c:/devkitpro/devkitarm/bin/../lib/gcc/arm-none-eabi/7.1.0/thumb\libgcc.a(_divsi3.o) (__aeabi_idiv0)
c:/devkitpro/devkitarm/bin/../lib/gcc/arm-none-eabi/7.1.0/thumb\libgcc.a(_arm_addsubsf3.o)
                              gba_math.o (__aeabi_i2f)
c:/devkitpro/devkitarm/bin/../lib/gcc/arm-none-eabi/7.1.0/thumb\libgcc.a(_arm_muldivsf3.o)
                              gba_math.o (__aeabi_fmul)
c:/devkitpro/devkitarm/bin/../lib/gcc/arm-none-eabi/7.1.0/thumb\libgcc.a(_arm_fixsfsi.o)
                              gba_math.o (__aeabi_f2iz)
c:/devkitpro/devkitarm/bin/../lib/gcc/arm-none-eabi/7.1.0/../../../../arm-none-eabi/lib/thumb\libg.a(lib_a-init.o)
                              c:/devkitpro/devkitarm/bin/../lib/gcc/arm-none-eabi/7.1.0/../../../../arm-none-eabi/lib/thumb/gba_crt0.o (__libc_init_array)
c:/devkitpro/devkitarm/bin/../lib/gcc/arm-none-eabi/7.1.0/../../../../arm-none-eabi/lib/thumb\libg.a(lib_a-memcpy-stub.o)
                              DM_SpriteManager.o (memcpy)
c:/devkitpro/devkitarm/bin/../lib/gcc/arm-none-eabi/7.1.0/../../../../arm-none-eabi/lib/thumb\libg.a(lib_a-memset.o)
                              main.o (memset)
c:/devkitpro/devkitarm/bin/../lib/gcc/arm-none-eabi/7.1.0/../../../../arm-none-eabi/lib/thumb\libsysbase.a(malloc_vars.o)
                              c:/devkitpro/devkitarm/bin/../lib/gcc/arm-none-eabi/7.1.0/../../../../arm-none-eabi/lib/thumb/gba_crt0.o (fake_heap_end)

Discarded input sections

 .text          0x00000000        0x0 c:/devkitpro/devkitarm/bin/../lib/gcc/arm-none-eabi/7.1.0/../../../../arm-none-eabi/lib/thumb/gba_crt0.o
 .data          0x00000000        0x0 c:/devkitpro/devkitarm/bin/../lib/gcc/arm-none-eabi/7.1.0/../../../../arm-none-eabi/lib/thumb/gba_crt0.o
 .bss           0x00000000        0x0 c:/devkitpro/devkitarm/bin/../lib/gcc/arm-none-eabi/7.1.0/../../../../arm-none-eabi/lib/thumb/gba_crt0.o
 .text          0x00000000        0x0 c:/devkitpro/devkitarm/bin/../lib/gcc/arm-none-eabi/7.1.0/thumb/crti.o
 .data          0x00000000        0x0 c:/devkitpro/devkitarm/bin/../lib/gcc/arm-none-eabi/7.1.0/thumb/crti.o
 .bss           0x00000000        0x0 c:/devkitpro/devkitarm/bin/../lib/gcc/arm-none-eabi/7.1.0/thumb/crti.o
 .text          0x00000000        0x0 c:/devkitpro/devkitarm/bin/../lib/gcc/arm-none-eabi/7.1.0/thumb/crtbegin.o
 .data          0x00000000        0x0 c:/devkitpro/devkitarm/bin/../lib/gcc/arm-none-eabi/7.1.0/thumb/crtbegin.o
 .bss           0x00000000        0x0 c:/devkitpro/devkitarm/bin/../lib/gcc/arm-none-eabi/7.1.0/thumb/crtbegin.o
 .data.__dso_handle
                0x00000000        0x4 c:/devkitpro/devkitarm/bin/../lib/gcc/arm-none-eabi/7.1.0/thumb/crtbegin.o
 .data          0x00000000        0x0 DM_AIManager.o
 .bss           0x00000000        0x0 DM_AIManager.o
 .data          0x00000000        0x0 DM_MarioManager.o
 .bss           0x00000000        0x0 DM_MarioManager.o
 .data          0x00000000        0x0 DM_SpriteManager.o
 .bss           0x00000000        0x0 DM_SpriteManager.o
 .data          0x00000000       0x28 DM_TileManager.o
 .bss           0x00000000        0x2 DM_TileManager.o
 .group         0x00000000        0x8 main.o
 .group         0x00000000        0x8 main.o
 .group         0x00000000        0x8 main.o
 .group         0x00000000        0x8 main.o
 .group         0x00000000        0x8 main.o
 .group         0x00000000        0x8 main.o
 .group         0x00000000        0x8 main.o
 .group         0x00000000        0x8 main.o
 .data          0x00000000        0x0 main.o
 .text          0x00000000        0x0 EnemySprites.o
 .data          0x00000000        0x0 EnemySprites.o
 .bss           0x00000000        0x0 EnemySprites.o
 .text          0x00000000        0x0 Mario_Small.o
 .data          0x00000000        0x0 Mario_Small.o
 .bss           0x00000000        0x0 Mario_Small.o
 .text          0x00000000        0x0 Mario_Tall.o
 .data          0x00000000        0x0 Mario_Tall.o
 .bss           0x00000000        0x0 Mario_Tall.o
 .text          0x00000000        0x0 TileLookUp.o
 .data          0x00000000        0x0 TileLookUp.o
 .bss           0x00000000        0x0 TileLookUp.o
 .rodata        0x00000000      0x918 TileLookUp.o
 .bss           0x00000000        0x0 gab_mathUtil.o
 .text          0x00000000      0x222 gba_drawing.o
 .data          0x00000000        0x0 gba_drawing.o
 .bss           0x00000000        0x0 gba_drawing.o
 .bss           0x00000000      0x400 gba_gfx.o
 .rodata        0x00000000        0x4 gba_gfx.o
 .text          0x00000000        0x0 gba_input.o
 .data          0x00000000        0x0 gba_input.o
 .data          0x00000000        0x0 gba_math.o
 .bss           0x00000000        0x0 gba_math.o
 .text          0x00000000        0x0 particles.o
 .data          0x00000000        0x0 particles.o
 .bss           0x00000000        0x0 particles.o
 .text          0x00000000        0x0 rocket4bpp.o
 .data          0x00000000        0x0 rocket4bpp.o
 .bss           0x00000000        0x0 rocket4bpp.o
 .rodata        0x00000000      0x420 rocket4bpp.o
 .text          0x00000000        0x0 sinlut.o
 .data          0x00000000        0x0 sinlut.o
 .bss           0x00000000        0x0 sinlut.o
 .data          0x00000000        0x0 c:/devkitpro/devkitarm/bin/../lib/gcc/arm-none-eabi/7.1.0/thumb\libgcc.a(_divsi3.o)
 .bss           0x00000000        0x0 c:/devkitpro/devkitarm/bin/../lib/gcc/arm-none-eabi/7.1.0/thumb\libgcc.a(_divsi3.o)
 .data          0x00000000        0x0 c:/devkitpro/devkitarm/bin/../lib/gcc/arm-none-eabi/7.1.0/thumb\libgcc.a(_dvmd_tls.o)
 .bss           0x00000000        0x0 c:/devkitpro/devkitarm/bin/../lib/gcc/arm-none-eabi/7.1.0/thumb\libgcc.a(_dvmd_tls.o)
 .data          0x00000000        0x0 c:/devkitpro/devkitarm/bin/../lib/gcc/arm-none-eabi/7.1.0/thumb\libgcc.a(_arm_addsubsf3.o)
 .bss           0x00000000        0x0 c:/devkitpro/devkitarm/bin/../lib/gcc/arm-none-eabi/7.1.0/thumb\libgcc.a(_arm_addsubsf3.o)
 .data          0x00000000        0x0 c:/devkitpro/devkitarm/bin/../lib/gcc/arm-none-eabi/7.1.0/thumb\libgcc.a(_arm_muldivsf3.o)
 .bss           0x00000000        0x0 c:/devkitpro/devkitarm/bin/../lib/gcc/arm-none-eabi/7.1.0/thumb\libgcc.a(_arm_muldivsf3.o)
 .data          0x00000000        0x0 c:/devkitpro/devkitarm/bin/../lib/gcc/arm-none-eabi/7.1.0/thumb\libgcc.a(_arm_fixsfsi.o)
 .bss           0x00000000        0x0 c:/devkitpro/devkitarm/bin/../lib/gcc/arm-none-eabi/7.1.0/thumb\libgcc.a(_arm_fixsfsi.o)
 .text          0x00000000        0x0 c:/devkitpro/devkitarm/bin/../lib/gcc/arm-none-eabi/7.1.0/../../../../arm-none-eabi/lib/thumb\libg.a(lib_a-init.o)
 .data          0x00000000        0x0 c:/devkitpro/devkitarm/bin/../lib/gcc/arm-none-eabi/7.1.0/../../../../arm-none-eabi/lib/thumb\libg.a(lib_a-init.o)
 .bss           0x00000000        0x0 c:/devkitpro/devkitarm/bin/../lib/gcc/arm-none-eabi/7.1.0/../../../../arm-none-eabi/lib/thumb\libg.a(lib_a-init.o)
 .text          0x00000000        0x0 c:/devkitpro/devkitarm/bin/../lib/gcc/arm-none-eabi/7.1.0/../../../../arm-none-eabi/lib/thumb\libg.a(lib_a-memcpy-stub.o)
 .data          0x00000000        0x0 c:/devkitpro/devkitarm/bin/../lib/gcc/arm-none-eabi/7.1.0/../../../../arm-none-eabi/lib/thumb\libg.a(lib_a-memcpy-stub.o)
 .bss           0x00000000        0x0 c:/devkitpro/devkitarm/bin/../lib/gcc/arm-none-eabi/7.1.0/../../../../arm-none-eabi/lib/thumb\libg.a(lib_a-memcpy-stub.o)
 .text          0x00000000        0x0 c:/devkitpro/devkitarm/bin/../lib/gcc/arm-none-eabi/7.1.0/../../../../arm-none-eabi/lib/thumb\libg.a(lib_a-memset.o)
 .data          0x00000000        0x0 c:/devkitpro/devkitarm/bin/../lib/gcc/arm-none-eabi/7.1.0/../../../../arm-none-eabi/lib/thumb\libg.a(lib_a-memset.o)
 .bss           0x00000000        0x0 c:/devkitpro/devkitarm/bin/../lib/gcc/arm-none-eabi/7.1.0/../../../../arm-none-eabi/lib/thumb\libg.a(lib_a-memset.o)
 .text          0x00000000        0x0 c:/devkitpro/devkitarm/bin/../lib/gcc/arm-none-eabi/7.1.0/../../../../arm-none-eabi/lib/thumb\libsysbase.a(malloc_vars.o)
 .data          0x00000000        0x0 c:/devkitpro/devkitarm/bin/../lib/gcc/arm-none-eabi/7.1.0/../../../../arm-none-eabi/lib/thumb\libsysbase.a(malloc_vars.o)
 .bss           0x00000000        0x0 c:/devkitpro/devkitarm/bin/../lib/gcc/arm-none-eabi/7.1.0/../../../../arm-none-eabi/lib/thumb\libsysbase.a(malloc_vars.o)
 .bss.fake_heap_start
                0x00000000        0x4 c:/devkitpro/devkitarm/bin/../lib/gcc/arm-none-eabi/7.1.0/../../../../arm-none-eabi/lib/thumb\libsysbase.a(malloc_vars.o)
 .text          0x00000000        0x0 c:/devkitpro/devkitarm/bin/../lib/gcc/arm-none-eabi/7.1.0/thumb/crtend.o
 .data          0x00000000        0x0 c:/devkitpro/devkitarm/bin/../lib/gcc/arm-none-eabi/7.1.0/thumb/crtend.o
 .bss           0x00000000        0x0 c:/devkitpro/devkitarm/bin/../lib/gcc/arm-none-eabi/7.1.0/thumb/crtend.o
 .text          0x00000000        0x0 c:/devkitpro/devkitarm/bin/../lib/gcc/arm-none-eabi/7.1.0/thumb/crtn.o
 .data          0x00000000        0x0 c:/devkitpro/devkitarm/bin/../lib/gcc/arm-none-eabi/7.1.0/thumb/crtn.o
 .bss           0x00000000        0x0 c:/devkitpro/devkitarm/bin/../lib/gcc/arm-none-eabi/7.1.0/thumb/crtn.o

Memory Configuration

Name             Origin             Length             Attributes
rom              0x08000000         0x02000000
iwram            0x03000000         0x00008000
ewram            0x02000000         0x00040000
*default*        0x00000000         0xffffffff

Linker script and memory map

                0x08000000                __text_start = ORIGIN (rom)
                0x02040000                __eheap_end = (ORIGIN (ewram) + LENGTH (ewram))
                0x03000000                __iwram_start = ORIGIN (iwram)
                0x03008000                __iwram_top = (ORIGIN (iwram) + LENGTH (iwram))
                0x03007fa0                __sp_irq = (__iwram_top - 0x60)
                0x03007f00                __sp_usr = (__sp_irq - 0xa0)
                0x03007ff8                __irq_flags = 0x3007ff8
                0x08000000                . = __text_start

.crt0           0x08000000      0x210
 *(.crt0)
 .crt0          0x08000000      0x210 c:/devkitpro/devkitarm/bin/../lib/gcc/arm-none-eabi/7.1.0/../../../../arm-none-eabi/lib/thumb/gba_crt0.o
                0x08000000                _start
                0x080000c4                __boot_method
                0x080000c5                __slave_number
                0x080000e0                start_vector
                0x08000210                . = ALIGN (0x4)

.init           0x08000210        0xc
 *(SORT(.init))
 .init          0x08000210        0x4 c:/devkitpro/devkitarm/bin/../lib/gcc/arm-none-eabi/7.1.0/thumb/crti.o
                0x08000210                _init
 .init          0x08000214        0x8 c:/devkitpro/devkitarm/bin/../lib/gcc/arm-none-eabi/7.1.0/thumb/crtn.o

.plt            0x0800021c        0x0
 *(.plt)
                0x0800021c                . = ALIGN (0x4)

.text           0x08000220     0x3ad0
 *(EXCLUDE_FILE(*.iwram*) .text)
 .text          0x08000220      0x5a4 DM_AIManager.o
                0x08000220                AIManager::CreateEnemy(SpriteManager&, AIManager*, signed char)
                0x08000364                AIManager::UpdateOffset(AIManager*, long, long)
                0x080003d0                AIManager::tile_lookup(unsigned long, unsigned long, unsigned long, unsigned long, unsigned short*, unsigned long, unsigned long)
                0x08000444                AIManager::UpdateEnemies(SpriteManager&, AIManager*)
                0x080007a4                AIManager::DeleteEnemy(AIManager&)
 .text          0x080007c4      0xbb8 DM_MarioManager.o
                0x080007c4                MarioManager::CreateMario(SpriteManager&)
                0x08000858                MarioManager::TransformMario(long, SpriteManager&)
                0x0800096c                MarioManager::MoveMario(long, long, SpriteManager&)
                0x080009e6                MarioManager::tile_lookup(unsigned long, unsigned long, unsigned long, unsigned long, unsigned short*, unsigned long, unsigned long)
                0x08000a5a                MarioManager::CheckCollisions()
                0x08000c10                MarioManager::UpdateMario(SpriteManager&)
                0x08000e58                MarioManager::UpdateFireBall(SpriteManager&)
                0x08001110                MarioManager::ShootFireBall(SpriteManager&)
                0x08001206                MarioManager::InitFireBall(SpriteManager&)
 .text          0x0800137c      0x424 DM_ParticleManager.o
                0x0800137c                ParticleManager::InitArray(SpriteManager&)
                0x080014b0                ParticleManager::DeleteArray(SpriteManager&)
                0x080014f8                ParticleManager::InitParticle(Particle&)
                0x08001530                ParticleManager::EmitParticle(Particle&)
                0x0800158e                ParticleManager::UpdateParticle(Particle&)
                0x08001660                ParticleManager::UpdateParticleArray(SpriteManager&)
                0x08001728                ParticleManager::SetEmitterPos(long, long)
 .text          0x080017a0      0x704 DM_SpriteManager.o
                0x080017a0                SpriteManager::CreateSprite(unsigned short*, unsigned short*, long, long, long, long)
                0x080018ea                SpriteManager::DeleteSprite(long)
                0x08001938                SpriteManager::LoadTiles(unsigned short*, unsigned short*, long, long, long, long)
                0x08001976                SpriteManager::InitialiseArray()
                0x08001a12                SpriteManager::HideSprite(long)
                0x08001a68                SpriteManager::ShowSprite(long)
                0x08001aac                SpriteManager::SetHFlip(bool, long)
                0x08001b2c                SpriteManager::SetVFlip(bool, long)
                0x08001bac                SpriteManager::SetFrame(long, long)
                0x08001c28                SpriteManager::MoveSprite(short, short, long)
                0x08001cd6                SpriteManager::setSpriteAttr0(unsigned short, unsigned char, unsigned char, unsigned char, unsigned char, unsigned char)
                0x08001d8e                SpriteManager::setSpriteAttr1(unsigned short, unsigned char, unsigned char, unsigned char, unsigned char)
                0x08001e34                SpriteManager::setSpriteAttr2(unsigned long, unsigned long, unsigned long)
                0x08001e90                SpriteManager::UpdateSprites()
 .text          0x08001ea4      0x484 DM_TileManager.o
                0x08001ea4                TileManager::SetupBG(long, long)
                0x08001f74                TileManager::SetPos(long, long)
                0x08002014                TileManager::ScrollBackGround(bool, bool)
                0x08002174                TileManager::AddRow(long, long)
                0x0800227c                TileManager::AddCol(long, long)
 .text          0x08002328      0x584 main.o
                0x08002328                setBG_Control_Register(unsigned char, unsigned char, unsigned char, unsigned char, unsigned char, unsigned char, unsigned char)
                0x0800240e                note_prep(int)
                0x08002422                note_play(int, int)
                0x08002470                delay(unsigned int)
                0x080024a2                sos()
                0x080024ec                main
 .text          0x080028ac       0xd8 gab_mathUtil.o
                0x080028ac                sqran
                0x080028d4                qran
                0x0800290c                qran_range
                0x08002938                sign
                0x08002960                abs
 .text          0x08002984      0x658 gba_gfx.o
                0x08002984                vsync
                0x080029b4                page_flip
                0x080029ec                tile_block_address
                0x08002a0c                tileMap_block_address
                0x08002a2c                sprite_tile_block_address
                0x08002a54                setBG_Control_Register
                0x08002b50                palette__bg_block_address
                0x08002b70                palette_sp_block_address
                0x08002b94                SetAttrib0
                0x08002c54                SetAttrib1
                0x08002cba                SetAttrib1AffineIndex
                0x08002d0c                SetAttrib2
                0x08002d72                SetObjectPosition
                0x08002de2                obj_hide
                0x08002e1c                obj_unhide
                0x08002e6c                oam_init
                0x08002ed2                oam_copy
                0x08002f24                obj_aff_identity
                0x08002f58                obj_aff_rotscale
 .text          0x08002fdc      0x184 gba_math.o
                0x08002fdc                int2fix
                0x08002ff4                float2fix
                0x0800301c                fix2uint
                0x08003034                fix2ufrac
                0x0800304e                fix2int
                0x0800306c                fix2float
                0x08003094                fixAdd
                0x080030b0                fixSub
                0x080030cc                fixMul
                0x080030ec                fixDiv
                0x08003110                lu_sin
                0x08003138                lu_cos
 .text          0x08003160      0x150 c:/devkitpro/devkitarm/bin/../lib/gcc/arm-none-eabi/7.1.0/thumb\libgcc.a(_divsi3.o)
                0x08003160                __divsi3
                0x08003160                __aeabi_idiv
                0x08003290                __aeabi_idivmod
 .text          0x080032b0        0x4 c:/devkitpro/devkitarm/bin/../lib/gcc/arm-none-eabi/7.1.0/thumb\libgcc.a(_dvmd_tls.o)
                0x080032b0                __aeabi_idiv0
                0x080032b0                __aeabi_ldiv0
 .text          0x080032b4      0x2ac c:/devkitpro/devkitarm/bin/../lib/gcc/arm-none-eabi/7.1.0/thumb\libgcc.a(_arm_addsubsf3.o)
                0x080032b4                __aeabi_frsub
                0x080032bc                __subsf3
                0x080032bc                __aeabi_fsub
                0x080032c0                __aeabi_fadd
                0x080032c0                __addsf3
                0x0800347c                __aeabi_ui2f
                0x0800347c                __floatunsisf
                0x08003484                __aeabi_i2f
                0x08003484                __floatsisf
                0x080034a4                __aeabi_ul2f
                0x080034a4                __floatundisf
                0x080034b4                __aeabi_l2f
                0x080034b4                __floatdisf
 .text          0x08003560      0x2f8 c:/devkitpro/devkitarm/bin/../lib/gcc/arm-none-eabi/7.1.0/thumb\libgcc.a(_arm_muldivsf3.o)
                0x08003560                __mulsf3
                0x08003560                __aeabi_fmul
                0x080036f8                __aeabi_fdiv
                0x080036f8                __divsf3
 .text          0x08003858       0x5c c:/devkitpro/devkitarm/bin/../lib/gcc/arm-none-eabi/7.1.0/thumb\libgcc.a(_arm_fixsfsi.o)
                0x08003858                __aeabi_f2iz
                0x08003858                __fixsfsi
 *(.text .stub .text.* .gnu.linkonce.t.*)
 .text.deregister_tm_clones
                0x080038b4       0x2c c:/devkitpro/devkitarm/bin/../lib/gcc/arm-none-eabi/7.1.0/thumb/crtbegin.o
 .text.register_tm_clones
                0x080038e0       0x34 c:/devkitpro/devkitarm/bin/../lib/gcc/arm-none-eabi/7.1.0/thumb/crtbegin.o
 .text.__do_global_dtors_aux
                0x08003914       0x30 c:/devkitpro/devkitarm/bin/../lib/gcc/arm-none-eabi/7.1.0/thumb/crtbegin.o
 .text.frame_dummy
                0x08003944       0x28 c:/devkitpro/devkitarm/bin/../lib/gcc/arm-none-eabi/7.1.0/thumb/crtbegin.o
 .text.PollKeys
                0x0800396c       0x3c main.o
                0x0800396c                PollKeys
 .text.keyDown  0x080039a8       0x24 main.o
                0x080039a8                keyDown
 .text.keyHit   0x080039cc       0x30 main.o
                0x080039cc                keyHit
 .text._ZN13SpriteManagerC2Ev
                0x080039fc       0x26 main.o
                0x080039fc                SpriteManager::SpriteManager()
                0x080039fc                SpriteManager::SpriteManager()
 .text._ZN15ParticleManagerC2Ev
                0x08003a22       0x1c main.o
                0x08003a22                ParticleManager::ParticleManager()
                0x08003a22                ParticleManager::ParticleManager()
 .text._ZN8FireballC2Ev
                0x08003a3e       0x22 main.o
                0x08003a3e                Fireball::Fireball()
                0x08003a3e                Fireball::Fireball()
 .text._ZN12MarioManagerC2Ev
                0x08003a60       0x7c main.o
                0x08003a60                MarioManager::MarioManager()
                0x08003a60                MarioManager::MarioManager()
 .text._ZN9AIManagerC2Ev
                0x08003adc       0x58 main.o
                0x08003adc                AIManager::AIManager()
                0x08003adc                AIManager::AIManager()
 .text.__libc_init_array
                0x08003b34       0x54 c:/devkitpro/devkitarm/bin/../lib/gcc/arm-none-eabi/7.1.0/../../../../arm-none-eabi/lib/thumb\libg.a(lib_a-init.o)
                0x08003b34                __libc_init_array
 .text.memcpy   0x08003b88       0x8c c:/devkitpro/devkitarm/bin/../lib/gcc/arm-none-eabi/7.1.0/../../../../arm-none-eabi/lib/thumb\libg.a(lib_a-memcpy-stub.o)
                0x08003b88                memcpy
 .text.memset   0x08003c14       0xa4 c:/devkitpro/devkitarm/bin/../lib/gcc/arm-none-eabi/7.1.0/../../../../arm-none-eabi/lib/thumb\libg.a(lib_a-memset.o)
                0x08003c14                memset
 .text.memset.__stub
                0x08003cb8       0x34 linker stubs
 *(.text.*personality*)
 *(.gnu.warning)
 *(.glue_7t)
 .glue_7t       0x08003cf0        0x0 linker stubs
 *(.glue_7)
 .glue_7        0x08003cf0        0x0 linker stubs
 *(.vfp11_veneer)
 .vfp11_veneer  0x08003cf0        0x0 linker stubs
                0x08003cf0                . = ALIGN (0x4)
                0x08003cf0                __text_end = .

.v4_bx          0x08003cf0        0x0
 .v4_bx         0x08003cf0        0x0 linker stubs

.iplt           0x08003cf0        0x0
 .iplt          0x08003cf0        0x0 c:/devkitpro/devkitarm/bin/../lib/gcc/arm-none-eabi/7.1.0/../../../../arm-none-eabi/lib/thumb/gba_crt0.o

.fini           0x08003cf0        0xc
 *(.fini)
 .fini          0x08003cf0        0x4 c:/devkitpro/devkitarm/bin/../lib/gcc/arm-none-eabi/7.1.0/thumb/crti.o
                0x08003cf0                _fini
 .fini          0x08003cf4        0x8 c:/devkitpro/devkitarm/bin/../lib/gcc/arm-none-eabi/7.1.0/thumb/crtn.o
                0x08003cfc                . = ALIGN (0x4)

.rodata         0x08003cfc    0x2a4b8
 *(.rodata)
 .rodata        0x08003cfc     0xd400 DM_AIManager.o
 .rodata        0x080110fc     0xd400 DM_MarioManager.o
 .rodata        0x0801e4fc     0xdc60 DM_TileManager.o
 .rodata        0x0802c15c      0xa0e main.o
                0x0802c15c                aggg
 *fill*         0x0802cb6a        0x2 ff
 .rodata        0x0802cb6c      0x410 EnemySprites.o
                0x0802cb6c                EnemySpritesTiles
                0x0802cf6c                EnemySpritesPal
 .rodata        0x0802cf7c      0x40c Mario_Small.o
                0x0802cf7c                Mario_SmallTiles
                0x0802d37c                Mario_SmallPal
 .rodata        0x0802d388      0x80c Mario_Tall.o
                0x0802d388                Mario_TallTiles
                0x0802db88                Mario_TallPal
 .rodata        0x0802db94      0x220 particles.o
                0x0802db94                particlesTiles
                0x0802dd94                particlesPal
 .rodata        0x0802ddb4      0x400 sinlut.o
                0x0802ddb4                sin_lut
 *all.rodata*(*)
 *(.roda)
 *(.rodata.*)
 *(.gnu.linkonce.r*)
                0x0802e1b4                . = ALIGN (0x4)

.ARM.extab
 *(.ARM.extab* .gnu.linkonce.armextab.*)
                0x0802e1b4                __exidx_start = .

.ARM.exidx
 *(.ARM.exidx* .gnu.linkonce.armexidx.*)
                0x0802e1b4                __exidx_end = .

.ctors          0x0802e1b4        0x0
 *crtbegin.o(.ctors)
 *(EXCLUDE_FILE(*crtend.o) .ctors)
 *(SORT(.ctors.*))
 *(.ctors)
                0x0802e1b4                . = ALIGN (0x4)

.dtors          0x0802e1b4        0x0
 *crtbegin.o(.dtors)
 *(EXCLUDE_FILE(*crtend.o) .dtors)
 *(SORT(.dtors.*))
 *(.dtors)
                0x0802e1b4                . = ALIGN (0x4)

.eh_frame       0x0802e1b4        0x4
 *(.eh_frame)
 .eh_frame      0x0802e1b4        0x0 c:/devkitpro/devkitarm/bin/../lib/gcc/arm-none-eabi/7.1.0/thumb/crtbegin.o
 .eh_frame      0x0802e1b4        0x4 c:/devkitpro/devkitarm/bin/../lib/gcc/arm-none-eabi/7.1.0/thumb/crtend.o
                0x0802e1b8                . = ALIGN (0x4)

.rel.dyn        0x0802e1b8        0x0
 .rel.iplt      0x0802e1b8        0x0 c:/devkitpro/devkitarm/bin/../lib/gcc/arm-none-eabi/7.1.0/../../../../arm-none-eabi/lib/thumb/gba_crt0.o

.gcc_except_table
                0x0802e1b8        0x0
 *(.gcc_except_table)
                0x0802e1b8                . = ALIGN (0x4)
                0x0802e1b8                __iwram_lma = .

.iwram          0x03000000        0x0 load address 0x0802e1b8
                0x03000000                __iwram_start__ = ABSOLUTE (.)
 *(.iwram)
 *iwram.*(.text)
                0x03000000                . = ALIGN (0x4)
                0x03000000                __iwram_end__ = ABSOLUTE (.)
                0x0802e1b8                __data_lma = (__iwram_lma + SIZEOF (.iwram))

.bss            0x03000000       0x58
                0x03000000                __bss_start = ABSOLUTE (.)
                0x03000000                __bss_start__ = ABSOLUTE (.)
 *(.dynbss)
 *(.gnu.linkonce.b*)
 *(.bss*)
 .bss.completed.6484
                0x03000000        0x1 c:/devkitpro/devkitarm/bin/../lib/gcc/arm-none-eabi/7.1.0/thumb/crtbegin.o
 *fill*         0x03000001        0x3 
 .bss.object.6489
                0x03000004       0x18 c:/devkitpro/devkitarm/bin/../lib/gcc/arm-none-eabi/7.1.0/thumb/crtbegin.o
 .bss           0x0300001c        0x4 DM_ParticleManager.o
                0x0300001c                g_pixels2Meter
 .bss           0x03000020       0x30 main.o
                0x03000020                __snd_rates
 .bss           0x03000050        0x4 gba_input.o
                0x03000050                __currKeys
                0x03000052                __prevKeys
 .bss.fake_heap_end
                0x03000054        0x4 c:/devkitpro/devkitarm/bin/../lib/gcc/arm-none-eabi/7.1.0/../../../../arm-none-eabi/lib/thumb\libsysbase.a(malloc_vars.o)
                0x03000054                fake_heap_end
 *(COMMON)
                0x03000058                . = ALIGN (0x4)
                0x03000058                __bss_end__ = ABSOLUTE (.)

.data           0x03000058       0x10 load address 0x0802e1b8
                0x03000058                __data_start__ = ABSOLUTE (.)
 *(.data)
 .data          0x03000058        0x8 DM_ParticleManager.o
                0x03000058                g_gravity
                0x0300005c                g_frameTime
 .data          0x03000060        0x4 gab_mathUtil.o
                0x03000060                __qran_seed
 .data          0x03000064        0x4 gba_gfx.o
                0x03000064                vid_page
 *(.data.*)
 *(.gnu.linkonce.d*)
                0x03000068                . = ALIGN (0x4)
                0x0802e1c8                __preinit_lma = (__data_lma + SIZEOF (.data))

.igot.plt       0x03000068        0x0 load address 0x0802e1c8
 .igot.plt      0x03000068        0x0 c:/devkitpro/devkitarm/bin/../lib/gcc/arm-none-eabi/7.1.0/../../../../arm-none-eabi/lib/thumb/gba_crt0.o

.tm_clone_table
                0x03000068        0x0 load address 0x0802e1c8
 .tm_clone_table
                0x03000068        0x0 c:/devkitpro/devkitarm/bin/../lib/gcc/arm-none-eabi/7.1.0/thumb/crtbegin.o
 .tm_clone_table
                0x03000068        0x0 c:/devkitpro/devkitarm/bin/../lib/gcc/arm-none-eabi/7.1.0/thumb/crtend.o

.preinit_array  0x03000068        0x0 load address 0x0802e1c8
                0x03000068                __preinit_array_start = ABSOLUTE (.)
 *(.preinit_array)
                0x03000068                __preinit_array_end = ABSOLUTE (.)
                0x0802e1c8                __init_lma = (__preinit_lma + SIZEOF (.preinit_array))

.init_array     0x03000068        0x8 load address 0x0802e1c8
                0x03000068                __init_array_start = ABSOLUTE (.)
 *(SORT(.init_array.*))
 *(.init_array)
 .init_array    0x03000068        0x4 c:/devkitpro/devkitarm/bin/../lib/gcc/arm-none-eabi/7.1.0/thumb/crtbegin.o
 .init_array    0x0300006c        0x4 DM_ParticleManager.o
                0x03000070                __init_array_end = ABSOLUTE (.)
                0x0802e1d0                __fini_lma = (__init_lma + SIZEOF (.init_array))

.fini_array     0x03000070        0x4 load address 0x0802e1d0
                0x03000070                __fini_array_start = ABSOLUTE (.)
 *(SORT(.fini_array.*))
 *(.fini_array)
 .fini_array    0x03000070        0x4 c:/devkitpro/devkitarm/bin/../lib/gcc/arm-none-eabi/7.1.0/thumb/crtbegin.o
                0x03000074                __fini_array_end = ABSOLUTE (.)
                0x0802e1d4                __jcr_lma = (__fini_lma + SIZEOF (.fini_array))

.jcr            0x03000074        0x0 load address 0x0802e1d4
 *(.jcr)
                0x03000074                __data_end__ = ABSOLUTE (.)
                0x0802e1d4                __iwram_overlay_lma = (__jcr_lma + SIZEOF (.jcr))
                0x03000074                __iwram_overlay_start = .

.iwram0         0x03000074        0x0 load address 0x0802e1d4
 *(.iwram0)
                0x03000074                . = ALIGN (0x4)
                0x0802e1d4                PROVIDE (__load_start_iwram0, LOADADDR (.iwram0))
                0x0802e1d4                PROVIDE (__load_stop_iwram0, (LOADADDR (.iwram0) + SIZEOF (.iwram0)))

.iwram1         0x03000074        0x0
 *(.iwram1)
                0x03000074                . = ALIGN (0x4)
                [!provide]                PROVIDE (__load_start_iwram1, LOADADDR (.iwram1))
                [!provide]                PROVIDE (__load_stop_iwram1, (LOADADDR (.iwram1) + SIZEOF (.iwram1)))

.iwram2         0x03000074        0x0
 *(.iwram2)
                0x03000074                . = ALIGN (0x4)
                [!provide]                PROVIDE (__load_start_iwram2, LOADADDR (.iwram2))
                [!provide]                PROVIDE (__load_stop_iwram2, (LOADADDR (.iwram2) + SIZEOF (.iwram2)))

.iwram3         0x03000074        0x0
 *(.iwram3)
                0x03000074                . = ALIGN (0x4)
                [!provide]                PROVIDE (__load_start_iwram3, LOADADDR (.iwram3))
                [!provide]                PROVIDE (__load_stop_iwram3, (LOADADDR (.iwram3) + SIZEOF (.iwram3)))

.iwram4         0x03000074        0x0
 *(.iwram4)
                0x03000074                . = ALIGN (0x4)
                [!provide]                PROVIDE (__load_start_iwram4, LOADADDR (.iwram4))
                [!provide]                PROVIDE (__load_stop_iwram4, (LOADADDR (.iwram4) + SIZEOF (.iwram4)))

.iwram5         0x03000074        0x0
 *(.iwram5)
                0x03000074                . = ALIGN (0x4)
                [!provide]                PROVIDE (__load_start_iwram5, LOADADDR (.iwram5))
                [!provide]                PROVIDE (__load_stop_iwram5, (LOADADDR (.iwram5) + SIZEOF (.iwram5)))

.iwram6         0x03000074        0x0
 *(.iwram6)
                0x03000074                . = ALIGN (0x4)
                [!provide]                PROVIDE (__load_start_iwram6, LOADADDR (.iwram6))
                [!provide]                PROVIDE (__load_stop_iwram6, (LOADADDR (.iwram6) + SIZEOF (.iwram6)))

.iwram7         0x03000074        0x0
 *(.iwram7)
                0x03000074                . = ALIGN (0x4)
                [!provide]                PROVIDE (__load_start_iwram7, LOADADDR (.iwram7))
                [!provide]                PROVIDE (__load_stop_iwram7, (LOADADDR (.iwram7) + SIZEOF (.iwram7)))

.iwram8         0x03000074        0x0
 *(.iwram8)
                0x03000074                . = ALIGN (0x4)
                [!provide]                PROVIDE (__load_start_iwram8, LOADADDR (.iwram8))
                [!provide]                PROVIDE (__load_stop_iwram8, (LOADADDR (.iwram8) + SIZEOF (.iwram8)))

.iwram9         0x03000074        0x0
 *(.iwram9)
                0x03000074                . = ALIGN (0x4)
                [!provide]                PROVIDE (__load_start_iwram9, LOADADDR (.iwram9))
                [!provide]                PROVIDE (__load_stop_iwram9, (LOADADDR (.iwram9) + SIZEOF (.iwram9)))
                0x03000074                __iwram_overlay_end = .
                0x0802e1d4                __ewram_lma = (__iwram_overlay_lma + (__iwram_overlay_end - __iwram_overlay_start))
                0x03000074                __iheap_start = .
                0x02000000                __ewram_start = ORIGIN (ewram)

.ewram          0x02000000        0x0 load address 0x0802e1d4
 *(.ewram)
                0x02000000                . = ALIGN (0x4)
                0x02000000                __ewram_end = ABSOLUTE (.)
                0x0802e1d4                __pad_lma = (__ewram_lma + SIZEOF (.ewram))

.sbss           0x02000000        0x0
                0x02000000                __sbss_start__ = ABSOLUTE (.)
 *(.sbss)
                0x02000000                . = ALIGN (0x4)
                0x02000000                __sbss_end__ = ABSOLUTE (.)
                0x02000000                __end__ = ABSOLUTE (.)
                0x02000000                __eheap_start = ABSOLUTE (.)

.pad            0x02000000        0x8 load address 0x0802e1d4
                0x02000000        0x4 LONG 0x52416b64
                0x02000004        0x4 LONG 0x4d
                0x02000008                . = ALIGN (0x4)
                0x0802e1dc                __rom_end__ = (__pad_lma + SIZEOF (.pad))

.stab
 *(.stab)

.stabstr
 *(.stabstr)

.stab.excl
 *(.stab.excl)

.stab.exclstr
 *(.stab.exclstr)

.stab.index
 *(.stab.index)

.stab.indexstr
 *(.stab.indexstr)

.comment        0x00000000       0x22
 *(.comment)
 .comment       0x00000000       0x22 c:/devkitpro/devkitarm/bin/../lib/gcc/arm-none-eabi/7.1.0/thumb/crtbegin.o
                                 0x23 (size before relaxing)
 .comment       0x00000022       0x23 DM_AIManager.o
 .comment       0x00000022       0x23 DM_MarioManager.o
 .comment       0x00000022       0x23 DM_ParticleManager.o
 .comment       0x00000022       0x23 DM_SpriteManager.o
 .comment       0x00000022       0x23 DM_TileManager.o
 .comment       0x00000022       0x23 main.o
 .comment       0x00000022       0x23 EnemySprites.o
 .comment       0x00000022       0x23 Mario_Small.o
 .comment       0x00000022       0x23 Mario_Tall.o
 .comment       0x00000022       0x23 TileLookUp.o
 .comment       0x00000022       0x23 gab_mathUtil.o
 .comment       0x00000022       0x23 gba_drawing.o
 .comment       0x00000022       0x23 gba_gfx.o
 .comment       0x00000022       0x23 gba_input.o
 .comment       0x00000022       0x23 gba_math.o
 .comment       0x00000022       0x23 particles.o
 .comment       0x00000022       0x23 rocket4bpp.o
 .comment       0x00000022       0x23 sinlut.o
 .comment       0x00000022       0x23 c:/devkitpro/devkitarm/bin/../lib/gcc/arm-none-eabi/7.1.0/../../../../arm-none-eabi/lib/thumb\libg.a(lib_a-init.o)
 .comment       0x00000022       0x23 c:/devkitpro/devkitarm/bin/../lib/gcc/arm-none-eabi/7.1.0/../../../../arm-none-eabi/lib/thumb\libg.a(lib_a-memcpy-stub.o)
 .comment       0x00000022       0x23 c:/devkitpro/devkitarm/bin/../lib/gcc/arm-none-eabi/7.1.0/../../../../arm-none-eabi/lib/thumb\libg.a(lib_a-memset.o)
 .comment       0x00000022       0x23 c:/devkitpro/devkitarm/bin/../lib/gcc/arm-none-eabi/7.1.0/../../../../arm-none-eabi/lib/thumb\libsysbase.a(malloc_vars.o)
 .comment       0x00000022       0x23 c:/devkitpro/devkitarm/bin/../lib/gcc/arm-none-eabi/7.1.0/thumb/crtend.o

.debug
 *(.debug)

.line
 *(.line)

.debug_srcinfo
 *(.debug_srcinfo)

.debug_sfnames
 *(.debug_sfnames)

.debug_aranges  0x00000000      0x240
 *(.debug_aranges)
 .debug_aranges
                0x00000000       0x20 DM_AIManager.o
 .debug_aranges
                0x00000020       0x20 DM_MarioManager.o
 .debug_aranges
                0x00000040       0x20 DM_ParticleManager.o
 .debug_aranges
                0x00000060       0x20 DM_SpriteManager.o
 .debug_aranges
                0x00000080       0x20 DM_TileManager.o
 .debug_aranges
                0x000000a0       0x60 main.o
 .debug_aranges
                0x00000100       0x18 EnemySprites.o
 .debug_aranges
                0x00000118       0x18 Mario_Small.o
 .debug_aranges
                0x00000130       0x18 Mario_Tall.o
 .debug_aranges
                0x00000148       0x18 TileLookUp.o
 .debug_aranges
                0x00000160       0x20 gab_mathUtil.o
 .debug_aranges
                0x00000180       0x20 gba_drawing.o
 .debug_aranges
                0x000001a0       0x20 gba_gfx.o
 .debug_aranges
                0x000001c0       0x18 gba_input.o
 .debug_aranges
                0x000001d8       0x20 gba_math.o
 .debug_aranges
                0x000001f8       0x18 particles.o
 .debug_aranges
                0x00000210       0x18 rocket4bpp.o
 .debug_aranges
                0x00000228       0x18 sinlut.o

.debug_pubnames
 *(.debug_pubnames)

.debug_info     0x00000000     0x79a2
 *(.debug_info)
 .debug_info    0x00000000      0xa70 DM_AIManager.o
 .debug_info    0x00000a70      0xed4 DM_MarioManager.o
 .debug_info    0x00001944      0xa5d DM_ParticleManager.o
 .debug_info    0x000023a1     0x1389 DM_SpriteManager.o
 .debug_info    0x0000372a     0x1234 DM_TileManager.o
 .debug_info    0x0000495e     0x1ced main.o
 .debug_info    0x0000664b       0x82 EnemySprites.o
 .debug_info    0x000066cd       0x82 Mario_Small.o
 .debug_info    0x0000674f       0x82 Mario_Tall.o
 .debug_info    0x000067d1       0x5a TileLookUp.o
 .debug_info    0x0000682b      0x19a gab_mathUtil.o
 .debug_info    0x000069c5      0x2cf gba_drawing.o
 .debug_info    0x00006c94      0x7c1 gba_gfx.o
 .debug_info    0x00007455       0xb9 gba_input.o
 .debug_info    0x0000750e      0x338 gba_math.o
 .debug_info    0x00007846       0x81 particles.o
 .debug_info    0x000078c7       0x82 rocket4bpp.o
 .debug_info    0x00007949       0x59 sinlut.o

.debug_abbrev   0x00000000     0x169c
 *(.debug_abbrev)
 .debug_abbrev  0x00000000      0x207 DM_AIManager.o
 .debug_abbrev  0x00000207      0x262 DM_MarioManager.o
 .debug_abbrev  0x00000469      0x23e DM_ParticleManager.o
 .debug_abbrev  0x000006a7      0x2b1 DM_SpriteManager.o
 .debug_abbrev  0x00000958      0x2b1 DM_TileManager.o
 .debug_abbrev  0x00000c09      0x3ba main.o
 .debug_abbrev  0x00000fc3       0x51 EnemySprites.o
 .debug_abbrev  0x00001014       0x51 Mario_Small.o
 .debug_abbrev  0x00001065       0x51 Mario_Tall.o
 .debug_abbrev  0x000010b6       0x48 TileLookUp.o
 .debug_abbrev  0x000010fe      0x115 gab_mathUtil.o
 .debug_abbrev  0x00001213       0xd5 gba_drawing.o
 .debug_abbrev  0x000012e8      0x19a gba_gfx.o
 .debug_abbrev  0x00001482       0x5e gba_input.o
 .debug_abbrev  0x000014e0       0xde gba_math.o
 .debug_abbrev  0x000015be       0x48 particles.o
 .debug_abbrev  0x00001606       0x51 rocket4bpp.o
 .debug_abbrev  0x00001657       0x45 sinlut.o

.debug_line     0x00000000     0x1a9e
 *(.debug_line)
 .debug_line    0x00000000      0x217 DM_AIManager.o
 .debug_line    0x00000217      0x345 DM_MarioManager.o
 .debug_line    0x0000055c      0x24f DM_ParticleManager.o
 .debug_line    0x000007ab      0x261 DM_SpriteManager.o
 .debug_line    0x00000a0c      0x2c3 DM_TileManager.o
 .debug_line    0x00000ccf      0x3f8 main.o
 .debug_line    0x000010c7       0x59 EnemySprites.o
 .debug_line    0x00001120       0x58 Mario_Small.o
 .debug_line    0x00001178       0x57 Mario_Tall.o
 .debug_line    0x000011cf       0x57 TileLookUp.o
 .debug_line    0x00001226      0x160 gab_mathUtil.o
 .debug_line    0x00001386      0x1cc gba_drawing.o
 .debug_line    0x00001552      0x1c6 gba_gfx.o
 .debug_line    0x00001718      0x126 gba_input.o
 .debug_line    0x0000183e      0x160 gba_math.o
 .debug_line    0x0000199e       0x56 particles.o
 .debug_line    0x000019f4       0x57 rocket4bpp.o
 .debug_line    0x00001a4b       0x53 sinlut.o

.debug_frame    0x00000000      0xc98
 *(.debug_frame)
 .debug_frame   0x00000000       0xb4 DM_AIManager.o
 .debug_frame   0x000000b4      0x13c DM_MarioManager.o
 .debug_frame   0x000001f0      0x130 DM_ParticleManager.o
 .debug_frame   0x00000320      0x1d4 DM_SpriteManager.o
 .debug_frame   0x000004f4       0xb0 DM_TileManager.o
 .debug_frame   0x000005a4      0x1d8 main.o
 .debug_frame   0x0000077c       0xac gab_mathUtil.o
 .debug_frame   0x00000828       0x70 gba_drawing.o
 .debug_frame   0x00000898      0x270 gba_gfx.o
 .debug_frame   0x00000b08      0x190 gba_math.o

.debug_str      0x00000000     0x1e1e
 *(.debug_str)
 .debug_str     0x00000000      0x7b8 DM_AIManager.o
                                0x846 (size before relaxing)
 .debug_str     0x000007b8      0x581 DM_MarioManager.o
                                0xbc5 (size before relaxing)
 .debug_str     0x00000d39       0xc1 DM_ParticleManager.o
                                0x866 (size before relaxing)
 .debug_str     0x00000dfa      0x54f DM_SpriteManager.o
                                0xa98 (size before relaxing)
 .debug_str     0x00001349      0x28b DM_TileManager.o
                                0x8d5 (size before relaxing)
 .debug_str     0x000015d4      0x289 main.o
                               0x1461 (size before relaxing)
 .debug_str     0x0000185d       0x8a EnemySprites.o
                                 0xf5 (size before relaxing)
 .debug_str     0x000018e7       0x38 Mario_Small.o
                                 0xf2 (size before relaxing)
 .debug_str     0x0000191f       0x37 Mario_Tall.o
                                 0xef (size before relaxing)
 .debug_str     0x00001956       0x42 TileLookUp.o
                                 0xdc (size before relaxing)
 .debug_str     0x00001998       0x61 gab_mathUtil.o
                                0x187 (size before relaxing)
 .debug_str     0x000019f9       0xb3 gba_drawing.o
                                0x20e (size before relaxing)
 .debug_str     0x00001aac      0x1d8 gba_gfx.o
                                0x47b (size before relaxing)
 .debug_str     0x00001c84       0x36 gba_input.o
                                0x15e (size before relaxing)
 .debug_str     0x00001cba       0xa6 gba_math.o
                                0x1de (size before relaxing)
 .debug_str     0x00001d60       0x36 particles.o
                                 0xec (size before relaxing)
 .debug_str     0x00001d96       0x55 rocket4bpp.o
                                 0xef (size before relaxing)
 .debug_str     0x00001deb       0x33 sinlut.o
                                 0xcc (size before relaxing)

.debug_loc      0x00000000     0x1493
 *(.debug_loc)
 .debug_loc     0x00000000      0x11a DM_AIManager.o
 .debug_loc     0x0000011a      0x1f9 DM_MarioManager.o
 .debug_loc     0x00000313      0x1ec DM_ParticleManager.o
 .debug_loc     0x000004ff      0x310 DM_SpriteManager.o
 .debug_loc     0x0000080f      0x118 DM_TileManager.o
 .debug_loc     0x00000927      0x306 main.o
 .debug_loc     0x00000c2d      0x10c gab_mathUtil.o
 .debug_loc     0x00000d39       0xaa gba_drawing.o
 .debug_loc     0x00000de3      0x410 gba_gfx.o
 .debug_loc     0x000011f3      0x2a0 gba_math.o

.debug_macinfo
 *(.debug_macinfo)

.debug_weaknames
 *(.debug_weaknames)

.debug_funcnames
 *(.debug_funcnames)

.debug_typenames
 *(.debug_typenames)

.debug_varnames
 *(.debug_varnames)

.stack          0x00080000        0x0
                0x00080000                _stack = .
 *(.stack)

.note.gnu.arm.ident
 *(.note.gnu.arm.ident)

.ARM.attributes
                0x00000000       0x2c
 *(.ARM.attributes)
 .ARM.attributes
                0x00000000       0x20 c:/devkitpro/devkitarm/bin/../lib/gcc/arm-none-eabi/7.1.0/../../../../arm-none-eabi/lib/thumb/gba_crt0.o
 .ARM.attributes
                0x00000020       0x16 c:/devkitpro/devkitarm/bin/../lib/gcc/arm-none-eabi/7.1.0/thumb/crti.o
 .ARM.attributes
                0x00000036       0x30 c:/devkitpro/devkitarm/bin/../lib/gcc/arm-none-eabi/7.1.0/thumb/crtbegin.o
 .ARM.attributes
                0x00000066       0x30 DM_AIManager.o
 .ARM.attributes
                0x00000096       0x30 DM_MarioManager.o
 .ARM.attributes
                0x000000c6       0x30 DM_ParticleManager.o
 .ARM.attributes
                0x000000f6       0x30 DM_SpriteManager.o
 .ARM.attributes
                0x00000126       0x30 DM_TileManager.o
 .ARM.attributes
                0x00000156       0x30 main.o
 .ARM.attributes
                0x00000186       0x30 EnemySprites.o
 .ARM.attributes
                0x000001b6       0x30 Mario_Small.o
 .ARM.attributes
                0x000001e6       0x30 Mario_Tall.o
 .ARM.attributes
                0x00000216       0x30 TileLookUp.o
 .ARM.attributes
                0x00000246       0x30 gab_mathUtil.o
 .ARM.attributes
                0x00000276       0x30 gba_drawing.o
 .ARM.attributes
                0x000002a6       0x30 gba_gfx.o
 .ARM.attributes
                0x000002d6       0x30 gba_input.o
 .ARM.attributes
                0x00000306       0x30 gba_math.o
 .ARM.attributes
                0x00000336       0x30 particles.o
 .ARM.attributes
                0x00000366       0x30 rocket4bpp.o
 .ARM.attributes
                0x00000396       0x30 sinlut.o
 .ARM.attributes
                0x000003c6       0x18 c:/devkitpro/devkitarm/bin/../lib/gcc/arm-none-eabi/7.1.0/thumb\libgcc.a(_divsi3.o)
 .ARM.attributes
                0x000003de       0x16 c:/devkitpro/devkitarm/bin/../lib/gcc/arm-none-eabi/7.1.0/thumb\libgcc.a(_dvmd_tls.o)
 .ARM.attributes
                0x000003f4       0x18 c:/devkitpro/devkitarm/bin/../lib/gcc/arm-none-eabi/7.1.0/thumb\libgcc.a(_arm_addsubsf3.o)
 .ARM.attributes
                0x0000040c       0x18 c:/devkitpro/devkitarm/bin/../lib/gcc/arm-none-eabi/7.1.0/thumb\libgcc.a(_arm_muldivsf3.o)
 .ARM.attributes
                0x00000424       0x18 c:/devkitpro/devkitarm/bin/../lib/gcc/arm-none-eabi/7.1.0/thumb\libgcc.a(_arm_fixsfsi.o)
 .ARM.attributes
                0x0000043c       0x30 c:/devkitpro/devkitarm/bin/../lib/gcc/arm-none-eabi/7.1.0/../../../../arm-none-eabi/lib/thumb\libg.a(lib_a-init.o)
 .ARM.attributes
                0x0000046c       0x30 c:/devkitpro/devkitarm/bin/../lib/gcc/arm-none-eabi/7.1.0/../../../../arm-none-eabi/lib/thumb\libg.a(lib_a-memcpy-stub.o)
 .ARM.attributes
                0x0000049c       0x30 c:/devkitpro/devkitarm/bin/../lib/gcc/arm-none-eabi/7.1.0/../../../../arm-none-eabi/lib/thumb\libg.a(lib_a-memset.o)
 .ARM.attributes
                0x000004cc       0x30 c:/devkitpro/devkitarm/bin/../lib/gcc/arm-none-eabi/7.1.0/../../../../arm-none-eabi/lib/thumb\libsysbase.a(malloc_vars.o)
 .ARM.attributes
                0x000004fc       0x30 c:/devkitpro/devkitarm/bin/../lib/gcc/arm-none-eabi/7.1.0/thumb/crtend.o
 .ARM.attributes
                0x0000052c       0x16 c:/devkitpro/devkitarm/bin/../lib/gcc/arm-none-eabi/7.1.0/thumb/crtn.o

/DISCARD/
 *(.note.GNU-stack)
LOAD c:/devkitpro/devkitarm/bin/../lib/gcc/arm-none-eabi/7.1.0/../../../../arm-none-eabi/lib/thumb/gba_crt0.o
LOAD c:/devkitpro/devkitarm/bin/../lib/gcc/arm-none-eabi/7.1.0/thumb/crti.o
LOAD c:/devkitpro/devkitarm/bin/../lib/gcc/arm-none-eabi/7.1.0/thumb/crtbegin.o
LOAD DM_AIManager.o
LOAD DM_MarioManager.o
LOAD DM_ParticleManager.o
LOAD DM_SpriteManager.o
LOAD DM_TileManager.o
LOAD main.o
LOAD EnemySprites.o
LOAD Mario_Small.o
LOAD Mario_Tall.o
LOAD TileLookUp.o
LOAD gab_mathUtil.o
LOAD gba_drawing.o
LOAD gba_gfx.o
LOAD gba_input.o
LOAD gba_math.o
LOAD particles.o
LOAD rocket4bpp.o
LOAD sinlut.o
LOAD c:/devkitPro/libgba/lib\libmm.a
LOAD c:/devkitPro/libgba/lib\libgba.a
LOAD c:/devkitpro/devkitarm/bin/../lib/gcc/arm-none-eabi/7.1.0/../../../../arm-none-eabi/lib/thumb\libstdc++.a
LOAD c:/devkitpro/devkitarm/bin/../lib/gcc/arm-none-eabi/7.1.0/../../../../arm-none-eabi/lib/thumb\libm.a
START GROUP
LOAD c:/devkitpro/devkitarm/bin/../lib/gcc/arm-none-eabi/7.1.0/thumb\libgcc.a
LOAD c:/devkitpro/devkitarm/bin/../lib/gcc/arm-none-eabi/7.1.0/../../../../arm-none-eabi/lib/thumb\libg.a
LOAD c:/devkitpro/devkitarm/bin/../lib/gcc/arm-none-eabi/7.1.0/../../../../arm-none-eabi/lib/thumb\libc.a
LOAD c:/devkitpro/devkitarm/bin/../lib/gcc/arm-none-eabi/7.1.0/../../../../arm-none-eabi/lib/thumb\libsysbase.a
END GROUP
LOAD c:/devkitpro/devkitarm/bin/../lib/gcc/arm-none-eabi/7.1.0/thumb/crtend.o
LOAD c:/devkitpro/devkitarm/bin/../lib/gcc/arm-none-eabi/7.1.0/thumb/crtn.o
OUTPUT(c:/Users/Betat/Documents/gba-mario/gba-mario.elf elf32-littlearm)

.debug_ranges   0x00000000       0x80
 .debug_ranges  0x00000000       0x18 DM_AIManager.o
 .debug_ranges  0x00000018       0x18 DM_MarioManager.o
 .debug_ranges  0x00000030       0x50 main.o
