Archive member included to satisfy reference by file (symbol)

c:/devkitpro/devkitarm/bin/../lib/gcc/arm-none-eabi/7.1.0/thumb\libgcc.a(_divsi3.o)
                              gba_math.o (__aeabi_idiv)
c:/devkitpro/devkitarm/bin/../lib/gcc/arm-none-eabi/7.1.0/thumb\libgcc.a(_dvmd_tls.o)
                              c:/devkitpro/devkitarm/bin/../lib/gcc/arm-none-eabi/7.1.0/thumb\libgcc.a(_divsi3.o) (__aeabi_idiv0)
c:/devkitpro/devkitarm/bin/../lib/gcc/arm-none-eabi/7.1.0/thumb\libgcc.a(_arm_addsubsf3.o)
                              gba_math.o (__aeabi_i2f)
c:/devkitpro/devkitarm/bin/../lib/gcc/arm-none-eabi/7.1.0/thumb\libgcc.a(_arm_muldivsf3.o)
                              gba_math.o (__aeabi_fmul)
c:/devkitpro/devkitarm/bin/../lib/gcc/arm-none-eabi/7.1.0/thumb\libgcc.a(_arm_fixsfsi.o)
                              gba_math.o (__aeabi_f2iz)
c:/devkitpro/devkitarm/bin/../lib/gcc/arm-none-eabi/7.1.0/../../../../arm-none-eabi/lib/thumb\libg.a(lib_a-init.o)
                              c:/devkitpro/devkitarm/bin/../lib/gcc/arm-none-eabi/7.1.0/../../../../arm-none-eabi/lib/thumb/gba_crt0.o (__libc_init_array)
c:/devkitpro/devkitarm/bin/../lib/gcc/arm-none-eabi/7.1.0/../../../../arm-none-eabi/lib/thumb\libg.a(lib_a-memcpy-stub.o)
                              DM_SpriteManager.o (memcpy)
c:/devkitpro/devkitarm/bin/../lib/gcc/arm-none-eabi/7.1.0/../../../../arm-none-eabi/lib/thumb\libsysbase.a(malloc_vars.o)
                              c:/devkitpro/devkitarm/bin/../lib/gcc/arm-none-eabi/7.1.0/../../../../arm-none-eabi/lib/thumb/gba_crt0.o (fake_heap_end)

Discarded input sections

 .text          0x00000000        0x0 c:/devkitpro/devkitarm/bin/../lib/gcc/arm-none-eabi/7.1.0/../../../../arm-none-eabi/lib/thumb/gba_crt0.o
 .data          0x00000000        0x0 c:/devkitpro/devkitarm/bin/../lib/gcc/arm-none-eabi/7.1.0/../../../../arm-none-eabi/lib/thumb/gba_crt0.o
 .bss           0x00000000        0x0 c:/devkitpro/devkitarm/bin/../lib/gcc/arm-none-eabi/7.1.0/../../../../arm-none-eabi/lib/thumb/gba_crt0.o
 .text          0x00000000        0x0 c:/devkitpro/devkitarm/bin/../lib/gcc/arm-none-eabi/7.1.0/thumb/crti.o
 .data          0x00000000        0x0 c:/devkitpro/devkitarm/bin/../lib/gcc/arm-none-eabi/7.1.0/thumb/crti.o
 .bss           0x00000000        0x0 c:/devkitpro/devkitarm/bin/../lib/gcc/arm-none-eabi/7.1.0/thumb/crti.o
 .text          0x00000000        0x0 c:/devkitpro/devkitarm/bin/../lib/gcc/arm-none-eabi/7.1.0/thumb/crtbegin.o
 .data          0x00000000        0x0 c:/devkitpro/devkitarm/bin/../lib/gcc/arm-none-eabi/7.1.0/thumb/crtbegin.o
 .bss           0x00000000        0x0 c:/devkitpro/devkitarm/bin/../lib/gcc/arm-none-eabi/7.1.0/thumb/crtbegin.o
 .data.__dso_handle
                0x00000000        0x4 c:/devkitpro/devkitarm/bin/../lib/gcc/arm-none-eabi/7.1.0/thumb/crtbegin.o
 .data          0x00000000        0x0 DM_AIManager.o
 .bss           0x00000000        0x0 DM_AIManager.o
 .group         0x00000000        0x8 DM_MarioManager.o
 .data          0x00000000        0x0 DM_ParticleManager.o
 .bss           0x00000000        0x0 DM_ParticleManager.o
 .data          0x00000000        0x0 DM_PrizeBlockManager.o
 .bss           0x00000000        0x0 DM_PrizeBlockManager.o
 .data          0x00000000        0x0 DM_SpriteManager.o
 .bss           0x00000000        0x0 DM_SpriteManager.o
 .bss           0x00000000        0x0 DM_TileManager.o
 .text          0x00000000        0x0 World1Level1_Collisions.o
 .data          0x00000000        0x0 World1Level1_Collisions.o
 .text          0x00000000        0x0 World1Level1_Maps.o
 .data          0x00000000        0x0 World1Level1_Maps.o
 .bss           0x00000000        0x0 World1Level1_Maps.o
 .text          0x00000000        0x0 World1Level1_Palette.o
 .data          0x00000000        0x0 World1Level1_Palette.o
 .bss           0x00000000        0x0 World1Level1_Palette.o
 .text          0x00000000        0x0 World1Level1_Tiles.o
 .data          0x00000000        0x0 World1Level1_Tiles.o
 .bss           0x00000000        0x0 World1Level1_Tiles.o
 .text          0x00000000        0x0 World1Level2_Collisions.o
 .data          0x00000000        0x0 World1Level2_Collisions.o
 .bss           0x00000000        0x0 World1Level2_Collisions.o
 .text          0x00000000        0x0 World1Level2_Maps.o
 .data          0x00000000        0x0 World1Level2_Maps.o
 .bss           0x00000000        0x0 World1Level2_Maps.o
 .text          0x00000000        0x0 World1Level2_Palette.o
 .data          0x00000000        0x0 World1Level2_Palette.o
 .bss           0x00000000        0x0 World1Level2_Palette.o
 .text          0x00000000        0x0 World1Level2_Tiles.o
 .data          0x00000000        0x0 World1Level2_Tiles.o
 .bss           0x00000000        0x0 World1Level2_Tiles.o
 .text          0x00000000        0x0 World1MapCollisions.o
 .bss           0x00000000        0x0 World1MapCollisions.o
 .text          0x00000000        0x0 World1Map_Maps.o
 .data          0x00000000        0x0 World1Map_Maps.o
 .bss           0x00000000        0x0 World1Map_Maps.o
 .text          0x00000000        0x0 World1Map_Palette.o
 .data          0x00000000        0x0 World1Map_Palette.o
 .bss           0x00000000        0x0 World1Map_Palette.o
 .text          0x00000000        0x0 World1Map_Tiles.o
 .data          0x00000000        0x0 World1Map_Tiles.o
 .bss           0x00000000        0x0 World1Map_Tiles.o
 .group         0x00000000        0x8 main.o
 .group         0x00000000        0x8 main.o
 .group         0x00000000        0x8 main.o
 .group         0x00000000        0x8 main.o
 .group         0x00000000        0x8 main.o
 .group         0x00000000        0x8 main.o
 .group         0x00000000        0x8 main.o
 .group         0x00000000        0x8 main.o
 .group         0x00000000        0x8 main.o
 .group         0x00000000        0x8 main.o
 .data          0x00000000        0x0 main.o
 .bss           0x00000000        0x0 main.o
 .text.keyHit   0x00000000       0x30 main.o
 .text          0x00000000        0x0 EnemySprites.o
 .data          0x00000000        0x0 EnemySprites.o
 .bss           0x00000000        0x0 EnemySprites.o
 .text          0x00000000        0x0 Fireball.o
 .data          0x00000000        0x0 Fireball.o
 .bss           0x00000000        0x0 Fireball.o
 .text          0x00000000        0x0 Mario_Fire.o
 .data          0x00000000        0x0 Mario_Fire.o
 .bss           0x00000000        0x0 Mario_Fire.o
 .text          0x00000000        0x0 Mario_Small.o
 .data          0x00000000        0x0 Mario_Small.o
 .bss           0x00000000        0x0 Mario_Small.o
 .text          0x00000000        0x0 Mario_Tall.o
 .data          0x00000000        0x0 Mario_Tall.o
 .bss           0x00000000        0x0 Mario_Tall.o
 .text          0x00000000        0x0 NewParticle.o
 .data          0x00000000        0x0 NewParticle.o
 .bss           0x00000000        0x0 NewParticle.o
 .text          0x00000000        0x0 Powerups.o
 .data          0x00000000        0x0 Powerups.o
 .bss           0x00000000        0x0 Powerups.o
 .text          0x00000000        0x0 PrizeBlockEmpty.o
 .data          0x00000000        0x0 PrizeBlockEmpty.o
 .bss           0x00000000        0x0 PrizeBlockEmpty.o
 .text          0x00000000        0x0 ScoreParticle.o
 .data          0x00000000        0x0 ScoreParticle.o
 .bss           0x00000000        0x0 ScoreParticle.o
 .bss           0x00000000        0x0 gab_mathUtil.o
 .bss           0x00000000      0x400 gba_gfx.o
 .rodata        0x00000000        0x4 gba_gfx.o
 .text          0x00000000        0x0 gba_input.o
 .data          0x00000000        0x0 gba_input.o
 .data          0x00000000        0x0 gba_math.o
 .bss           0x00000000        0x0 gba_math.o
 .text          0x00000000        0x0 particles.o
 .data          0x00000000        0x0 particles.o
 .bss           0x00000000        0x0 particles.o
 .rodata        0x00000000      0x220 particles.o
 .data          0x00000000        0x0 c:/devkitpro/devkitarm/bin/../lib/gcc/arm-none-eabi/7.1.0/thumb\libgcc.a(_divsi3.o)
 .bss           0x00000000        0x0 c:/devkitpro/devkitarm/bin/../lib/gcc/arm-none-eabi/7.1.0/thumb\libgcc.a(_divsi3.o)
 .data          0x00000000        0x0 c:/devkitpro/devkitarm/bin/../lib/gcc/arm-none-eabi/7.1.0/thumb\libgcc.a(_dvmd_tls.o)
 .bss           0x00000000        0x0 c:/devkitpro/devkitarm/bin/../lib/gcc/arm-none-eabi/7.1.0/thumb\libgcc.a(_dvmd_tls.o)
 .data          0x00000000        0x0 c:/devkitpro/devkitarm/bin/../lib/gcc/arm-none-eabi/7.1.0/thumb\libgcc.a(_arm_addsubsf3.o)
 .bss           0x00000000        0x0 c:/devkitpro/devkitarm/bin/../lib/gcc/arm-none-eabi/7.1.0/thumb\libgcc.a(_arm_addsubsf3.o)
 .data          0x00000000        0x0 c:/devkitpro/devkitarm/bin/../lib/gcc/arm-none-eabi/7.1.0/thumb\libgcc.a(_arm_muldivsf3.o)
 .bss           0x00000000        0x0 c:/devkitpro/devkitarm/bin/../lib/gcc/arm-none-eabi/7.1.0/thumb\libgcc.a(_arm_muldivsf3.o)
 .data          0x00000000        0x0 c:/devkitpro/devkitarm/bin/../lib/gcc/arm-none-eabi/7.1.0/thumb\libgcc.a(_arm_fixsfsi.o)
 .bss           0x00000000        0x0 c:/devkitpro/devkitarm/bin/../lib/gcc/arm-none-eabi/7.1.0/thumb\libgcc.a(_arm_fixsfsi.o)
 .text          0x00000000        0x0 c:/devkitpro/devkitarm/bin/../lib/gcc/arm-none-eabi/7.1.0/../../../../arm-none-eabi/lib/thumb\libg.a(lib_a-init.o)
 .data          0x00000000        0x0 c:/devkitpro/devkitarm/bin/../lib/gcc/arm-none-eabi/7.1.0/../../../../arm-none-eabi/lib/thumb\libg.a(lib_a-init.o)
 .bss           0x00000000        0x0 c:/devkitpro/devkitarm/bin/../lib/gcc/arm-none-eabi/7.1.0/../../../../arm-none-eabi/lib/thumb\libg.a(lib_a-init.o)
 .text          0x00000000        0x0 c:/devkitpro/devkitarm/bin/../lib/gcc/arm-none-eabi/7.1.0/../../../../arm-none-eabi/lib/thumb\libg.a(lib_a-memcpy-stub.o)
 .data          0x00000000        0x0 c:/devkitpro/devkitarm/bin/../lib/gcc/arm-none-eabi/7.1.0/../../../../arm-none-eabi/lib/thumb\libg.a(lib_a-memcpy-stub.o)
 .bss           0x00000000        0x0 c:/devkitpro/devkitarm/bin/../lib/gcc/arm-none-eabi/7.1.0/../../../../arm-none-eabi/lib/thumb\libg.a(lib_a-memcpy-stub.o)
 .text          0x00000000        0x0 c:/devkitpro/devkitarm/bin/../lib/gcc/arm-none-eabi/7.1.0/../../../../arm-none-eabi/lib/thumb\libsysbase.a(malloc_vars.o)
 .data          0x00000000        0x0 c:/devkitpro/devkitarm/bin/../lib/gcc/arm-none-eabi/7.1.0/../../../../arm-none-eabi/lib/thumb\libsysbase.a(malloc_vars.o)
 .bss           0x00000000        0x0 c:/devkitpro/devkitarm/bin/../lib/gcc/arm-none-eabi/7.1.0/../../../../arm-none-eabi/lib/thumb\libsysbase.a(malloc_vars.o)
 .bss.fake_heap_start
                0x00000000        0x4 c:/devkitpro/devkitarm/bin/../lib/gcc/arm-none-eabi/7.1.0/../../../../arm-none-eabi/lib/thumb\libsysbase.a(malloc_vars.o)
 .text          0x00000000        0x0 c:/devkitpro/devkitarm/bin/../lib/gcc/arm-none-eabi/7.1.0/thumb/crtend.o
 .data          0x00000000        0x0 c:/devkitpro/devkitarm/bin/../lib/gcc/arm-none-eabi/7.1.0/thumb/crtend.o
 .bss           0x00000000        0x0 c:/devkitpro/devkitarm/bin/../lib/gcc/arm-none-eabi/7.1.0/thumb/crtend.o
 .text          0x00000000        0x0 c:/devkitpro/devkitarm/bin/../lib/gcc/arm-none-eabi/7.1.0/thumb/crtn.o
 .data          0x00000000        0x0 c:/devkitpro/devkitarm/bin/../lib/gcc/arm-none-eabi/7.1.0/thumb/crtn.o
 .bss           0x00000000        0x0 c:/devkitpro/devkitarm/bin/../lib/gcc/arm-none-eabi/7.1.0/thumb/crtn.o

Memory Configuration

Name             Origin             Length             Attributes
rom              0x08000000         0x02000000
iwram            0x03000000         0x00008000
ewram            0x02000000         0x00040000
*default*        0x00000000         0xffffffff

Linker script and memory map

                0x08000000                __text_start = ORIGIN (rom)
                0x02040000                __eheap_end = (ORIGIN (ewram) + LENGTH (ewram))
                0x03000000                __iwram_start = ORIGIN (iwram)
                0x03008000                __iwram_top = (ORIGIN (iwram) + LENGTH (iwram))
                0x03007fa0                __sp_irq = (__iwram_top - 0x60)
                0x03007f00                __sp_usr = (__sp_irq - 0xa0)
                0x03007ff8                __irq_flags = 0x3007ff8
                0x08000000                . = __text_start

.crt0           0x08000000      0x210
 *(.crt0)
 .crt0          0x08000000      0x210 c:/devkitpro/devkitarm/bin/../lib/gcc/arm-none-eabi/7.1.0/../../../../arm-none-eabi/lib/thumb/gba_crt0.o
                0x08000000                _start
                0x080000c4                __boot_method
                0x080000c5                __slave_number
                0x080000e0                start_vector
                0x08000210                . = ALIGN (0x4)

.init           0x08000210        0xc
 *(SORT(.init))
 .init          0x08000210        0x4 c:/devkitpro/devkitarm/bin/../lib/gcc/arm-none-eabi/7.1.0/thumb/crti.o
                0x08000210                _init
 .init          0x08000214        0x8 c:/devkitpro/devkitarm/bin/../lib/gcc/arm-none-eabi/7.1.0/thumb/crtn.o

.plt            0x0800021c        0x0
 *(.plt)
                0x0800021c                . = ALIGN (0x4)

.text           0x08000220     0x5a48
 *(EXCLUDE_FILE(*.iwram*) .text)
 .text          0x08000220      0xc6c DM_AIManager.o
                0x08000220                AIManager::CreateEnemy(SpriteManager&, AIManager*, signed char, long, long)
                0x080005fc                AIManager::CheckSpriteCollision(SpriteManager&, AIManager*, long, long, long, long, bool)
                0x08000802                AIManager::LookupTile(unsigned long, unsigned long, unsigned long, unsigned long, unsigned short*, unsigned long, unsigned long)
                0x08000852                AIManager::UpdateEnemies(SpriteManager&, AIManager*)
                0x08000cd0                AIManager::ScrollEnemies(SpriteManager&, AIManager*, long)
                0x08000df4                AIManager::DeleteEnemies(SpriteManager&, AIManager*)
 .text          0x08000e8c     0x1d70 DM_MarioManager.o
                0x08000e8c                MarioManager::CreateMario(SpriteManager&)
                0x08000f30                MarioManager::ResetMario(SpriteManager&)
                0x0800100c                MarioManager::FlashMario(SpriteManager&)
                0x080010e4                MarioManager::TransformMario(long, SpriteManager&, bool)
                0x08001448                MarioManager::MoveMario(long, long, SpriteManager&)
                0x080014cc                MarioManager::SetPos(long, long, SpriteManager&)
                0x08001520                MarioManager::MapManager(unsigned short const*, SpriteManager)
                0x080019d0                MarioManager::LookupTile(unsigned long, unsigned long, unsigned long, unsigned long, unsigned short*, unsigned long, unsigned long)
                0x08001a20                MarioManager::GrabIndex(unsigned long, unsigned long, unsigned long, unsigned long, unsigned short*, unsigned long, unsigned long)
                0x08001a68                MarioManager::CheckCollisions()
                0x08001d5c                MarioManager::AnimateMario(SpriteManager&)
                0x08001df2                MarioManager::PhysicsHandler()
                0x0800202c                MarioManager::UpdateMario(SpriteManager&, PrizeBlockManager*, unsigned short)
                0x0800232c                MarioManager::UpdateFireBall(SpriteManager&)
                0x080026a0                MarioManager::ShootFireBall(SpriteManager&)
                0x080027b8                MarioManager::InitFireBall(SpriteManager&)
                0x08002938                MarioManager::CheckFireballCollisions(SpriteManager&, AIManager*)
 .text          0x08002bfc      0x528 DM_ParticleManager.o
                0x08002bfc                ParticleManager::InitArray(SpriteManager&, long, long)
                0x08002e88                ParticleManager::DeleteArray(SpriteManager&)
                0x08002edc                ParticleManager::EmitParticle(Particle&)
                0x08002f3a                ParticleManager::UpdateParticle(Particle&, SpriteManager&)
                0x08002fe4                ParticleManager::UpdateParticleArray(SpriteManager&)
                0x080030c8                ParticleManager::SetEmitterPos(long, long)
 .text          0x08003124      0x288 DM_PrizeBlockManager.o
                0x08003124                PrizeBlockManager::CreateBlock(long, long, PrizeBlockManager*, SpriteManager&, unsigned short, bool)
                0x08003264                PrizeBlockManager::SpawnPowerUp(PrizeBlockManager*, SpriteManager&, AIManager*)
                0x080032f8                PrizeBlockManager::MoveBlocks(SpriteManager&, PrizeBlockManager*, long)
 .text          0x080033ac      0x6d8 DM_SpriteManager.o
                0x080033ac                SpriteManager::CreateSprite(unsigned short*, unsigned short*, long, long, long, long)
                0x080034c4                SpriteManager::DeleteSprite(long)
                0x080034f0                SpriteManager::LoadTiles(unsigned short*, unsigned short*, long, long, long, long)
                0x0800352e                SpriteManager::InitialiseArray()
                0x080035de                SpriteManager::HideSprite(long)
                0x08003638                SpriteManager::ShowSprite(long)
                0x08003680                SpriteManager::SetHFlip(bool, long)
                0x08003708                SpriteManager::SetVFlip(bool, long)
                0x08003790                SpriteManager::SetFrame(long, long)
                0x08003814                SpriteManager::MoveSprite(short, short, long)
                0x080038ca                SpriteManager::setSpriteAttr0(unsigned short, unsigned char, unsigned char, unsigned char, unsigned char, unsigned char)
                0x08003982                SpriteManager::setSpriteAttr1(unsigned short, unsigned char, unsigned char, unsigned char, unsigned char)
                0x08003a28                SpriteManager::setSpriteAttr2(unsigned long, unsigned long, unsigned long)
 .text          0x08003a84      0x458 DM_TileManager.o
                0x08003a84                TileManager::SetupBG(long, long, unsigned short const*, unsigned long, unsigned short const*, unsigned long, unsigned short const*, unsigned long)
                0x08003b70                TileManager::SetPos(long, long, unsigned long)
                0x08003c0c                TileManager::AnimateBackground(unsigned short const*, unsigned short const*, unsigned short const*, unsigned short const*)
                0x08003c98                TileManager::ScrollBackGround(unsigned char, unsigned char)
                0x08003dd0                TileManager::AddRow(long, long)
 .text          0x08003edc      0x8d0 main.o
                0x08003edc                CopyCollision(unsigned short const*, unsigned short*, long)
                0x08003f1c                main
 .text          0x080047ac       0xb4 gab_mathUtil.o
                0x080047ac                sqran
                0x080047d4                qran
                0x0800480c                qran_range
                0x08004838                sign
 .text          0x08004860      0x6b8 gba_gfx.o
                0x08004860                vsync
                0x08004890                page_flip
                0x080048c8                tile_block_address
                0x080048e8                tileMap_block_address
                0x08004908                sprite_tile_block_address
                0x08004930                setBG_Control_Register
                0x08004a16                setBG_Control_Registera
                0x08004b10                palette__bg_block_address
                0x08004b30                palette_sp_block_address
                0x08004b54                SetAttrib0
                0x08004c14                SetAttrib1
                0x08004c7a                SetAttrib1AffineIndex
                0x08004ccc                SetAttrib2
                0x08004d32                SetObjectPosition
                0x08004da2                obj_hide
                0x08004ddc                obj_unhide
                0x08004e2c                oam_init
                0x08004e92                oam_copy
                0x08004ee4                obj_aff_identity
 .text          0x08004f18      0x134 gba_math.o
                0x08004f18                int2fix
                0x08004f30                float2fix
                0x08004f58                fix2uint
                0x08004f70                fix2ufrac
                0x08004f8a                fix2int
                0x08004fa8                fix2float
                0x08004fd0                fixAdd
                0x08004fec                fixSub
                0x08005008                fixMul
                0x08005028                fixDiv
 .text          0x0800504c      0x150 c:/devkitpro/devkitarm/bin/../lib/gcc/arm-none-eabi/7.1.0/thumb\libgcc.a(_divsi3.o)
                0x0800504c                __divsi3
                0x0800504c                __aeabi_idiv
                0x0800517c                __aeabi_idivmod
 .text          0x0800519c        0x4 c:/devkitpro/devkitarm/bin/../lib/gcc/arm-none-eabi/7.1.0/thumb\libgcc.a(_dvmd_tls.o)
                0x0800519c                __aeabi_idiv0
                0x0800519c                __aeabi_ldiv0
 .text          0x080051a0      0x2ac c:/devkitpro/devkitarm/bin/../lib/gcc/arm-none-eabi/7.1.0/thumb\libgcc.a(_arm_addsubsf3.o)
                0x080051a0                __aeabi_frsub
                0x080051a8                __subsf3
                0x080051a8                __aeabi_fsub
                0x080051ac                __aeabi_fadd
                0x080051ac                __addsf3
                0x08005368                __aeabi_ui2f
                0x08005368                __floatunsisf
                0x08005370                __aeabi_i2f
                0x08005370                __floatsisf
                0x08005390                __aeabi_ul2f
                0x08005390                __floatundisf
                0x080053a0                __aeabi_l2f
                0x080053a0                __floatdisf
 .text          0x0800544c      0x2f8 c:/devkitpro/devkitarm/bin/../lib/gcc/arm-none-eabi/7.1.0/thumb\libgcc.a(_arm_muldivsf3.o)
                0x0800544c                __mulsf3
                0x0800544c                __aeabi_fmul
                0x080055e4                __aeabi_fdiv
                0x080055e4                __divsf3
 .text          0x08005744       0x5c c:/devkitpro/devkitarm/bin/../lib/gcc/arm-none-eabi/7.1.0/thumb\libgcc.a(_arm_fixsfsi.o)
                0x08005744                __aeabi_f2iz
                0x08005744                __fixsfsi
 *(.text .stub .text.* .gnu.linkonce.t.*)
 .text.deregister_tm_clones
                0x080057a0       0x2c c:/devkitpro/devkitarm/bin/../lib/gcc/arm-none-eabi/7.1.0/thumb/crtbegin.o
 .text.register_tm_clones
                0x080057cc       0x34 c:/devkitpro/devkitarm/bin/../lib/gcc/arm-none-eabi/7.1.0/thumb/crtbegin.o
 .text.__do_global_dtors_aux
                0x08005800       0x30 c:/devkitpro/devkitarm/bin/../lib/gcc/arm-none-eabi/7.1.0/thumb/crtbegin.o
 .text.frame_dummy
                0x08005830       0x28 c:/devkitpro/devkitarm/bin/../lib/gcc/arm-none-eabi/7.1.0/thumb/crtbegin.o
 .text.keyHit   0x08005858       0x30 DM_MarioManager.o
                0x08005858                keyHit
 .text.PollKeys
                0x08005888       0x3c main.o
                0x08005888                PollKeys
 .text.keyDown  0x080058c4       0x24 main.o
                0x080058c4                keyDown
 .text._ZN13SpriteManagerC2Ev
                0x080058e8       0x1e main.o
                0x080058e8                SpriteManager::SpriteManager()
                0x080058e8                SpriteManager::SpriteManager()
 .text._ZN8FireballC2Ev
                0x08005906       0x2e main.o
                0x08005906                Fireball::Fireball()
                0x08005906                Fireball::Fireball()
 .text._ZN15ParticleManagerC2Ev
                0x08005934       0x30 main.o
                0x08005934                ParticleManager::ParticleManager()
                0x08005934                ParticleManager::ParticleManager()
 .text._ZN12MarioManagerC2Ev
                0x08005964       0xf8 main.o
                0x08005964                MarioManager::MarioManager()
                0x08005964                MarioManager::MarioManager()
 .text._ZN9AIManagerC2Ev
                0x08005a5c       0x82 main.o
                0x08005a5c                AIManager::AIManager()
                0x08005a5c                AIManager::AIManager()
 .text._ZN11TileManagerC2Ev
                0x08005ade       0x46 main.o
                0x08005ade                TileManager::TileManager()
                0x08005ade                TileManager::TileManager()
 .text._ZN17PrizeBlockManagerC2Ev
                0x08005b24       0x28 main.o
                0x08005b24                PrizeBlockManager::PrizeBlockManager()
                0x08005b24                PrizeBlockManager::PrizeBlockManager()
 .text.__libc_init_array
                0x08005b4c       0x54 c:/devkitpro/devkitarm/bin/../lib/gcc/arm-none-eabi/7.1.0/../../../../arm-none-eabi/lib/thumb\libg.a(lib_a-init.o)
                0x08005b4c                __libc_init_array
 .text.memcpy   0x08005ba0       0x8c c:/devkitpro/devkitarm/bin/../lib/gcc/arm-none-eabi/7.1.0/../../../../arm-none-eabi/lib/thumb\libg.a(lib_a-memcpy-stub.o)
                0x08005ba0                memcpy
 *fill*         0x08005c2c        0x4 ff
 .text.memcpy.__stub
                0x08005c30       0x34 linker stubs
 *(.text.*personality*)
 *(.gnu.warning)
 *(.glue_7t)
 .glue_7t       0x08005c68        0x0 linker stubs
 *(.glue_7)
 .glue_7        0x08005c68        0x0 linker stubs
 *(.vfp11_veneer)
 .vfp11_veneer  0x08005c68        0x0 linker stubs
                0x08005c68                . = ALIGN (0x4)
                0x08005c68                __text_end = .

.v4_bx          0x08005c68        0x0
 .v4_bx         0x08005c68        0x0 linker stubs

.iplt           0x08005c68        0x0
 .iplt          0x08005c68        0x0 c:/devkitpro/devkitarm/bin/../lib/gcc/arm-none-eabi/7.1.0/../../../../arm-none-eabi/lib/thumb/gba_crt0.o

.fini           0x08005c68        0xc
 *(.fini)
 .fini          0x08005c68        0x4 c:/devkitpro/devkitarm/bin/../lib/gcc/arm-none-eabi/7.1.0/thumb/crti.o
                0x08005c68                _fini
 .fini          0x08005c6c        0x8 c:/devkitpro/devkitarm/bin/../lib/gcc/arm-none-eabi/7.1.0/thumb/crtn.o
                0x08005c74                . = ALIGN (0x4)

.rodata         0x08005c74    0x1fae4
 *(.rodata)
 .rodata        0x08005c74       0x14 DM_AIManager.o
 .rodata        0x08005c88     0x6a00 World1Level1_Collisions.o
                0x08005c88                World1Level1Collision
 .rodata        0x0800c688     0x6a00 World1Level1_Maps.o
                0x0800c688                World1Level1Map
 .rodata        0x08013088       0x20 World1Level1_Palette.o
                0x08013088                World1Level1Palette
 .rodata        0x080130a8      0x660 World1Level1_Tiles.o
                0x080130a8                World1Level1Tiles
 .rodata        0x08013708     0x6a00 World1Level2_Collisions.o
                0x08013708                World1Level2Collision
 .rodata        0x0801a108     0x6a00 World1Level2_Maps.o
                0x0801a108                World1Level2Map
 .rodata        0x08020b08       0x20 World1Level2_Palette.o
                0x08020b08                World1Level2Palette
 .rodata        0x08020b28      0x660 World1Level2_Tiles.o
                0x08020b28                World1Level2Tiles
 .rodata        0x08021188      0x800 World1Map_Maps.o
                0x08021188                World1MapMap
 .rodata        0x08021988      0x200 World1Map_Palette.o
                0x08021988                World1MapPalette
 .rodata        0x08021b88     0x2000 World1Map_Tiles.o
                0x08021b88                World1MapTilesA
                0x08022388                World1MapTilesB
                0x08022b88                World1MapTilesC
                0x08023388                World1MapTilesD
 .rodata        0x08023b88      0x414 EnemySprites.o
                0x08023b88                EnemySpritesTiles
                0x08023f88                EnemySpritesPal
 .rodata        0x08023f9c       0x8c Fireball.o
                0x08023f9c                FireballTiles
                0x0802401c                FireballPal
 .rodata        0x08024028      0x80c Mario_Fire.o
                0x08024028                Mario_FireTiles
                0x08024828                Mario_FirePal
 .rodata        0x08024834      0x40c Mario_Small.o
                0x08024834                Mario_SmallTiles
                0x08024c34                Mario_SmallPal
 .rodata        0x08024c40      0x80c Mario_Tall.o
                0x08024c40                Mario_TallTiles
                0x08025440                Mario_TallPal
 .rodata        0x0802544c       0x2c NewParticle.o
                0x0802544c                NewParticleTiles
                0x0802546c                NewParticlePal
 .rodata        0x08025478      0x210 Powerups.o
                0x08025478                PowerupsTiles
                0x08025678                PowerupsPal
 .rodata        0x08025688       0x88 PrizeBlockEmpty.o
                0x08025688                PrizeBlockEmptyTiles
                0x08025708                PrizeBlockEmptyPal
 .rodata        0x08025710       0x48 ScoreParticle.o
                0x08025710                ScoreParticleTiles
                0x08025750                ScoreParticlePal
 *all.rodata*(*)
 *(.roda)
 *(.rodata.*)
 *(.gnu.linkonce.r*)
                0x08025758                . = ALIGN (0x4)

.ARM.extab
 *(.ARM.extab* .gnu.linkonce.armextab.*)
                0x08025758                __exidx_start = .

.ARM.exidx
 *(.ARM.exidx* .gnu.linkonce.armexidx.*)
                0x08025758                __exidx_end = .

.ctors          0x08025758        0x0
 *crtbegin.o(.ctors)
 *(EXCLUDE_FILE(*crtend.o) .ctors)
 *(SORT(.ctors.*))
 *(.ctors)
                0x08025758                . = ALIGN (0x4)

.dtors          0x08025758        0x0
 *crtbegin.o(.dtors)
 *(EXCLUDE_FILE(*crtend.o) .dtors)
 *(SORT(.dtors.*))
 *(.dtors)
                0x08025758                . = ALIGN (0x4)

.eh_frame       0x08025758        0x4
 *(.eh_frame)
 .eh_frame      0x08025758        0x0 c:/devkitpro/devkitarm/bin/../lib/gcc/arm-none-eabi/7.1.0/thumb/crtbegin.o
 .eh_frame      0x08025758        0x4 c:/devkitpro/devkitarm/bin/../lib/gcc/arm-none-eabi/7.1.0/thumb/crtend.o
                0x0802575c                . = ALIGN (0x4)

.rel.dyn        0x0802575c        0x0
 .rel.iplt      0x0802575c        0x0 c:/devkitpro/devkitarm/bin/../lib/gcc/arm-none-eabi/7.1.0/../../../../arm-none-eabi/lib/thumb/gba_crt0.o

.gcc_except_table
                0x0802575c        0x0
 *(.gcc_except_table)
                0x0802575c                . = ALIGN (0x4)
                0x0802575c                __iwram_lma = .

.iwram          0x03000000        0x0 load address 0x0802575c
                0x03000000                __iwram_start__ = ABSOLUTE (.)
 *(.iwram)
 *iwram.*(.text)
                0x03000000                . = ALIGN (0x4)
                0x03000000                __iwram_end__ = ABSOLUTE (.)
                0x0802575c                __data_lma = (__iwram_lma + SIZEOF (.iwram))

.bss            0x03000000     0x6a28
                0x03000000                __bss_start = ABSOLUTE (.)
                0x03000000                __bss_start__ = ABSOLUTE (.)
 *(.dynbss)
 *(.gnu.linkonce.b*)
 *(.bss*)
 .bss.completed.6484
                0x03000000        0x1 c:/devkitpro/devkitarm/bin/../lib/gcc/arm-none-eabi/7.1.0/thumb/crtbegin.o
 *fill*         0x03000001        0x3 
 .bss.object.6489
                0x03000004       0x18 c:/devkitpro/devkitarm/bin/../lib/gcc/arm-none-eabi/7.1.0/thumb/crtbegin.o
 .bss           0x0300001c        0x4 DM_MarioManager.o
                0x0300001c                iTimer
 .bss           0x03000020     0x6a00 World1Level1_Collisions.o
                0x03000020                iCurrentCollisionMap
 .bss           0x03006a20        0x4 gba_input.o
                0x03006a20                __currKeys
                0x03006a22                __prevKeys
 .bss.fake_heap_end
                0x03006a24        0x4 c:/devkitpro/devkitarm/bin/../lib/gcc/arm-none-eabi/7.1.0/../../../../arm-none-eabi/lib/thumb\libsysbase.a(malloc_vars.o)
                0x03006a24                fake_heap_end
 *(COMMON)
                0x03006a28                . = ALIGN (0x4)
                0x03006a28                __bss_end__ = ABSOLUTE (.)

.data           0x03006a28      0x81c load address 0x0802575c
                0x03006a28                __data_start__ = ABSOLUTE (.)
 *(.data)
 .data          0x03006a28        0x8 DM_MarioManager.o
                0x03006a28                iMapWidth
                0x03006a2c                iMapHeight
 .data          0x03006a30        0xa DM_TileManager.o
                0x03006a30                MAPWIDTH
                0x03006a34                MAPHEIGHT
                0x03006a38                iScrollAmount
 *fill*         0x03006a3a        0x2 ff
 .data          0x03006a3c      0x800 World1MapCollisions.o
                0x03006a3c                World1MapCollision
 .data          0x0300723c        0x4 gab_mathUtil.o
                0x0300723c                __qran_seed
 .data          0x03007240        0x4 gba_gfx.o
                0x03007240                vid_page
 *(.data.*)
 *(.gnu.linkonce.d*)
                0x03007244                . = ALIGN (0x4)
                0x08025f78                __preinit_lma = (__data_lma + SIZEOF (.data))

.igot.plt       0x03007244        0x0 load address 0x08025f78
 .igot.plt      0x03007244        0x0 c:/devkitpro/devkitarm/bin/../lib/gcc/arm-none-eabi/7.1.0/../../../../arm-none-eabi/lib/thumb/gba_crt0.o

.tm_clone_table
                0x03007244        0x0 load address 0x08025f78
 .tm_clone_table
                0x03007244        0x0 c:/devkitpro/devkitarm/bin/../lib/gcc/arm-none-eabi/7.1.0/thumb/crtbegin.o
 .tm_clone_table
                0x03007244        0x0 c:/devkitpro/devkitarm/bin/../lib/gcc/arm-none-eabi/7.1.0/thumb/crtend.o

.preinit_array  0x03007244        0x0 load address 0x08025f78
                0x03007244                __preinit_array_start = ABSOLUTE (.)
 *(.preinit_array)
                0x03007244                __preinit_array_end = ABSOLUTE (.)
                0x08025f78                __init_lma = (__preinit_lma + SIZEOF (.preinit_array))

.init_array     0x03007244        0x4 load address 0x08025f78
                0x03007244                __init_array_start = ABSOLUTE (.)
 *(SORT(.init_array.*))
 *(.init_array)
 .init_array    0x03007244        0x4 c:/devkitpro/devkitarm/bin/../lib/gcc/arm-none-eabi/7.1.0/thumb/crtbegin.o
                0x03007248                __init_array_end = ABSOLUTE (.)
                0x08025f7c                __fini_lma = (__init_lma + SIZEOF (.init_array))

.fini_array     0x03007248        0x4 load address 0x08025f7c
                0x03007248                __fini_array_start = ABSOLUTE (.)
 *(SORT(.fini_array.*))
 *(.fini_array)
 .fini_array    0x03007248        0x4 c:/devkitpro/devkitarm/bin/../lib/gcc/arm-none-eabi/7.1.0/thumb/crtbegin.o
                0x0300724c                __fini_array_end = ABSOLUTE (.)
                0x08025f80                __jcr_lma = (__fini_lma + SIZEOF (.fini_array))

.jcr            0x0300724c        0x0 load address 0x08025f80
 *(.jcr)
                0x0300724c                __data_end__ = ABSOLUTE (.)
                0x08025f80                __iwram_overlay_lma = (__jcr_lma + SIZEOF (.jcr))
                0x0300724c                __iwram_overlay_start = .

.iwram0         0x0300724c        0x0 load address 0x08025f80
 *(.iwram0)
                0x0300724c                . = ALIGN (0x4)
                0x08025f80                PROVIDE (__load_start_iwram0, LOADADDR (.iwram0))
                0x08025f80                PROVIDE (__load_stop_iwram0, (LOADADDR (.iwram0) + SIZEOF (.iwram0)))

.iwram1         0x0300724c        0x0
 *(.iwram1)
                0x0300724c                . = ALIGN (0x4)
                [!provide]                PROVIDE (__load_start_iwram1, LOADADDR (.iwram1))
                [!provide]                PROVIDE (__load_stop_iwram1, (LOADADDR (.iwram1) + SIZEOF (.iwram1)))

.iwram2         0x0300724c        0x0
 *(.iwram2)
                0x0300724c                . = ALIGN (0x4)
                [!provide]                PROVIDE (__load_start_iwram2, LOADADDR (.iwram2))
                [!provide]                PROVIDE (__load_stop_iwram2, (LOADADDR (.iwram2) + SIZEOF (.iwram2)))

.iwram3         0x0300724c        0x0
 *(.iwram3)
                0x0300724c                . = ALIGN (0x4)
                [!provide]                PROVIDE (__load_start_iwram3, LOADADDR (.iwram3))
                [!provide]                PROVIDE (__load_stop_iwram3, (LOADADDR (.iwram3) + SIZEOF (.iwram3)))

.iwram4         0x0300724c        0x0
 *(.iwram4)
                0x0300724c                . = ALIGN (0x4)
                [!provide]                PROVIDE (__load_start_iwram4, LOADADDR (.iwram4))
                [!provide]                PROVIDE (__load_stop_iwram4, (LOADADDR (.iwram4) + SIZEOF (.iwram4)))

.iwram5         0x0300724c        0x0
 *(.iwram5)
                0x0300724c                . = ALIGN (0x4)
                [!provide]                PROVIDE (__load_start_iwram5, LOADADDR (.iwram5))
                [!provide]                PROVIDE (__load_stop_iwram5, (LOADADDR (.iwram5) + SIZEOF (.iwram5)))

.iwram6         0x0300724c        0x0
 *(.iwram6)
                0x0300724c                . = ALIGN (0x4)
                [!provide]                PROVIDE (__load_start_iwram6, LOADADDR (.iwram6))
                [!provide]                PROVIDE (__load_stop_iwram6, (LOADADDR (.iwram6) + SIZEOF (.iwram6)))

.iwram7         0x0300724c        0x0
 *(.iwram7)
                0x0300724c                . = ALIGN (0x4)
                [!provide]                PROVIDE (__load_start_iwram7, LOADADDR (.iwram7))
                [!provide]                PROVIDE (__load_stop_iwram7, (LOADADDR (.iwram7) + SIZEOF (.iwram7)))

.iwram8         0x0300724c        0x0
 *(.iwram8)
                0x0300724c                . = ALIGN (0x4)
                [!provide]                PROVIDE (__load_start_iwram8, LOADADDR (.iwram8))
                [!provide]                PROVIDE (__load_stop_iwram8, (LOADADDR (.iwram8) + SIZEOF (.iwram8)))

.iwram9         0x0300724c        0x0
 *(.iwram9)
                0x0300724c                . = ALIGN (0x4)
                [!provide]                PROVIDE (__load_start_iwram9, LOADADDR (.iwram9))
                [!provide]                PROVIDE (__load_stop_iwram9, (LOADADDR (.iwram9) + SIZEOF (.iwram9)))
                0x0300724c                __iwram_overlay_end = .
                0x08025f80                __ewram_lma = (__iwram_overlay_lma + (__iwram_overlay_end - __iwram_overlay_start))
                0x0300724c                __iheap_start = .
                0x02000000                __ewram_start = ORIGIN (ewram)

.ewram          0x02000000        0x0 load address 0x08025f80
 *(.ewram)
                0x02000000                . = ALIGN (0x4)
                0x02000000                __ewram_end = ABSOLUTE (.)
                0x08025f80                __pad_lma = (__ewram_lma + SIZEOF (.ewram))

.sbss           0x02000000        0x0
                0x02000000                __sbss_start__ = ABSOLUTE (.)
 *(.sbss)
                0x02000000                . = ALIGN (0x4)
                0x02000000                __sbss_end__ = ABSOLUTE (.)
                0x02000000                __end__ = ABSOLUTE (.)
                0x02000000                __eheap_start = ABSOLUTE (.)

.pad            0x02000000        0x8 load address 0x08025f80
                0x02000000        0x4 LONG 0x52416b64
                0x02000004        0x4 LONG 0x4d
                0x02000008                . = ALIGN (0x4)
                0x08025f88                __rom_end__ = (__pad_lma + SIZEOF (.pad))

.stab
 *(.stab)

.stabstr
 *(.stabstr)

.stab.excl
 *(.stab.excl)

.stab.exclstr
 *(.stab.exclstr)

.stab.index
 *(.stab.index)

.stab.indexstr
 *(.stab.indexstr)

.comment        0x00000000       0x22
 *(.comment)
 .comment       0x00000000       0x22 c:/devkitpro/devkitarm/bin/../lib/gcc/arm-none-eabi/7.1.0/thumb/crtbegin.o
                                 0x23 (size before relaxing)
 .comment       0x00000022       0x23 DM_AIManager.o
 .comment       0x00000022       0x23 DM_MarioManager.o
 .comment       0x00000022       0x23 DM_ParticleManager.o
 .comment       0x00000022       0x23 DM_PrizeBlockManager.o
 .comment       0x00000022       0x23 DM_SpriteManager.o
 .comment       0x00000022       0x23 DM_TileManager.o
 .comment       0x00000022       0x23 World1Level1_Collisions.o
 .comment       0x00000022       0x23 World1Level1_Maps.o
 .comment       0x00000022       0x23 World1Level1_Palette.o
 .comment       0x00000022       0x23 World1Level1_Tiles.o
 .comment       0x00000022       0x23 World1Level2_Collisions.o
 .comment       0x00000022       0x23 World1Level2_Maps.o
 .comment       0x00000022       0x23 World1Level2_Palette.o
 .comment       0x00000022       0x23 World1Level2_Tiles.o
 .comment       0x00000022       0x23 World1MapCollisions.o
 .comment       0x00000022       0x23 World1Map_Maps.o
 .comment       0x00000022       0x23 World1Map_Palette.o
 .comment       0x00000022       0x23 World1Map_Tiles.o
 .comment       0x00000022       0x23 main.o
 .comment       0x00000022       0x23 EnemySprites.o
 .comment       0x00000022       0x23 Fireball.o
 .comment       0x00000022       0x23 Mario_Fire.o
 .comment       0x00000022       0x23 Mario_Small.o
 .comment       0x00000022       0x23 Mario_Tall.o
 .comment       0x00000022       0x23 NewParticle.o
 .comment       0x00000022       0x23 Powerups.o
 .comment       0x00000022       0x23 PrizeBlockEmpty.o
 .comment       0x00000022       0x23 ScoreParticle.o
 .comment       0x00000022       0x23 gab_mathUtil.o
 .comment       0x00000022       0x23 gba_gfx.o
 .comment       0x00000022       0x23 gba_input.o
 .comment       0x00000022       0x23 gba_math.o
 .comment       0x00000022       0x23 particles.o
 .comment       0x00000022       0x23 c:/devkitpro/devkitarm/bin/../lib/gcc/arm-none-eabi/7.1.0/../../../../arm-none-eabi/lib/thumb\libg.a(lib_a-init.o)
 .comment       0x00000022       0x23 c:/devkitpro/devkitarm/bin/../lib/gcc/arm-none-eabi/7.1.0/../../../../arm-none-eabi/lib/thumb\libg.a(lib_a-memcpy-stub.o)
 .comment       0x00000022       0x23 c:/devkitpro/devkitarm/bin/../lib/gcc/arm-none-eabi/7.1.0/../../../../arm-none-eabi/lib/thumb\libsysbase.a(malloc_vars.o)
 .comment       0x00000022       0x23 c:/devkitpro/devkitarm/bin/../lib/gcc/arm-none-eabi/7.1.0/thumb/crtend.o

.debug
 *(.debug)

.line
 *(.line)

.debug_srcinfo
 *(.debug_srcinfo)

.debug_sfnames
 *(.debug_sfnames)

.debug_aranges  0x00000000      0x3c0
 *(.debug_aranges)
 .debug_aranges
                0x00000000       0x20 DM_AIManager.o
 .debug_aranges
                0x00000020       0x28 DM_MarioManager.o
 .debug_aranges
                0x00000048       0x20 DM_ParticleManager.o
 .debug_aranges
                0x00000068       0x20 DM_PrizeBlockManager.o
 .debug_aranges
                0x00000088       0x20 DM_SpriteManager.o
 .debug_aranges
                0x000000a8       0x20 DM_TileManager.o
 .debug_aranges
                0x000000c8       0x18 World1Level1_Collisions.o
 .debug_aranges
                0x000000e0       0x18 World1Level1_Maps.o
 .debug_aranges
                0x000000f8       0x18 World1Level1_Palette.o
 .debug_aranges
                0x00000110       0x18 World1Level1_Tiles.o
 .debug_aranges
                0x00000128       0x18 World1Level2_Collisions.o
 .debug_aranges
                0x00000140       0x18 World1Level2_Maps.o
 .debug_aranges
                0x00000158       0x18 World1Level2_Palette.o
 .debug_aranges
                0x00000170       0x18 World1Level2_Tiles.o
 .debug_aranges
                0x00000188       0x18 World1MapCollisions.o
 .debug_aranges
                0x000001a0       0x18 World1Map_Maps.o
 .debug_aranges
                0x000001b8       0x18 World1Map_Palette.o
 .debug_aranges
                0x000001d0       0x18 World1Map_Tiles.o
 .debug_aranges
                0x000001e8       0x70 main.o
 .debug_aranges
                0x00000258       0x18 EnemySprites.o
 .debug_aranges
                0x00000270       0x18 Fireball.o
 .debug_aranges
                0x00000288       0x18 Mario_Fire.o
 .debug_aranges
                0x000002a0       0x18 Mario_Small.o
 .debug_aranges
                0x000002b8       0x18 Mario_Tall.o
 .debug_aranges
                0x000002d0       0x18 NewParticle.o
 .debug_aranges
                0x000002e8       0x18 Powerups.o
 .debug_aranges
                0x00000300       0x18 PrizeBlockEmpty.o
 .debug_aranges
                0x00000318       0x18 ScoreParticle.o
 .debug_aranges
                0x00000330       0x20 gab_mathUtil.o
 .debug_aranges
                0x00000350       0x20 gba_gfx.o
 .debug_aranges
                0x00000370       0x18 gba_input.o
 .debug_aranges
                0x00000388       0x20 gba_math.o
 .debug_aranges
                0x000003a8       0x18 particles.o

.debug_pubnames
 *(.debug_pubnames)

.debug_info     0x00000000     0x92f9
 *(.debug_info)
 .debug_info    0x00000000      0xc95 DM_AIManager.o
 .debug_info    0x00000c95     0x1a25 DM_MarioManager.o
 .debug_info    0x000026ba      0x9d3 DM_ParticleManager.o
 .debug_info    0x0000308d      0xa6b DM_PrizeBlockManager.o
 .debug_info    0x00003af8     0x1306 DM_SpriteManager.o
 .debug_info    0x00004dfe     0x1151 DM_TileManager.o
 .debug_info    0x00005f4f       0xde World1Level1_Collisions.o
 .debug_info    0x0000602d       0xd1 World1Level1_Maps.o
 .debug_info    0x000060fe       0xd1 World1Level1_Palette.o
 .debug_info    0x000061cf       0xd1 World1Level1_Tiles.o
 .debug_info    0x000062a0       0xb3 World1Level2_Collisions.o
 .debug_info    0x00006353       0xb3 World1Level2_Maps.o
 .debug_info    0x00006406       0xb2 World1Level2_Palette.o
 .debug_info    0x000064b8       0xb3 World1Level2_Tiles.o
 .debug_info    0x0000656b       0xd5 World1MapCollisions.o
 .debug_info    0x00006640       0xd5 World1Map_Maps.o
 .debug_info    0x00006715       0xd5 World1Map_Palette.o
 .debug_info    0x000067ea       0xfc World1Map_Tiles.o
 .debug_info    0x000068e6     0x188a main.o
 .debug_info    0x00008170       0x82 EnemySprites.o
 .debug_info    0x000081f2       0x8f Fireball.o
 .debug_info    0x00008281       0x82 Mario_Fire.o
 .debug_info    0x00008303       0x82 Mario_Small.o
 .debug_info    0x00008385       0x82 Mario_Tall.o
 .debug_info    0x00008407       0x81 NewParticle.o
 .debug_info    0x00008488       0x81 Powerups.o
 .debug_info    0x00008509       0x8f PrizeBlockEmpty.o
 .debug_info    0x00008598       0x81 ScoreParticle.o
 .debug_info    0x00008619      0x15f gab_mathUtil.o
 .debug_info    0x00008778      0x791 gba_gfx.o
 .debug_info    0x00008f09       0xb9 gba_input.o
 .debug_info    0x00008fc2      0x2b6 gba_math.o
 .debug_info    0x00009278       0x81 particles.o

.debug_abbrev   0x00000000     0x1b3e
 *(.debug_abbrev)
 .debug_abbrev  0x00000000      0x248 DM_AIManager.o
 .debug_abbrev  0x00000248      0x296 DM_MarioManager.o
 .debug_abbrev  0x000004de      0x1ef DM_ParticleManager.o
 .debug_abbrev  0x000006cd      0x1b8 DM_PrizeBlockManager.o
 .debug_abbrev  0x00000885      0x2a0 DM_SpriteManager.o
 .debug_abbrev  0x00000b25      0x2b1 DM_TileManager.o
 .debug_abbrev  0x00000dd6       0x5b World1Level1_Collisions.o
 .debug_abbrev  0x00000e31       0x5b World1Level1_Maps.o
 .debug_abbrev  0x00000e8c       0x5b World1Level1_Palette.o
 .debug_abbrev  0x00000ee7       0x5b World1Level1_Tiles.o
 .debug_abbrev  0x00000f42       0x5b World1Level2_Collisions.o
 .debug_abbrev  0x00000f9d       0x5b World1Level2_Maps.o
 .debug_abbrev  0x00000ff8       0x59 World1Level2_Palette.o
 .debug_abbrev  0x00001051       0x5b World1Level2_Tiles.o
 .debug_abbrev  0x000010ac       0x5b World1MapCollisions.o
 .debug_abbrev  0x00001107       0x5b World1Map_Maps.o
 .debug_abbrev  0x00001162       0x5b World1Map_Palette.o
 .debug_abbrev  0x000011bd       0x5b World1Map_Tiles.o
 .debug_abbrev  0x00001218      0x291 main.o
 .debug_abbrev  0x000014a9       0x51 EnemySprites.o
 .debug_abbrev  0x000014fa       0x52 Fireball.o
 .debug_abbrev  0x0000154c       0x51 Mario_Fire.o
 .debug_abbrev  0x0000159d       0x51 Mario_Small.o
 .debug_abbrev  0x000015ee       0x51 Mario_Tall.o
 .debug_abbrev  0x0000163f       0x48 NewParticle.o
 .debug_abbrev  0x00001687       0x48 Powerups.o
 .debug_abbrev  0x000016cf       0x52 PrizeBlockEmpty.o
 .debug_abbrev  0x00001721       0x48 ScoreParticle.o
 .debug_abbrev  0x00001769       0xea gab_mathUtil.o
 .debug_abbrev  0x00001853      0x191 gba_gfx.o
 .debug_abbrev  0x000019e4       0x5e gba_input.o
 .debug_abbrev  0x00001a42       0xb4 gba_math.o
 .debug_abbrev  0x00001af6       0x48 particles.o

.debug_line     0x00000000     0x2827
 *(.debug_line)
 .debug_line    0x00000000      0x2e3 DM_AIManager.o
 .debug_line    0x000002e3      0x637 DM_MarioManager.o
 .debug_line    0x0000091a      0x272 DM_ParticleManager.o
 .debug_line    0x00000b8c      0x21c DM_PrizeBlockManager.o
 .debug_line    0x00000da8      0x25f DM_SpriteManager.o
 .debug_line    0x00001007      0x2d2 DM_TileManager.o
 .debug_line    0x000012d9       0xab World1Level1_Collisions.o
 .debug_line    0x00001384       0xa5 World1Level1_Maps.o
 .debug_line    0x00001429       0xa8 World1Level1_Palette.o
 .debug_line    0x000014d1       0xa6 World1Level1_Tiles.o
 .debug_line    0x00001577       0xab World1Level2_Collisions.o
 .debug_line    0x00001622       0xa5 World1Level2_Maps.o
 .debug_line    0x000016c7       0xa8 World1Level2_Palette.o
 .debug_line    0x0000176f       0xa6 World1Level2_Tiles.o
 .debug_line    0x00001815       0xa4 World1MapCollisions.o
 .debug_line    0x000018b9       0x9f World1Map_Maps.o
 .debug_line    0x00001958       0xa2 World1Map_Palette.o
 .debug_line    0x000019fa       0xa0 World1Map_Tiles.o
 .debug_line    0x00001a9a      0x426 main.o
 .debug_line    0x00001ec0       0x59 EnemySprites.o
 .debug_line    0x00001f19       0x8e Fireball.o
 .debug_line    0x00001fa7       0x57 Mario_Fire.o
 .debug_line    0x00001ffe       0x58 Mario_Small.o
 .debug_line    0x00002056       0x57 Mario_Tall.o
 .debug_line    0x000020ad       0x58 NewParticle.o
 .debug_line    0x00002105       0x55 Powerups.o
 .debug_line    0x0000215a       0x9c PrizeBlockEmpty.o
 .debug_line    0x000021f6       0x5a ScoreParticle.o
 .debug_line    0x00002250      0x15c gab_mathUtil.o
 .debug_line    0x000023ac      0x1b1 gba_gfx.o
 .debug_line    0x0000255d      0x126 gba_input.o
 .debug_line    0x00002683      0x14e gba_math.o
 .debug_line    0x000027d1       0x56 particles.o

.debug_frame    0x00000000      0xcd4
 *(.debug_frame)
 .debug_frame   0x00000000       0xd4 DM_AIManager.o
 .debug_frame   0x000000d4      0x264 DM_MarioManager.o
 .debug_frame   0x00000338       0xd4 DM_ParticleManager.o
 .debug_frame   0x0000040c       0x74 DM_PrizeBlockManager.o
 .debug_frame   0x00000480      0x1b4 DM_SpriteManager.o
 .debug_frame   0x00000634       0xb0 DM_TileManager.o
 .debug_frame   0x000006e4      0x1a0 main.o
 .debug_frame   0x00000884       0x8c gab_mathUtil.o
 .debug_frame   0x00000910      0x274 gba_gfx.o
 .debug_frame   0x00000b84      0x150 gba_math.o

.debug_str      0x00000000     0x2d87
 *(.debug_str)
 .debug_str     0x00000000      0x9fd DM_AIManager.o
                                0xaab (size before relaxing)
 .debug_str     0x000009fd      0xc6a DM_MarioManager.o
                               0x14b6 (size before relaxing)
 .debug_str     0x00001667       0xfa DM_ParticleManager.o
                                0x7e6 (size before relaxing)
 .debug_str     0x00001761       0x98 DM_PrizeBlockManager.o
                                0x8f0 (size before relaxing)
 .debug_str     0x000017f9      0x573 DM_SpriteManager.o
                                0xa4c (size before relaxing)
 .debug_str     0x00001d6c      0x2d9 DM_TileManager.o
                                0x971 (size before relaxing)
 .debug_str     0x00002045       0xa7 World1Level1_Collisions.o
                                0x15d (size before relaxing)
 .debug_str     0x000020ec       0x40 World1Level1_Maps.o
                                0x157 (size before relaxing)
 .debug_str     0x0000212c       0x43 World1Level1_Palette.o
                                0x15a (size before relaxing)
 .debug_str     0x0000216f       0x41 World1Level1_Tiles.o
                                0x158 (size before relaxing)
 .debug_str     0x000021b0       0x92 World1Level2_Collisions.o
                                0x148 (size before relaxing)
 .debug_str     0x00002242       0x40 World1Level2_Maps.o
                                0x142 (size before relaxing)
 .debug_str     0x00002282       0x43 World1Level2_Palette.o
                                0x145 (size before relaxing)
 .debug_str     0x000022c5       0x41 World1Level2_Tiles.o
                                0x143 (size before relaxing)
 .debug_str     0x00002306       0xb3 World1MapCollisions.o
                                0x169 (size before relaxing)
 .debug_str     0x000023b9       0x3d World1Map_Maps.o
                                0x164 (size before relaxing)
 .debug_str     0x000023f6       0x40 World1Map_Palette.o
                                0x167 (size before relaxing)
 .debug_str     0x00002436       0x3e World1Map_Tiles.o
                                0x165 (size before relaxing)
 .debug_str     0x00002474      0x2f2 main.o
                               0x1512 (size before relaxing)
 .debug_str     0x00002766       0x8a EnemySprites.o
                                 0xf5 (size before relaxing)
 .debug_str     0x000027f0       0x35 Fireball.o
                                 0xe9 (size before relaxing)
 .debug_str     0x00002825       0x37 Mario_Fire.o
                                 0xef (size before relaxing)
 .debug_str     0x0000285c       0x38 Mario_Small.o
                                 0xf2 (size before relaxing)
 .debug_str     0x00002894       0x37 Mario_Tall.o
                                 0xef (size before relaxing)
 .debug_str     0x000028cb       0x38 NewParticle.o
                                 0xf2 (size before relaxing)
 .debug_str     0x00002903       0x35 Powerups.o
                                 0xe9 (size before relaxing)
 .debug_str     0x00002938       0x3c PrizeBlockEmpty.o
                                 0xfe (size before relaxing)
 .debug_str     0x00002974       0x3a ScoreParticle.o
                                 0xf8 (size before relaxing)
 .debug_str     0x000029ae       0x5c gab_mathUtil.o
                                0x182 (size before relaxing)
 .debug_str     0x00002a0a      0x263 gba_gfx.o
                                0x457 (size before relaxing)
 .debug_str     0x00002c6d       0x36 gba_input.o
                                0x15e (size before relaxing)
 .debug_str     0x00002ca3       0x92 gba_math.o
                                0x1c2 (size before relaxing)
 .debug_str     0x00002d35       0x52 particles.o
                                 0xec (size before relaxing)

.debug_loc      0x00000000     0x14f2
 *(.debug_loc)
 .debug_loc     0x00000000      0x153 DM_AIManager.o
 .debug_loc     0x00000153      0x401 DM_MarioManager.o
 .debug_loc     0x00000554      0x150 DM_ParticleManager.o
 .debug_loc     0x000006a4       0xa8 DM_PrizeBlockManager.o
 .debug_loc     0x0000074c      0x2d8 DM_SpriteManager.o
 .debug_loc     0x00000a24      0x118 DM_TileManager.o
 .debug_loc     0x00000b3c      0x2a2 main.o
 .debug_loc     0x00000dde       0xd4 gab_mathUtil.o
 .debug_loc     0x00000eb2      0x410 gba_gfx.o
 .debug_loc     0x000012c2      0x230 gba_math.o

.debug_macinfo
 *(.debug_macinfo)

.debug_weaknames
 *(.debug_weaknames)

.debug_funcnames
 *(.debug_funcnames)

.debug_typenames
 *(.debug_typenames)

.debug_varnames
 *(.debug_varnames)

.stack          0x00080000        0x0
                0x00080000                _stack = .
 *(.stack)

.note.gnu.arm.ident
 *(.note.gnu.arm.ident)

.ARM.attributes
                0x00000000       0x2c
 *(.ARM.attributes)
 .ARM.attributes
                0x00000000       0x20 c:/devkitpro/devkitarm/bin/../lib/gcc/arm-none-eabi/7.1.0/../../../../arm-none-eabi/lib/thumb/gba_crt0.o
 .ARM.attributes
                0x00000020       0x16 c:/devkitpro/devkitarm/bin/../lib/gcc/arm-none-eabi/7.1.0/thumb/crti.o
 .ARM.attributes
                0x00000036       0x30 c:/devkitpro/devkitarm/bin/../lib/gcc/arm-none-eabi/7.1.0/thumb/crtbegin.o
 .ARM.attributes
                0x00000066       0x30 DM_AIManager.o
 .ARM.attributes
                0x00000096       0x30 DM_MarioManager.o
 .ARM.attributes
                0x000000c6       0x30 DM_ParticleManager.o
 .ARM.attributes
                0x000000f6       0x30 DM_PrizeBlockManager.o
 .ARM.attributes
                0x00000126       0x30 DM_SpriteManager.o
 .ARM.attributes
                0x00000156       0x30 DM_TileManager.o
 .ARM.attributes
                0x00000186       0x30 World1Level1_Collisions.o
 .ARM.attributes
                0x000001b6       0x30 World1Level1_Maps.o
 .ARM.attributes
                0x000001e6       0x30 World1Level1_Palette.o
 .ARM.attributes
                0x00000216       0x30 World1Level1_Tiles.o
 .ARM.attributes
                0x00000246       0x30 World1Level2_Collisions.o
 .ARM.attributes
                0x00000276       0x30 World1Level2_Maps.o
 .ARM.attributes
                0x000002a6       0x30 World1Level2_Palette.o
 .ARM.attributes
                0x000002d6       0x30 World1Level2_Tiles.o
 .ARM.attributes
                0x00000306       0x30 World1MapCollisions.o
 .ARM.attributes
                0x00000336       0x30 World1Map_Maps.o
 .ARM.attributes
                0x00000366       0x30 World1Map_Palette.o
 .ARM.attributes
                0x00000396       0x30 World1Map_Tiles.o
 .ARM.attributes
                0x000003c6       0x30 main.o
 .ARM.attributes
                0x000003f6       0x30 EnemySprites.o
 .ARM.attributes
                0x00000426       0x30 Fireball.o
 .ARM.attributes
                0x00000456       0x30 Mario_Fire.o
 .ARM.attributes
                0x00000486       0x30 Mario_Small.o
 .ARM.attributes
                0x000004b6       0x30 Mario_Tall.o
 .ARM.attributes
                0x000004e6       0x30 NewParticle.o
 .ARM.attributes
                0x00000516       0x30 Powerups.o
 .ARM.attributes
                0x00000546       0x30 PrizeBlockEmpty.o
 .ARM.attributes
                0x00000576       0x30 ScoreParticle.o
 .ARM.attributes
                0x000005a6       0x30 gab_mathUtil.o
 .ARM.attributes
                0x000005d6       0x30 gba_gfx.o
 .ARM.attributes
                0x00000606       0x30 gba_input.o
 .ARM.attributes
                0x00000636       0x30 gba_math.o
 .ARM.attributes
                0x00000666       0x30 particles.o
 .ARM.attributes
                0x00000696       0x18 c:/devkitpro/devkitarm/bin/../lib/gcc/arm-none-eabi/7.1.0/thumb\libgcc.a(_divsi3.o)
 .ARM.attributes
                0x000006ae       0x16 c:/devkitpro/devkitarm/bin/../lib/gcc/arm-none-eabi/7.1.0/thumb\libgcc.a(_dvmd_tls.o)
 .ARM.attributes
                0x000006c4       0x18 c:/devkitpro/devkitarm/bin/../lib/gcc/arm-none-eabi/7.1.0/thumb\libgcc.a(_arm_addsubsf3.o)
 .ARM.attributes
                0x000006dc       0x18 c:/devkitpro/devkitarm/bin/../lib/gcc/arm-none-eabi/7.1.0/thumb\libgcc.a(_arm_muldivsf3.o)
 .ARM.attributes
                0x000006f4       0x18 c:/devkitpro/devkitarm/bin/../lib/gcc/arm-none-eabi/7.1.0/thumb\libgcc.a(_arm_fixsfsi.o)
 .ARM.attributes
                0x0000070c       0x30 c:/devkitpro/devkitarm/bin/../lib/gcc/arm-none-eabi/7.1.0/../../../../arm-none-eabi/lib/thumb\libg.a(lib_a-init.o)
 .ARM.attributes
                0x0000073c       0x30 c:/devkitpro/devkitarm/bin/../lib/gcc/arm-none-eabi/7.1.0/../../../../arm-none-eabi/lib/thumb\libg.a(lib_a-memcpy-stub.o)
 .ARM.attributes
                0x0000076c       0x30 c:/devkitpro/devkitarm/bin/../lib/gcc/arm-none-eabi/7.1.0/../../../../arm-none-eabi/lib/thumb\libsysbase.a(malloc_vars.o)
 .ARM.attributes
                0x0000079c       0x30 c:/devkitpro/devkitarm/bin/../lib/gcc/arm-none-eabi/7.1.0/thumb/crtend.o
 .ARM.attributes
                0x000007cc       0x16 c:/devkitpro/devkitarm/bin/../lib/gcc/arm-none-eabi/7.1.0/thumb/crtn.o

/DISCARD/
 *(.note.GNU-stack)
LOAD c:/devkitpro/devkitarm/bin/../lib/gcc/arm-none-eabi/7.1.0/../../../../arm-none-eabi/lib/thumb/gba_crt0.o
LOAD c:/devkitpro/devkitarm/bin/../lib/gcc/arm-none-eabi/7.1.0/thumb/crti.o
LOAD c:/devkitpro/devkitarm/bin/../lib/gcc/arm-none-eabi/7.1.0/thumb/crtbegin.o
LOAD DM_AIManager.o
LOAD DM_MarioManager.o
LOAD DM_ParticleManager.o
LOAD DM_PrizeBlockManager.o
LOAD DM_SpriteManager.o
LOAD DM_TileManager.o
LOAD World1Level1_Collisions.o
LOAD World1Level1_Maps.o
LOAD World1Level1_Palette.o
LOAD World1Level1_Tiles.o
LOAD World1Level2_Collisions.o
LOAD World1Level2_Maps.o
LOAD World1Level2_Palette.o
LOAD World1Level2_Tiles.o
LOAD World1MapCollisions.o
LOAD World1Map_Maps.o
LOAD World1Map_Palette.o
LOAD World1Map_Tiles.o
LOAD main.o
LOAD EnemySprites.o
LOAD Fireball.o
LOAD Mario_Fire.o
LOAD Mario_Small.o
LOAD Mario_Tall.o
LOAD NewParticle.o
LOAD Powerups.o
LOAD PrizeBlockEmpty.o
LOAD ScoreParticle.o
LOAD gab_mathUtil.o
LOAD gba_gfx.o
LOAD gba_input.o
LOAD gba_math.o
LOAD particles.o
LOAD c:/devkitPro/libgba/lib\libmm.a
LOAD c:/devkitPro/libgba/lib\libgba.a
LOAD c:/devkitpro/devkitarm/bin/../lib/gcc/arm-none-eabi/7.1.0/../../../../arm-none-eabi/lib/thumb\libstdc++.a
LOAD c:/devkitpro/devkitarm/bin/../lib/gcc/arm-none-eabi/7.1.0/../../../../arm-none-eabi/lib/thumb\libm.a
START GROUP
LOAD c:/devkitpro/devkitarm/bin/../lib/gcc/arm-none-eabi/7.1.0/thumb\libgcc.a
LOAD c:/devkitpro/devkitarm/bin/../lib/gcc/arm-none-eabi/7.1.0/../../../../arm-none-eabi/lib/thumb\libg.a
LOAD c:/devkitpro/devkitarm/bin/../lib/gcc/arm-none-eabi/7.1.0/../../../../arm-none-eabi/lib/thumb\libc.a
LOAD c:/devkitpro/devkitarm/bin/../lib/gcc/arm-none-eabi/7.1.0/../../../../arm-none-eabi/lib/thumb\libsysbase.a
END GROUP
LOAD c:/devkitpro/devkitarm/bin/../lib/gcc/arm-none-eabi/7.1.0/thumb/crtend.o
LOAD c:/devkitpro/devkitarm/bin/../lib/gcc/arm-none-eabi/7.1.0/thumb/crtn.o
OUTPUT(c:/Users/Betat/Documents/gba-mario/gba-mario.elf elf32-littlearm)

.debug_ranges   0x00000000       0xa8
 .debug_ranges  0x00000000       0x18 DM_AIManager.o
 .debug_ranges  0x00000018       0x30 DM_MarioManager.o
 .debug_ranges  0x00000048       0x60 main.o
